******************************************************************************
                  TI ARM Linker PC v16.3.0                     
******************************************************************************
>> Linked Tue Oct 11 15:29:33 2016

OUTPUT FILE NAME:   <MSP432_data_Logger_V1.0.out>
ENTRY POINT SYMBOL: "_c_int00"  address: 0000a115


MEMORY CONFIGURATION

         name            origin    length      used     unused   attr    fill
----------------------  --------  ---------  --------  --------  ----  --------
  MAIN                  00000000   00040000  0000fb4c  000304b4  R  X
  INFO                  00200000   00004000  00000000  00004000  R  X
  SRAM_CODE             01000000   00010000  00000000  00010000  RW X
  SRAM_DATA             20000000   00010000  00005ca2  0000a35e  RW  


SEGMENT ALLOCATION MAP

run origin  load origin   length   init length attrs members
----------  ----------- ---------- ----------- ----- -------
00000000    00000000    0000fb5c   0000fb5c    r-x
  00000000    00000000    0000003c   0000003c    r-- .resetVecs
  00000040    00000040    0000d502   0000d502    r-x .text
  0000d548    0000d548    00002112   00002112    r-- .const
  0000f660    0000f660    000004fc   000004fc    r-- .cinit
20000000    20000000    000059a8   00000000    rw-
  20000000    20000000    00000140   00000000    rw- .vecs
  20000140    20000140    000050ba   00000000    rw- .bss
  20005200    20005200    000007a8   00000000    rw- .data
2000fd00    2000fd00    00000300   00000000    rw-
  2000fd00    2000fd00    00000300   00000000    rw- .stack


SECTION ALLOCATION MAP

 output                                  attributes/
section   page    origin      length       input sections
--------  ----  ----------  ----------   ----------------
.text      0    00000040    0000d502     
                  00000040    00001110     rtsv7M4_T_le_v4SPD16_eabi.lib : _printfi.obj (.text)
                  00001150    00000924                                   : _scanfi.obj (.text)
                  00001a74    000004a4     fatsdraw.obj (.text:task_Uart_Fxn)
                  00001f18    00000430     sysbios.aem4f : BIOS.obj (.text:ti_sysbios_family_arm_m3_Hwi_excDumpRegs__I)
                  00002348    0000034c     ti.targets.arm.rtsarm.aem4f : System.oem4f (.text:xdc_runtime_System_doPrint__I)
                  00002694    00000324     ti.mw.fatfs.aem4f : ff.oem4f (.text:find_volume)
                  000029b8    00000324     rtsv7M4_T_le_v4SPD16_eabi.lib : trgdrv.obj (.text)
                  00002cdc    0000030c                                   : lowlev.obj (.text)
                  00002fe8    000002a8     fatsdraw.obj (.text:hwi_GetADS1281Data_Fxn)
                  00003290    0000029c     rtsv7M4_T_le_v4SPD16_eabi.lib : mktime.obj (.text)
                  0000352c    00000260     drivers_MSP432P401R.aem4f : UARTMSP432.oem4f (.text:UARTMSP432_open)
                  0000378c    0000023c                               : SDSPIMSP432.oem4f (.text:SDSPIMSP432_diskInitialize)
                  000039c8    0000023c     rtsv7M4_T_le_v4SPD16_eabi.lib : strtod.obj (.text)
                  00003c04    0000021e                                   : ll_div_t2.obj (.text)
                  00003e22    000001f4                                   : ull_div_t2.obj (.text)
                  00004016    00000002     power_tirtos_MSP432P401R.aem4f : PowerMSP432_tirtos.oem4f (.text:PowerMSP432_initPolicy)
                  00004018    000001e4     rtsv7M4_T_le_v4SPD16_eabi.lib : strtoll.obj (.text)
                  000041fc    000001c4     drivers_MSP432P401R.aem4f : SDSPIMSP432.oem4f (.text:send_cmd)
                  000043c0    000001b6     rtsv7M4_T_le_v4SPD16_eabi.lib : fd_add_t2.obj (.text)
                  00004576    00000002                                   : i_div0.obj (.text)
                  00004578    000001b0     fatsdraw.obj (.text:task_WriteSD_Fxn)
                  00004728    000001a4     ti.mw.fatfs.aem4f : ff.oem4f (.text:f_write)
                  000048cc    000001a0     msp432p4xx_driverlib.lib : pcm.o (.text:__PCM_setPowerStateAdvanced)
                  00004a6c    0000019c     drivers_MSP432P401R.aem4f : SDSPIMSP432.oem4f (.text:SDSPIMSP432_open)
                  00004c08    00000194     hp_time_po.obj (.text:ms_timestr2hptime)
                  00004d9c    00000178     ti.mw.fatfs.aem4f : ff.oem4f (.text:f_read)
                  00004f14    00000004     msp432p4xx_driverlib.lib : cpu.o (.text:CPU_wfi)
                  00004f18    00000174     sysbios.aem4f : BIOS.obj (.text:ti_sysbios_family_arm_m3_Hwi_excBusFault__I)
                  0000508c    0000016c     rtsv7M4_T_le_v4SPD16_eabi.lib : strtoull.obj (.text)
                  000051f8    00000164     ti.mw.fatfs.aem4f : ff.oem4f (.text:f_open)
                  0000535c    00000004     msp432p4xx_driverlib.lib : spi.o (.text:EUSCI_A_SPI_transmitData)
                  00005360    00000164     sysbios.aem4f : BIOS.obj (.text:ti_sysbios_family_arm_m3_Hwi_excUsageFault__I)
                  000054c4    00000162     drivers_MSP432P401R.aem4f : SDSPIMSP432.oem4f (.text:xmit_datablock)
                  00005626    0000015a     ti.mw.fatfs.aem4f : ff.oem4f (.text:f_lseek)
                  00005780    00000148     sysbios.aem4f : BIOS.obj (.text:ti_sysbios_family_arm_m3_Hwi_excMemFault__I)
                  000058c8    00000140     drivers_MSP432P401R.aem4f : GPIOMSP432.oem4f (.text:GPIO_setConfig)
                  00005a08    00000138     rtsv7M4_T_le_v4SPD16_eabi.lib : localtim.obj (.text)
                  00005b40    00000138     sysbios.aem4f : BIOS.obj (.text:ti_sysbios_knl_Semaphore_pend__E)
                  00005c78    00000136     rtsv7M4_T_le_v4SPD16_eabi.lib : fd_div_t2.obj (.text)
                  00005dae    00000002                                   : l_div0.obj (.text)
                  00005db0    00000134                                   : strtol.obj (.text)
                  00005ee4    00000123     ti.mw.fatfs.aem4f : ff.oem4f (.text:create_name)
                  00006007    00000001     --HOLE-- [fill = 0]
                  00006008    00000118     ti.targets.arm.rtsarm.aem4f : Error.oem4f (.text:xdc_runtime_Error_policyDefault__E)
                  00006120    00000114     rtsv7M4_T_le_v4SPD16_eabi.lib : strtoul.obj (.text)
                  00006234    00000110     drivers_MSP432P401R.aem4f : SDSPIMSP432.oem4f (.text:SDSPIMSP432_diskIOctrl)
                  00006344    00000004     msp432p4xx_driverlib.lib : spi.o (.text:EUSCI_B_SPI_transmitData)
                  00006348    0000010c     sysbios.aem4f : BIOS.obj (.text:ti_sysbios_family_arm_m3_Hwi_excFillContext__I)
                  00006454    00000004     tirtosport.aem4f : HwiP_tirtos.oem4f (.text:HwiP_disable)
                  00006458    00000108     sysbios.aem4f : BIOS.obj (.text:ti_sysbios_family_arm_m3_Hwi_excHandlerMax__I)
                  00006560    00000104     hp_time_po.obj (.text:ms_md2doy)
                  00006664    00000100     drivers_MSP432P401R.aem4f : SDSPIMSP432.oem4f (.text:SDSPIMSP432_diskWrite)
                  00006764    00000100     ti.targets.arm.rtsarm.aem4f : Core-mem.oem4f (.text:xdc_runtime_Core_createObject__I)
                  00006864    000000fe     ti.mw.fatfs.aem4f : ff.oem4f (.text:f_rename)
                  00006962    000000fc     rtsv7M4_T_le_v4SPD16_eabi.lib : fd_mul_t2.obj (.text)
                  00006a5e    00000002     fatsdraw_pem4f.oem4f (.text:ti_sysbios_BIOS_nullFunc__I)
                  00006a60    000000fc     rtsv7M4_T_le_v4SPD16_eabi.lib : s_scalbn.obj (.text)
                  00006b5c    000000fa     ti.mw.fatfs.aem4f : ff.oem4f (.text:dir_next)
                  00006c56    00000002     --HOLE-- [fill = 0]
                  00006c58    000000f8     fatsdraw.obj (.text:main)
                  00006d50    000000f8     ti.targets.arm.rtsarm.aem4f : Startup.oem4f (.text:xdc_runtime_Startup_startMods__I)
                  00006e48    000000f8     fatsdraw_pem4f.oem4f (.text:xdc_runtime_System_printfExtend__I)
                  00006f40    000000f4     drivers_MSP432P401R.aem4f : PowerMSP432.oem4f (.text:Power_sleep)
                  00007034    000000f4     sysbios.aem4f : m3_Hwi_asm.obj (.text:ti_sysbios_family_arm_m3_Hwi_dispatch__I)
                  00007128    000000f0     drivers_MSP432P401R.aem4f : PowerMSP432.oem4f (.text:initPerfControl)
                  00007218    000000f0                               : SDSPIMSP432.oem4f (.text:rcvr_datablock)
                  00007308    000000ec     ti.mw.fatfs.aem4f : ff.oem4f (.text:put_fat)
                  000073f4    000000e0     msp432p4xx_driverlib.lib : cs.o (.text:CS_initClockSignal)
                  000074d4    000000e0     drivers_MSP432P401R.aem4f : SDSPIMSP432.oem4f (.text:SDSPIMSP432_diskRead)
                  000075b4    000000dc     msp432p4xx_driverlib.lib : pcm.o (.text:__PCM_setPowerModeAdvanced)
                  00007690    000000d8     hp_time_po.obj (.text:ms_btime2hptime)
                  00007768    000000d6     ti.mw.fatfs.aem4f : ff.oem4f (.text:get_fat)
                  0000783e    00000002     --HOLE-- [fill = 0]
                  00007840    000000cc     rtsv7M4_T_le_v4SPD16_eabi.lib : sscanf.obj (.text)
                  0000790c    00000004     drivers_MSP432P401R.aem4f : List.oem4f (.text:List_head)
                  00007910    000000cc     sysbios.aem4f : BIOS.obj (.text:ti_sysbios_heaps_HeapMem_alloc__E)
                  000079dc    00000004     drivers_MSP432P401R.aem4f : List.oem4f (.text:List_next)
                  000079e0    000000cc     sysbios.aem4f : BIOS.obj (.text:ti_sysbios_knl_Task_Instance_init__E)
                  00007aac    000000cc     ti.targets.arm.rtsarm.aem4f : Core-smem.oem4f (.text:xdc_runtime_Core_constructObject__I)
                  00007b78    000000c0     sysbios.aem4f : BIOS.obj (.text:ti_sysbios_knl_Task_sleep__E)
                  00007c38    000000bc                   : BIOS.obj (.text:ti_sysbios_family_arm_m3_Hwi_excDebugMon__I)
                  00007cf4    00000004     drivers_MSP432P401R.aem4f : PowerMSP432.oem4f (.text:PowerMSP432_getNumPerfLevels)
                  00007cf8    000000bc     sysbios.aem4f : BIOS.obj (.text:ti_sysbios_family_arm_m3_Hwi_excHardFault__I)
                  00007db4    00000004     ti.mw.fatfs.aem4f : ffosal.oem4f (.text:ff_rel_grant)
                  00007db8    000000bc     sysbios.aem4f : BIOS.obj (.text:ti_sysbios_knl_Task_Instance_finalize__E)
                  00007e74    000000b8     ti.mw.fatfs.aem4f : ffcio.oem4f (.text:ffcio_open)
                  00007f2c    000000b4                       : ff.oem4f (.text:sync_fs)
                  00007fe0    000000b4     sysbios.aem4f : BIOS.obj (.text:ti_sysbios_knl_Task_checkStacks__E)
                  00008094    000000b0     drivers_MSP432P401R.aem4f : UARTMSP432.oem4f (.text:UARTMSP432_readPolling)
                  00008144    000000b0     msp432p4xx_driverlib.lib : pcm.o (.text:__PCM_setCoreVoltageLevelAdvanced)
                  000081f4    000000a8     ti.mw.fatfs.aem4f : ff.oem4f (.text:create_chain)
                  0000829c    00000004                       : diskio.oem4f (.text:get_fattime)
                  000082a0    000000a8     sysbios.aem4f : BIOS.obj (.text:ti_sysbios_family_arm_msp432_Timer_periodicStub__E)
                  00008348    000000a4     drivers_MSP432P401R.aem4f : UARTMSP432.oem4f (.text:UARTMSP432_control)
                  000083ec    000000a4     ti.mw.fatfs.aem4f : ff.oem4f (.text:f_unlink)
                  00008490    000000a0     auto_init.aem4f : auto_init.oem4f (.text)
                  00008530    000000a0     ti.targets.arm.rtsarm.aem4f : Text.oem4f (.text:xdc_runtime_Text_putMod__E)
                  000085d0    0000009c     ti.mw.fatfs.aem4f : ff.oem4f (.text:f_sync)
                  0000866c    0000009c     drivers_MSP432P401R.aem4f : UARTMSP432.oem4f (.text:readTaskBlocking)
                  00008708    0000009c     rtsv7M4_T_le_v4SPD16_eabi.lib : memcpy_t2.obj (.text)
                  000087a4    0000009a     ti.targets.arm.rtsarm.aem4f : Text.oem4f (.text:xdc_runtime_Text_putSite__E)
                  0000883e    00000002     --HOLE-- [fill = 0]
                  00008840    00000094     msp432p4xx_driverlib.lib : uart.o (.text:UART_initModule)
                  000088d4    00000094     hp_time_po.obj (.text:ms_time2hptime_int)
                  00008968    00000094     sysbios.aem4f : BIOS.obj (.text:ti_sysbios_family_arm_m3_Hwi_Instance_init__E)
                  000089fc    00000004     fatsdraw_pem4f.oem4f (.text:ti_sysbios_BIOS_RtsGateProxy_enter__E)
                  00008a00    00000094     sysbios.aem4f : BIOS.obj (.text:ti_sysbios_family_arm_m3_Hwi_initNVIC__E)
                  00008a94    0000008c                   : m3_TaskSupport_asm.obj (.text:ti_sysbios_family_arm_m3_TaskSupport_buildTaskStack)
                  00008b20    0000008c                   : BIOS.obj (.text:ti_sysbios_knl_Task_postInit__I)
                  00008bac    0000008a     drivers_MSP432P401R.aem4f : UARTMSP432.oem4f (.text:UARTMSP432_close)
                  00008c36    00000088     msp432p4xx_driverlib.lib : spi.o (.text:SPI_initMaster)
                  00008cbe    00000002     --HOLE-- [fill = 0]
                  00008cc0    00000088     drivers_MSP432P401R.aem4f : SDSPIMSP432.oem4f (.text:wait_ready)
                  00008d48    00000086     rtsv7M4_T_le_v4SPD16_eabi.lib : fd_cmp_t2.obj (.text:__aeabi_cdcmple)
                  00008dce    00000086                                   : fd_cmp_t2.obj (.text:__aeabi_cdrcmple)
                  00008e54    00000084     drivers_MSP432P401R.aem4f : UARTMSP432.oem4f (.text:initHw)
                  00008ed8    00000084     sysbios.aem4f : BIOS.obj (.text:ti_sysbios_family_arm_m3_Hwi_postInit__I)
                  00008f5c    00000084     drivers_MSP432P401R.aem4f : UARTMSP432.oem4f (.text:writeData)
                  00008fe0    00000082                               : UARTMSP432.oem4f (.text:readIsrTextCallback)
                  00009062    0000007e     ti.mw.fatfs.aem4f : ff.oem4f (.text:dir_sdi)
                  000090e0    0000007c     fatsdraw.obj (.text:Get_Logger_Time)
                  0000915c    0000007c     msp432p4xx_driverlib.lib : pcm.o (.text:PCM_gotoLPM3)
                  000091d8    0000007c     ti.mw.fatfs.aem4f : ff.oem4f (.text:f_mount)
                  00009254    00000004     fatsdraw_pem4f.oem4f (.text:ti_sysbios_BIOS_RtsGateProxy_leave__E)
                  00009258    0000007c     sysbios.aem4f : BIOS.obj (.text:ti_sysbios_heaps_HeapMem_free__E)
                  000092d4    0000007a     drivers_MSP432P401R.aem4f : UARTMSP432.oem4f (.text:UARTMSP432_write)
                  0000934e    0000007a                               : UARTMSP432.oem4f (.text:readTaskCallback)
                  000093c8    0000007a     rtsv7M4_T_le_v4SPD16_eabi.lib : memset_t2.obj (.text)
                  00009442    00000002     --HOLE-- [fill = 0]
                  00009444    00000074     ti.mw.fatfs.aem4f : ff.oem4f (.text:check_fs)
                  000094b8    00000074     drivers_MSP432P401R.aem4f : UARTMSP432.oem4f (.text:readIsrTextBlocking)
                  0000952c    00000070                               : SDSPIMSP432.oem4f (.text:SDSPIMSP432_close)
                  0000959c    00000004     fatsdraw_pem4f.oem4f (.text:ti_sysbios_family_arm_m3_Hwi_destruct)
                  000095a0    00000070     sysbios.aem4f : BIOS.obj (.text:ti_sysbios_knl_Semaphore_post__E)
                  00009610    0000006e     rtsv7M4_T_le_v4SPD16_eabi.lib : fd_tos_t2.obj (.text)
                  0000967e    00000002     --HOLE-- [fill = 0]
                  00009680    0000006d     ti.targets.arm.rtsarm.aem4f : System.oem4f (.text:xdc_runtime_System_formatNum__I)
                  000096ed    00000003     --HOLE-- [fill = 0]
                  000096f0    0000006c     sysbios.aem4f : BIOS.obj (.text:ti_sysbios_knl_Clock_workFunc__E)
                  0000975c    00000004     fatsdraw_pem4f.oem4f (.text:ti_sysbios_family_arm_m3_TaskSupport_Module__startupDone__S)
                  00009760    0000006c     sysbios.aem4f : BIOS.obj (.text:ti_sysbios_knl_Swi_restoreHwi__E)
                  000097cc    00000004     fatsdraw_pem4f.oem4f (.text:ti_sysbios_heaps_HeapMem_Module_GateProxy_enter__E)
                  000097d0    0000006c     sysbios.aem4f : BIOS.obj (.text:ti_sysbios_knl_Task_exit__E)
                  0000983c    0000006c     ti.targets.arm.rtsarm.aem4f : Error.oem4f (.text:xdc_runtime_Error_print__E)
                  000098a8    0000006c                                 : Memory.oem4f (.text:xdc_runtime_Memory_alloc__E)
                  00009914    0000006a     rtsv7M4_T_le_v4SPD16_eabi.lib : copy_decompress_rle.obj (.text)
                  0000997e    00000002     --HOLE-- [fill = 0]
                  00009980    00000068                                   : trgmsg.obj (.text)
                  000099e8    00000068     sysbios.aem4f : BIOS.obj (.text:ti_sysbios_family_arm_msp432_Seconds_get__E)
                  00009a50    00000066     ti.targets.arm.rtsarm.aem4f : Core-mem.oem4f (.text:xdc_runtime_Core_deleteObject__I)
                  00009ab6    00000064     drivers_MSP432P401R.aem4f : UARTMSP432.oem4f (.text:UARTMSP432_writePolling)
                  00009b1a    00000064     ti.mw.fatfs.aem4f : ff.oem4f (.text:follow_path)
                  00009b7e    00000002     --HOLE-- [fill = 0]
                  00009b80    00000064     rtsv7M4_T_le_v4SPD16_eabi.lib : s_frexp.obj (.text)
                  00009be4    00000004     fatsdraw_pem4f.oem4f (.text:ti_sysbios_heaps_HeapMem_Module_GateProxy_leave__E)
                  00009be8    00000064     sysbios.aem4f : BIOS.obj (.text:ti_sysbios_family_arm_m3_Hwi_dispatchC__I)
                  00009c4c    00000062     tirtosport.aem4f : HwiP_tirtos.oem4f (.text:HwiP_create)
                  00009cae    00000002     --HOLE-- [fill = 0]
                  00009cb0    00000060     rtsv7M4_T_le_v4SPD16_eabi.lib : sprintf.obj (.text)
                  00009d10    00000060     sysbios.aem4f : BIOS.obj (.text:ti_sysbios_knl_Task_schedule__I)
                  00009d70    0000005e     ti.mw.fatfs.aem4f : ff.oem4f (.text:remove_chain)
                  00009dce    00000002     --HOLE-- [fill = 0]
                  00009dd0    0000005c     drivers_MSP432P401R.aem4f : GPIOMSP432.oem4f (.text:GPIO_init)
                  00009e2c    0000005c     fatsdraw.obj (.text:hwi_GetSEAScanPPS_Fxn)
                  00009e88    0000005c     sysbios.aem4f : BIOS.obj (.text:ti_sysbios_knl_Swi_run__I)
                  00009ee4    00000004     fatsdraw_pem4f.oem4f (.text:ti_sysbios_knl_Clock_TimerProxy_getMaxTicks__E)
                  00009ee8    0000005c     sysbios.aem4f : BIOS.obj (.text:ti_sysbios_knl_Swi_schedule__I)
                  00009f44    00000004     fatsdraw_pem4f.oem4f (.text:ti_sysbios_knl_Clock_destruct)
                  00009f48    0000005c     sysbios.aem4f : BIOS.obj (.text:ti_sysbios_knl_Task_Module_startup__E)
                  00009fa4    00000004     fatsdraw_pem4f.oem4f (.text:ti_sysbios_knl_Queue_destruct)
                  00009fa8    0000005c     sysbios.aem4f : BIOS.obj (.text:ti_sysbios_knl_Task_startCore__E)
                  0000a004    0000005b     ti.targets.arm.rtsarm.aem4f : Text.oem4f (.text:xdc_runtime_Text_putLab__E)
                  0000a05f    00000001     --HOLE-- [fill = 0]
                  0000a060    0000005a     tirtosport.aem4f : ClockP_tirtos.oem4f (.text:ClockP_create)
                  0000a0ba    00000058                      : SemaphoreP_tirtos.oem4f (.text:SemaphoreP_create)
                  0000a112    00000002     --HOLE-- [fill = 0]
                  0000a114    00000058     boot.aem4f : boot.oem4f (.text)
                  0000a16c    00000058     fatsdraw_pem4f.oem4f (.text:ti_sysbios_family_arm_m3_Hwi_construct)
                  0000a1c4    00000058     sysbios.aem4f : m3_Hwi_asm_switch.obj (.text:ti_sysbios_family_arm_m3_Hwi_initStacks__E)
                  0000a21c    00000056     ti.mw.fatfs.aem4f : ff.oem4f (.text:dir_read)
                  0000a272    00000056     rtsv7M4_T_le_v4SPD16_eabi.lib : ltoa.obj (.text)
                  0000a2c8    00000054     drivers_MSP432P401R.aem4f : GPIOMSP432.oem4f (.text:GPIO_hwiIntFxn)
                  0000a31c    00000054                               : GPIOMSP432.oem4f (.text:GPIO_setCallback)
                  0000a370    00000054     rtsv7M4_T_le_v4SPD16_eabi.lib : exit.obj (.text)
                  0000a3c4    00000054     drivers_MSP432P401R.aem4f : SDSPIMSP432.oem4f (.text:send_initial_clock_train)
                  0000a418    00000054     ti.mw.fatfs.aem4f : ff.oem4f (.text:sync_window)
                  0000a46c    00000004     fatsdraw_pem4f.oem4f (.text:ti_sysbios_knl_Semaphore_destruct)
                  0000a470    00000054     sysbios.aem4f : BIOS.obj (.text:ti_sysbios_family_arm_m3_Timer_start__E)
                  0000a4c4    00000004     ti.targets.arm.rtsarm.aem4f : Error.oem4f (.text:xdc_runtime_Error_getSite__E)
                  0000a4c8    00000054     sysbios.aem4f : BIOS.obj (.text:ti_sysbios_family_arm_msp432_Timer_initDevice__I)
                  0000a51c    00000004     fatsdraw_pem4f.oem4f (.text:xdc_runtime_System_Module_GateProxy_enter__E)
                  0000a520    00000054     sysbios.aem4f : BIOS.obj (.text:ti_sysbios_family_arm_msp432_init_Boot_configureClocksHigh)
                  0000a574    00000054     fatsdraw_pem4f.oem4f (.text:ti_sysbios_knl_Task_construct)
                  0000a5c8    00000054     ti.targets.arm.rtsarm.aem4f : Assert.oem4f (.text:xdc_runtime_Assert_raise__I)
                  0000a61c    00000052     drivers_MSP432P401R.aem4f : UARTMSP432.oem4f (.text:UARTMSP432_writeCancel)
                  0000a66e    00000002     --HOLE-- [fill = 0]
                  0000a670    00000050                               : GPIOMSP432.oem4f (.text:GPIO_write)
                  0000a6c0    00000050     msp432p4xx_driverlib.lib : pcm.o (.text:PCM_shutdownDevice)
                  0000a710    00000050     power_tirtos_MSP432P401R.aem4f : PowerMSP432_tirtos.oem4f (.text:PowerMSP432_sleepPolicy)
                  0000a760    00000050     fatsdraw.obj (.text:hwi_GetGPS_PPS_Fxn)
                  0000a7b0    00000050     sysbios.aem4f : BIOS.obj (.text:ti_sysbios_family_arm_m3_Hwi_Module_startup__E)
                  0000a800    00000050     ti.targets.arm.rtsarm.aem4f : Startup.oem4f (.text:xdc_runtime_Startup_exec__E)
                  0000a850    00000050                                 : Text.oem4f (.text:xdc_runtime_Text_visitRope2__I)
                  0000a8a0    0000004c     msp432p4xx_driverlib.lib : gpio.o (.text:GPIO_setAsPeripheralModuleFunctionOutputPin)
                  0000a8ec    0000004c     rtsv7M4_T_le_v4SPD16_eabi.lib : atoi.obj (.text)
                  0000a938    0000004c                                   : cpy_tbl.obj (.text)
                  0000a984    0000004c     fatsdraw_pem4f.oem4f (.text:ti_mw_fatfs_startup)
                  0000a9d0    0000004c     sysbios.aem4f : BIOS.obj (.text:ti_sysbios_family_arm_msp432_Timer_start__E)
                  0000aa1c    00000004     fatsdraw_pem4f.oem4f (.text:xdc_runtime_System_Module_GateProxy_leave__E)
                  0000aa20    0000004c     sysbios.aem4f : BIOS.obj (.text:ti_sysbios_heaps_HeapMem_getStats__E)
                  0000aa6c    00000004     ti.targets.arm.rtsarm.aem4f : System.oem4f (.text:xdc_runtime_System_aprintf_va__F)
                  0000aa70    0000004c     sysbios.aem4f : BIOS.obj (.text:ti_sysbios_knl_Swi_runLoop__I)
                  0000aabc    00000004     ti.targets.arm.rtsarm.aem4f : System.oem4f (.text:xdc_runtime_System_printf_va__F)
                  0000aac0    0000004c     sysbios.aem4f : BIOS.obj (.text:ti_sysbios_knl_Task_allBlockedFunction__I)
                  0000ab0c    00000048     msp432p4xx_driverlib.lib : gpio.o (.text:GPIO_setAsPeripheralModuleFunctionInputPin)
                  0000ab54    00000048     ti.mw.fatfs.aem4f : ff.oem4f (.text:dir_find)
                  0000ab9c    00000048     rtsv7M4_T_le_v4SPD16_eabi.lib : fd_toi_t2.obj (.text)
                  0000abe4    00000004     --HOLE-- [fill = 0]
                  0000abe8    00000048     sysbios.aem4f : BIOS.obj (.text:ti_sysbios_family_arm_m3_Hwi_disableInterrupt__E)
                  0000ac30    00000048                   : BIOS.obj (.text:ti_sysbios_family_arm_m3_Hwi_enableInterrupt__E)
                  0000ac78    00000048                   : BIOS.obj (.text:ti_sysbios_family_arm_m3_Hwi_excReserved__I)
                  0000acc0    00000048                   : BIOS.obj (.text:ti_sysbios_family_arm_m3_Timer_initDevice__I)
                  0000ad08    00000048                   : BIOS.obj (.text:ti_sysbios_family_arm_m3_Timer_setPeriod__E)
                  0000ad50    00000046     drivers_MSP432P401R.aem4f : RingBuf.oem4f (.text:RingBuf_put)
                  0000ad96    00000046                               : UARTMSP432.oem4f (.text:readIsrBinaryBlocking)
                  0000addc    00000046     ti.targets.arm.rtsarm.aem4f : Core-params.oem4f (.text:xdc_runtime_Core_assignParams__I)
                  0000ae22    00000044     ti.mw.fatfs.aem4f : ff.oem4f (.text:dir_alloc)
                  0000ae66    00000002     --HOLE-- [fill = 0]
                  0000ae68    00000044     drivers_MSP432P401R.aem4f : SDSPIMSP432.oem4f (.text:initHw)
                  0000aeac    00000004     --HOLE-- [fill = 0]
                  0000aeb0    00000044     sysbios.aem4f : BIOS.obj (.text:ti_sysbios_family_arm_m3_Hwi_getStackInfo__E)
                  0000aef4    00000004     --HOLE-- [fill = 0]
                  0000aef8    00000044                   : BIOS.obj (.text:ti_sysbios_family_arm_msp432_Seconds_Module_startup__E)
                  0000af3c    00000004     --HOLE-- [fill = 0]
                  0000af40    00000044                   : BIOS.obj (.text:ti_sysbios_knl_Swi_post__E)
                  0000af84    00000044     ti.targets.arm.rtsarm.aem4f : Error.oem4f (.text:xdc_runtime_Error_setX__E)
                  0000afc8    00000044                                 : SysMin.oem4f (.text:xdc_runtime_SysMin_flush__E)
                  0000b00c    00000044                                 : Text.oem4f (.text:xdc_runtime_Text_xprintf__I)
                  0000b050    00000042     drivers_MSP432P401R.aem4f : UARTMSP432.oem4f (.text:UARTMSP432_hwiIntFxn)
                  0000b092    00000042     fatsdraw.obj (.text:ahex2bin)
                  0000b0d4    00000040     msp432p4xx_driverlib.lib : flash.o (.text:FlashCtl_disableReadBuffering)
                  0000b114    00000040     drivers_MSP432P401R.aem4f : RingBuf.oem4f (.text:RingBuf_get)
                  0000b154    00000040                               : UARTMSP432.oem4f (.text:UARTMSP432_read)
                  0000b194    00000040     ti.mw.fatfs.aem4f : ff.oem4f (.text:get_ldnumber)
                  0000b1d4    00000040     drivers_MSP432P401R.aem4f : PowerMSP432.oem4f (.text:notify)
                  0000b214    00000040     rtsv7M4_T_le_v4SPD16_eabi.lib : u_divt2.obj (.text)
                  0000b254    00000004     --HOLE-- [fill = 0]
                  0000b258    00000040     sysbios.aem4f : BIOS.obj (.text:ti_sysbios_family_arm_msp432_Timer_Module_startup__E)
                  0000b298    00000040                   : BIOS.obj (.text:ti_sysbios_family_arm_msp432_Timer_startup__E)
                  0000b2d8    00000040                   : BIOS.obj (.text:ti_sysbios_heaps_HeapMem_Instance_init__E)
                  0000b318    0000003c     drivers_MSP432P401R.aem4f : PowerMSP432.oem4f (.text:Power_init)
                  0000b354    00000004     --HOLE-- [fill = 0]
                  0000b358    0000003c     sysbios.aem4f : BIOS.obj (.text:ti_sysbios_family_arm_m3_Hwi_excSvCall__I)
                  0000b394    00000004     --HOLE-- [fill = 0]
                  0000b398    0000003c                   : BIOS.obj (.text:ti_sysbios_heaps_HeapMem_init__I)
                  0000b3d4    00000004     --HOLE-- [fill = 0]
                  0000b3d8    0000003c                   : BIOS.obj (.text:ti_sysbios_knl_Clock_Instance_init__E)
                  0000b414    00000004     --HOLE-- [fill = 0]
                  0000b418    0000003c                   : BIOS.obj (.text:ti_sysbios_knl_Swi_restore__E)
                  0000b454    0000003a     drivers_MSP432P401R.aem4f : UARTMSP432.oem4f (.text:readIsrBinaryCallback)
                  0000b48e    0000003a     fatsdraw_pem4f.oem4f (.text:ti_mw_fatfs_getFatTime)
                  0000b4c8    00000038     drivers_MSP432P401R.aem4f : SDSPI.oem4f (.text:SDSPI_init)
                  0000b500    00000038                               : UART.oem4f (.text:UART_init)
                  0000b538    00000038     ti.mw.fatfs.aem4f : ff.oem4f (.text:dir_register)
                  0000b570    00000038     drivers_MSP432P401R.aem4f : SDSPIMSP432.oem4f (.text:perfChangeNotifyFxn)
                  0000b5a8    00000038     rtsv7M4_T_le_v4SPD16_eabi.lib : fs_tod_t2.obj (.text)
                  0000b5e0    00000038     sysbios.aem4f : BIOS.obj (.text:ti_sysbios_family_arm_m3_Hwi_excNoIsr__I)
                  0000b618    00000038     ti.targets.arm.rtsarm.aem4f : SysMin.oem4f (.text:xdc_runtime_SysMin_putch__E)
                  0000b650    00000038                                 : System.oem4f (.text:xdc_runtime_System_atexit__E)
                  0000b688    00000036     drivers_MSP432P401R.aem4f : UARTMSP432.oem4f (.text:UARTMSP432_readCancel)
                  0000b6be    00000036     ti.mw.fatfs.aem4f : ff.oem4f (.text:move_window)
                  0000b6f4    00000036     drivers_MSP432P401R.aem4f : UARTMSP432.oem4f (.text:perfChangeNotifyFxn)
                  0000b72a    00000002     --HOLE-- [fill = 0]
                  0000b72c    00000034     msp432p4xx_driverlib.lib : flash.o (.text:FlashCtl_enableReadBuffering)
                  0000b760    00000034     ti.mw.fatfs.aem4f : ff.oem4f (.text:dir_remove)
                  0000b794    00000034                       : ffcio.oem4f (.text:ffcio_lseek)
                  0000b7c8    00000034     sysbios.aem4f : BIOS.obj (.text:ti_sysbios_family_arm_m3_Hwi_Instance_finalize__E)
                  0000b7fc    00000004     --HOLE-- [fill = 0]
                  0000b800    00000034                   : BIOS.obj (.text:ti_sysbios_family_arm_m3_Hwi_excNmi__I)
                  0000b834    00000004     --HOLE-- [fill = 0]
                  0000b838    00000034                   : BIOS.obj (.text:ti_sysbios_family_arm_m3_Timer_periodicStub__I)
                  0000b86c    00000004     --HOLE-- [fill = 0]
                  0000b870    00000034                   : BIOS.obj (.text:ti_sysbios_hal_Hwi_checkStack)
                  0000b8a4    00000034     fatsdraw_pem4f.oem4f (.text:ti_sysbios_knl_Clock_construct)
                  0000b8d8    00000034     ti.mw.fatfs.aem4f : ff.oem4f (.text:validate)
                  0000b90c    00000034     ti.targets.arm.rtsarm.aem4f : Core-label.oem4f (.text:xdc_runtime_Core_assignLabel__I)
                  0000b940    00000033                                 : Text.oem4f (.text:xdc_runtime_Text_printVisFxn__I)
                  0000b973    00000005     --HOLE-- [fill = 0]
                  0000b978    00000032     sysbios.aem4f : BIOS.obj (.text:ti_sysbios_hal_Hwi_initStack)
                  0000b9aa    00000002     --HOLE-- [fill = 0]
                  0000b9ac    00000030     drivers_MSP432P401R.aem4f : GPIOMSP432.oem4f (.text:GPIO_getEnabledInterruptStatus_WA)
                  0000b9dc    00000030     msp432p4xx_driverlib.lib : gpio.o (.text:GPIO_setAsInputPinWithPullDownResistor)
                  0000ba0c    00000030                              : gpio.o (.text:GPIO_setAsInputPinWithPullUpResistor)
                  0000ba3c    00000030     drivers_MSP432P401R.aem4f : GPIOMSP432.oem4f (.text:GPIO_toggle)
                  0000ba6c    00000030                               : SDSPI.oem4f (.text:SDSPI_open)
                  0000ba9c    00000030                               : UART.oem4f (.text:UART_open)
                  0000bacc    00000030     msp432p4xx_driverlib.lib : spi.o (.text:is_A_Module)
                  0000bafc    00000030     rtsv7M4_T_le_v4SPD16_eabi.lib : strncpy.obj (.text)
                  0000bb2c    00000030     fatsdraw_pem4f.oem4f (.text:ti_sysbios_BIOS_atExitFunc__I)
                  0000bb5c    00000004     --HOLE-- [fill = 0]
                  0000bb60    00000030     sysbios.aem4f : BIOS.obj (.text:ti_sysbios_family_arm_m3_TaskSupport_start__E)
                  0000bb90    00000030                   : BIOS.obj (.text:ti_sysbios_family_arm_msp432_Timer_setPeriod__E)
                  0000bbc0    00000030     fatsdraw_pem4f.oem4f (.text:ti_sysbios_gates_GateHwi_Object__create__S)
                  0000bbf0    00000030     fatsdraw_pem4f.oem4f (.text:ti_sysbios_gates_GateMutex_Object__create__S)
                  0000bc20    00000030     sysbios.aem4f : BIOS.obj (.text:ti_sysbios_gates_GateMutex_enter__E)
                  0000bc50    00000030     fatsdraw_pem4f.oem4f (.text:ti_sysbios_heaps_HeapMem_Object__create__S)
                  0000bc80    00000030     fatsdraw_pem4f.oem4f (.text:ti_sysbios_knl_Semaphore_construct)
                  0000bcb0    00000030     sysbios.aem4f : BIOS.obj (.text:ti_sysbios_knl_Semaphore_pendTimeout__I)
                  0000bce0    00000030                   : BIOS.obj (.text:ti_sysbios_knl_Task_processVitalTaskFlag__I)
                  0000bd10    00000030                   : BIOS.obj (.text:ti_sysbios_knl_Task_unblockI__E)
                  0000bd40    00000030     ti.targets.arm.rtsarm.aem4f : SysMin.oem4f (.text:xdc_runtime_SysMin_abort__E)
                  0000bd70    00000030                                 : System.oem4f (.text:xdc_runtime_System_processAtExit__E)
                  0000bda0    0000002e     rtsv7M4_T_le_v4SPD16_eabi.lib : i_tofd_t2.obj (.text)
                  0000bdce    00000002     --HOLE-- [fill = 0]
                  0000bdd0    0000002c     msp432p4xx_driverlib.lib : gpio.o (.text:GPIO_setAsInputPin)
                  0000bdfc    0000002c                              : pcm.o (.text:PCM_getCoreVoltageLevel)
                  0000be28    0000002c     power_tirtos_MSP432P401R.aem4f : PowerMSP432_tirtos.oem4f (.text:PowerMSP432_updateFreqs)
                  0000be54    0000002c     drivers_MSP432P401R.aem4f : PowerMSP432.oem4f (.text:Power_releaseConstraint)
                  0000be80    0000002c                               : PowerMSP432.oem4f (.text:Power_setConstraint)
                  0000beac    0000002c     ti.mw.fatfs.aem4f : diskio.oem4f (.text:disk_register)
                  0000bed8    0000002c     fatsdraw_pem4f.oem4f (.text:ti_sysbios_BIOS_startFunc__I)
                  0000bf04    0000002c     fatsdraw_pem4f.oem4f (.text:ti_sysbios_knl_Clock_doTick__I)
                  0000bf30    0000002c     fatsdraw_pem4f.oem4f (.text:ti_sysbios_knl_Queue_construct)
                  0000bf5c    00000004     --HOLE-- [fill = 0]
                  0000bf60    0000002c     sysbios.aem4f : BIOS.obj (.text:ti_sysbios_knl_Task_restore__E)
                  0000bf8c    0000002c     ti.targets.arm.rtsarm.aem4f : Text.oem4f (.text:xdc_runtime_Text_cordText__E)
                  0000bfb8    0000002a     msp432p4xx_driverlib.lib : pcm.o (.text:PCM_getPowerMode)
                  0000bfe2    0000002a     drivers_MSP432P401R.aem4f : UARTMSP432.oem4f (.text:findBaudDividerIndex)
                  0000c00c    0000002a     ti.targets.arm.rtsarm.aem4f : System.oem4f (.text:xdc_runtime_System_putchar__I)
                  0000c036    00000002     --HOLE-- [fill = 0]
                  0000c038    00000028     msp432p4xx_driverlib.lib : flash.o (.text:FlashCtl_setWaitState)
                  0000c060    00000028     drivers_MSP432P401R.aem4f : GPIOMSP432.oem4f (.text:GPIO_enableInt)
                  0000c088    00000028     msp432p4xx_driverlib.lib : pcm.o (.text:PCM_gotoLPM0)
                  0000c0b0    00000028     ti.mw.fatfs.aem4f : diskio.oem4f (.text:disk_unregister)
                  0000c0d8    00000028     sysbios.aem4f : BIOS.obj (.text:ti_sysbios_knl_Clock_addI__E)
                  0000c100    00000028                   : BIOS.obj (.text:ti_sysbios_knl_Swi_Module_startup__E)
                  0000c128    00000026     drivers_MSP432P401R.aem4f : List.oem4f (.text:List_put)
                  0000c14e    00000026     msp432p4xx_driverlib.lib : spi.o (.text:SPI_changeMasterClock)
                  0000c174    00000026     rtsv7M4_T_le_v4SPD16_eabi.lib : strncmp.obj (.text)
                  0000c19a    00000026     sysbios.aem4f : m3_Hwi_asm.obj (.text:ti_sysbios_family_arm_m3_Hwi_pendSV__I)
                  0000c1c0    00000026     ti.targets.arm.rtsarm.aem4f : System.oem4f (.text:xdc_runtime_System_avprintf__E)
                  0000c1e6    00000002     --HOLE-- [fill = 0]
                  0000c1e8    00000024     msp432p4xx_driverlib.lib : cs.o (.text:CS_setDCOCenteredFrequency)
                  0000c20c    00000024                              : gpio.o (.text:GPIO_setAsOutputPin)
                  0000c230    00000024                              : rtc_c.o (.text:RTC_C_holdClock)
                  0000c254    00000024                              : rtc_c.o (.text:RTC_C_startClock)
                  0000c278    00000024                              : uart.o (.text:UART_disableInterrupt)
                  0000c29c    00000024                              : uart.o (.text:UART_receiveData)
                  0000c2c0    00000024                              : uart.o (.text:UART_transmitData)
                  0000c2e4    00000024     ti.mw.fatfs.aem4f : diskio.oem4f (.text:disk_ioctl)
                  0000c308    00000024                       : diskio.oem4f (.text:disk_read)
                  0000c32c    00000024                       : ff.oem4f (.text:f_close)
                  0000c350    00000024                       : ffcio.oem4f (.text:ffcio_close)
                  0000c374    00000024     fatsdraw_pem4f.oem4f (.text:ti_sysbios_BIOS_errorRaiseHook__I)
                  0000c398    00000024     fatsdraw_pem4f.oem4f (.text:ti_sysbios_BIOS_registerRTSLock__I)
                  0000c3bc    00000024     fatsdraw_pem4f.oem4f (.text:ti_sysbios_BIOS_removeRTSLock__I)
                  0000c3e0    00000024     sysbios.aem4f : BIOS.obj (.text:ti_sysbios_family_arm_m3_Timer_Module_startup__E)
                  0000c404    00000004     --HOLE-- [fill = 0]
                  0000c408    00000024                   : BIOS.obj (.text:ti_sysbios_family_arm_m3_Timer_postInit__I)
                  0000c42c    00000004     --HOLE-- [fill = 0]
                  0000c430    00000024                   : BIOS.obj (.text:ti_sysbios_family_arm_m3_Timer_startup__E)
                  0000c454    00000004     --HOLE-- [fill = 0]
                  0000c458    00000024                   : BIOS.obj (.text:ti_sysbios_family_arm_msp432_ClockFreqs_setFrequency__E)
                  0000c47c    00000004     --HOLE-- [fill = 0]
                  0000c480    00000024                   : BIOS.obj (.text:ti_sysbios_family_arm_msp432_Timer_postInit__I)
                  0000c4a4    00000024     fatsdraw_pem4f.oem4f (.text:ti_sysbios_gates_GateMutex_Object__delete__S)
                  0000c4c8    00000024     sysbios.aem4f : BIOS.obj (.text:ti_sysbios_knl_Clock_Module_startup__E)
                  0000c4ec    00000004     --HOLE-- [fill = 0]
                  0000c4f0    00000024                   : BIOS.obj (.text:ti_sysbios_knl_Clock_start__E)
                  0000c514    00000004     --HOLE-- [fill = 0]
                  0000c518    00000024                   : BIOS.obj (.text:ti_sysbios_knl_Semaphore_Instance_init__E)
                  0000c53c    00000004     --HOLE-- [fill = 0]
                  0000c540    00000024                   : BIOS.obj (.text:ti_sysbios_knl_Task_restoreHwi__E)
                  0000c564    00000024     ti.targets.arm.rtsarm.aem4f : System.oem4f (.text:xdc_runtime_System_vprintf__E)
                  0000c588    00000022     fatsdraw_pem4f.oem4f (.text:xdc_runtime_SysMin_output__I)
                  0000c5aa    00000002     --HOLE-- [fill = 0]
                  0000c5ac    00000020     msp432p4xx_driverlib.lib : gpio.o (.text:GPIO_interruptEdgeSelect)
                  0000c5cc    00000020     drivers_MSP432P401R.aem4f : PowerMSP432.oem4f (.text:PowerMSP432_getFreqs)
                  0000c5ec    00000020                               : PowerMSP432.oem4f (.text:Power_idleFunc)
                  0000c60c    00000020                               : PowerMSP432.oem4f (.text:Power_unregisterNotify)
                  0000c62c    00000020     msp432p4xx_driverlib.lib : spi.o (.text:SPI_getInterruptStatus)
                  0000c64c    00000020                              : spi.o (.text:SPI_transmitData)
                  0000c66c    00000020     ti.mw.fatfs.aem4f : diskio.oem4f (.text:disk_write)
                  0000c68c    00000020                       : ffcio.oem4f (.text:ffcio_read)
                  0000c6ac    00000020                       : ffcio.oem4f (.text:ffcio_write)
                  0000c6cc    00000020     rtsv7M4_T_le_v4SPD16_eabi.lib : u_tofd_t2.obj (.text)
                  0000c6ec    00000020     fatsdraw_pem4f.oem4f (.text:ti_sysbios_BIOS_rtsLock__I)
                  0000c70c    00000020     sysbios.aem4f : m3_Hwi_asm.obj (.text:ti_sysbios_family_arm_m3_Hwi_excHandlerAsm__I)
                  0000c72c    00000004     --HOLE-- [fill = 0]
                  0000c730    00000020                   : BIOS.obj (.text:ti_sysbios_family_arm_m3_Hwi_excHandler__I)
                  0000c750    00000020                   : BIOS.obj (.text:ti_sysbios_family_arm_m3_TimestampProvider_Module_startup__E)
                  0000c770    00000020     fatsdraw_pem4f.oem4f (.text:ti_sysbios_gates_GateHwi_Object__delete__S)
                  0000c790    00000020     fatsdraw_pem4f.oem4f (.text:ti_sysbios_heaps_HeapMem_Object__delete__S)
                  0000c7b0    00000020     fatsdraw_pem4f.oem4f (.text:ti_sysbios_knl_Clock_Object__destruct__S)
                  0000c7d0    00000020     sysbios.aem4f : BIOS.obj (.text:ti_sysbios_knl_Idle_run__E)
                  0000c7f0    00000020     fatsdraw_pem4f.oem4f (.text:ti_sysbios_knl_Semaphore_Object__destruct__S)
                  0000c810    00000020     ti.targets.arm.rtsarm.aem4f : Registry.oem4f (.text:xdc_runtime_Registry_findById__E)
                  0000c830    00000020                                 : SysMin.oem4f (.text:xdc_runtime_SysMin_Module_startup__E)
                  0000c850    0000001e     ti.mw.fatfs.aem4f : ff.oem4f (.text:ld_clust)
                  0000c86e    0000001e     sysbios.aem4f : m3_Hwi_asm_switch.obj (.text:ti_sysbios_family_xxx_Hwi_switchAndRunFunc)
                  0000c88c    0000001c     MSP_EXP432P401R.obj (.text:MSP_EXP432P401R_initUART)
                  0000c8a8    0000001c     drivers_MSP432P401R.aem4f : PowerMSP432.oem4f (.text:Power_registerNotify)
                  0000c8c4    0000001c     ti.mw.fatfs.aem4f : diskio.oem4f (.text:disk_initialize)
                  0000c8e0    0000001c                       : diskio.oem4f (.text:disk_status)
                  0000c8fc    0000001c                       : ff.oem4f (.text:mem_cmp)
                  0000c918    0000001c     rtsv7M4_T_le_v4SPD16_eabi.lib : memccpy.obj (.text)
                  0000c934    0000001c     fatsdraw_pem4f.oem4f (.text:ti_sysbios_family_arm_m3_Hwi_Object__destruct__S)
                  0000c950    0000001c     sysbios.aem4f : BIOS.obj (.text:ti_sysbios_family_arm_m3_Timer_stop__E)
                  0000c96c    00000004     --HOLE-- [fill = 0]
                  0000c970    0000001c                   : BIOS.obj (.text:ti_sysbios_gates_GateMutex_Instance_init__E)
                  0000c98c    00000004     --HOLE-- [fill = 0]
                  0000c990    0000001c                   : BIOS.obj (.text:ti_sysbios_knl_Clock_Instance_finalize__E)
                  0000c9ac    0000001c     fatsdraw_pem4f.oem4f (.text:ti_sysbios_knl_Queue_Object__destruct__S)
                  0000c9c8    0000001c     sysbios.aem4f : BIOS.obj (.text:ti_sysbios_knl_Queue_put__E)
                  0000c9e4    00000004     --HOLE-- [fill = 0]
                  0000c9e8    0000001c                   : BIOS.obj (.text:ti_sysbios_knl_Task_enter__I)
                  0000ca04    0000001c     ti.targets.arm.rtsarm.aem4f : Error.oem4f (.text:xdc_runtime_Error_raiseX__E)
                  0000ca20    0000001c                                 : Memory.oem4f (.text:xdc_runtime_Memory_valloc__E)
                  0000ca3c    0000001c                                 : SysMin.oem4f (.text:xdc_runtime_SysMin_exit__E)
                  0000ca58    0000001c                                 : System.oem4f (.text:xdc_runtime_System_abort__E)
                  0000ca74    0000001a     drivers_MSP432P401R.aem4f : List.oem4f (.text:List_remove)
                  0000ca8e    0000001a     msp432p4xx_driverlib.lib : spi.o (.text:SPI_disableModule)
                  0000caa8    0000001a                              : spi.o (.text:SPI_enableModule)
                  0000cac2    0000001a                              : spi.o (.text:SPI_receiveData)
                  0000cadc    0000001a     fatsdraw_pem4f.oem4f (.text:ti_sysbios_family_arm_m3_Hwi_Handle__label__S)
                  0000caf6    0000001a     fatsdraw_pem4f.oem4f (.text:ti_sysbios_gates_GateHwi_Handle__label__S)
                  0000cb10    0000001a     fatsdraw_pem4f.oem4f (.text:ti_sysbios_gates_GateMutex_Handle__label__S)
                  0000cb2a    0000001a     fatsdraw_pem4f.oem4f (.text:ti_sysbios_heaps_HeapMem_Handle__label__S)
                  0000cb44    0000001a     fatsdraw_pem4f.oem4f (.text:ti_sysbios_knl_Swi_Handle__label__S)
                  0000cb5e    0000001a     fatsdraw_pem4f.oem4f (.text:ti_sysbios_knl_Task_Handle__label__S)
                  0000cb78    0000001a     ti.mw.fatfs.aem4f : ff.oem4f (.text:unlock_fs)
                  0000cb92    0000001a     fatsdraw_pem4f.oem4f (.text:xdc_runtime_System_aprintf__E)
                  0000cbac    0000001a     fatsdraw_pem4f.oem4f (.text:xdc_runtime_System_printf__E)
                  0000cbc6    00000018     msp432p4xx_driverlib.lib : spi.o (.text:EUSCI_A_SPI_masterChangeClock)
                  0000cbde    00000018                              : spi.o (.text:EUSCI_B_SPI_masterChangeClock)
                  0000cbf6    00000002     --HOLE-- [fill = 0]
                  0000cbf8    00000018                              : gpio.o (.text:GPIO_clearInterruptFlag)
                  0000cc10    00000018                              : gpio.o (.text:GPIO_getInputPinValue)
                  0000cc28    00000018                              : gpio.o (.text:GPIO_setDriveStrengthLow)
                  0000cc40    00000018                              : gpio.o (.text:GPIO_setOutputLowOnPin)
                  0000cc58    00000018     drivers_MSP432P401R.aem4f : UART.oem4f (.text:UART_Params_init)
                  0000cc70    00000018     msp432p4xx_driverlib.lib : wdt_a.o (.text:WDT_A_holdTimer)
                  0000cc88    00000018     ti.mw.fatfs.aem4f : ff.oem4f (.text:clust2sect)
                  0000cca0    00000018                       : ffosal.oem4f (.text:ff_cre_syncobj)
                  0000ccb8    00000018     rtsv7M4_T_le_v4SPD16_eabi.lib : args_main.obj (.text)
                  0000ccd0    00000018                                   : ll_mul_t2.obj (.text)
                  0000cce8    00000018                                   : strcmp.obj (.text)
                  0000cd00    00000018                                   : strrchr.obj (.text)
                  0000cd18    00000018     fatsdraw_pem4f.oem4f (.text:ti_sysbios_BIOS_rtsUnlock__I)
                  0000cd30    00000018     fatsdraw_pem4f.oem4f (.text:ti_sysbios_family_arm_m3_Hwi_Module__startupDone__F)
                  0000cd48    00000018     sysbios.aem4f : m3_TaskSupport_asm.obj (.text:ti_sysbios_family_arm_m3_TaskSupport_swap__E)
                  0000cd60    00000018     fatsdraw_pem4f.oem4f (.text:ti_sysbios_family_arm_msp432_Timer_Module__startupDone__F)
                  0000cd78    00000018     sysbios.aem4f : BIOS.obj (.text:ti_sysbios_gates_GateMutex_leave__E)
                  0000cd90    00000018                   : BIOS.obj (.text:ti_sysbios_knl_Task_sleepTimeout__I)
                  0000cda8    00000018     fatsdraw_pem4f.oem4f (.text:time)
                  0000cdc0    00000018     ti.targets.arm.rtsarm.aem4f : Error.oem4f (.text:xdc_runtime_Error_check__E)
                  0000cdd8    00000018                                 : System.oem4f (.text:xdc_runtime_System_exit__E)
                  0000cdf0    00000018                                 : Text.oem4f (.text:xdc_runtime_Text_ropeText__E)
                  0000ce08    00000016     tirtosport.aem4f : ClockP_tirtos.oem4f (.text:ClockP_delete)
                  0000ce1e    00000016                      : HwiP_tirtos.oem4f (.text:HwiP_delete)
                  0000ce34    00000016                      : SemaphoreP_tirtos.oem4f (.text:SemaphoreP_delete)
                  0000ce4a    00000016     msp432p4xx_driverlib.lib : uart.o (.text:UART_enableInterrupt)
                  0000ce60    00000016     ti.mw.fatfs.aem4f : ff.oem4f (.text:mem_cpy)
                  0000ce76    00000016     rtsv7M4_T_le_v4SPD16_eabi.lib : strchr.obj (.text)
                  0000ce8c    00000016     fatsdraw_pem4f.oem4f (.text:ti_sysbios_BIOS_exitFunc__I)
                  0000cea2    00000016     fatsdraw.obj (.text:ti_sysbios_knl_Task_Params_init)
                  0000ceb8    00000016     sysbios.aem4f : BIOS.obj (.text:ti_sysbios_knl_Task_unblock__E)
                  0000cece    00000002     --HOLE-- [fill = 0]
                  0000ced0    00000014     msp432p4xx_driverlib.lib : gpio.o (.text:GPIO_enableInterrupt)
                  0000cee4    00000014     drivers_MSP432P401R.aem4f : GPIOMSP432.oem4f (.text:GPIO_read)
                  0000cef8    00000014     msp432p4xx_driverlib.lib : gpio.o (.text:GPIO_setDriveStrengthHigh)
                  0000cf0c    00000014                              : gpio.o (.text:GPIO_setOutputHighOnPin)
                  0000cf20    00000014                              : gpio.o (.text:GPIO_toggleOutputOnPin)
                  0000cf34    00000014                              : wdt_a.o (.text:WDT_A_startTimer)
                  0000cf48    00000014     ti.mw.fatfs.aem4f : ffosal.oem4f (.text:ff_req_grant)
                  0000cf5c    00000014                       : ff.oem4f (.text:mem_set)
                  0000cf70    00000014     rtsv7M4_T_le_v4SPD16_eabi.lib : _lock.obj (.text)
                  0000cf84    00000014                                   : s_copysign.obj (.text)
                  0000cf98    00000014                                   : strcpy.obj (.text)
                  0000cfac    00000014                                   : strlen.obj (.text)
                  0000cfc0    00000014     fatsdraw_pem4f.oem4f (.text:ti_sysbios_family_arm_m3_Hwi_Object__get__S)
                  0000cfd4    00000004     --HOLE-- [fill = 0]
                  0000cfd8    00000014     sysbios.aem4f : BIOS.obj (.text:ti_sysbios_family_arm_m3_Hwi_switchFromBootStack__E)
                  0000cfec    00000014     fatsdraw_pem4f.oem4f (.text:ti_sysbios_heaps_HeapMem_Object__get__S)
                  0000d000    00000014     fatsdraw_pem4f.oem4f (.text:ti_sysbios_knl_Swi_Object__get__S)
                  0000d014    00000012     tirtosport.aem4f : ClockP_tirtos.oem4f (.text:ClockP_start)
                  0000d026    00000012     drivers_MSP432P401R.aem4f : RingBuf.oem4f (.text:RingBuf_construct)
                  0000d038    00000012                               : SDSPIMSP432.oem4f (.text:SDSPIMSP432_init)
                  0000d04a    00000012     tirtosport.aem4f : SemaphoreP_tirtos.oem4f (.text:SemaphoreP_pend)
                  0000d05c    00000012     ti.mw.fatfs.aem4f : ff.oem4f (.text:chk_chr)
                  0000d06e    00000012                       : ffcio.oem4f (.text:ffcio_rename)
                  0000d080    00000012                       : ffcio.oem4f (.text:ffcio_unlink)
                  0000d092    00000006     msp432p4xx_driverlib.lib : spi.o (.text:EUSCI_A_SPI_receiveData)
                  0000d098    00000012     sysbios.aem4f : BIOS.obj (.text:ti_sysbios_hal_Hwi_Module_startup__E)
                  0000d0aa    00000012     fatsdraw_pem4f.oem4f (.text:xdc_runtime_Startup_exec__I)
                  0000d0bc    00000010     msp432p4xx_driverlib.lib : gpio.o (.text:GPIO_getInterruptStatus)
                  0000d0cc    00000010                              : pcm.o (.text:PCM_gotoLPM4)
                  0000d0dc    00000010     drivers_MSP432P401R.aem4f : SDSPIMSP432.oem4f (.text:SDSPIMSP432_diskStatus)
                  0000d0ec    00000010                               : SDSPI.oem4f (.text:SDSPI_Params_init)
                  0000d0fc    00000010                               : UARTMSP432.oem4f (.text:readBlockingTimeout)
                  0000d10c    00000010     ti.mw.fatfs.aem4f : ff.oem4f (.text:st_clust)
                  0000d11c    00000004     --HOLE-- [fill = 0]
                  0000d120    00000010     sysbios.aem4f : BIOS.obj (.text:ti_sysbios_BIOS_exit__E)
                  0000d130    00000010                   : BIOS.obj (.text:ti_sysbios_BIOS_setCpuFreq__E)
                  0000d140    00000010                   : BIOS.obj (.text:ti_sysbios_BIOS_setThreadType__E)
                  0000d150    00000010                   : BIOS.obj (.text:ti_sysbios_BIOS_start__E)
                  0000d160    00000010                   : m3_TaskSupport_asm.obj (.text:ti_sysbios_family_arm_m3_TaskSupport_glue)
                  0000d170    00000010                   : BIOS.obj (.text:ti_sysbios_family_arm_msp432_init_Boot_disableWatchdog)
                  0000d180    00000010                   : BIOS.obj (.text:ti_sysbios_gates_GateMutex_Instance_finalize__E)
                  0000d190    00000010                   : BIOS.obj (.text:ti_sysbios_knl_Semaphore_Instance_finalize__E)
                  0000d1a0    00000010                   : BIOS.obj (.text:ti_sysbios_knl_Swi_disable__E)
                  0000d1b0    00000010     fatsdraw_pem4f.oem4f (.text:ti_sysbios_knl_Task_Object__get__S)
                  0000d1c0    00000010     sysbios.aem4f : BIOS.obj (.text:ti_sysbios_knl_Task_disable__E)
                  0000d1d0    00000010     ti.targets.arm.rtsarm.aem4f : Gate.oem4f (.text:xdc_runtime_Gate_leaveSystem__E)
                  0000d1e0    00000010                                 : Memory.oem4f (.text:xdc_runtime_Memory_free__E)
                  0000d1f0    00000010                                 : SysMin.oem4f (.text:xdc_runtime_SysMin_ready__E)
                  0000d200    00000010                                 : System.oem4f (.text:xdc_runtime_System_vsnprintf__E)
                  0000d210    00000010     fatsdraw_pem4f.oem4f (.text:xdc_runtime_Text_visitRope__I)
                  0000d220    0000000e     tirtosport.aem4f : HwiP_tirtos.oem4f (.text:HwiP_Params_init)
                  0000d22e    0000000e     msp432p4xx_driverlib.lib : uart.o (.text:UART_clearInterruptFlag)
                  0000d23c    0000000e     rtsv7M4_T_le_v4SPD16_eabi.lib : copy_decompress_none.obj (.text:decompress:none)
                  0000d24a    00000006     msp432p4xx_driverlib.lib : spi.o (.text:EUSCI_B_SPI_receiveData)
                  0000d250    0000000e     sysbios.aem4f : BIOS.obj (.text:ti_sysbios_knl_Idle_loop__E)
                  0000d25e    00000002     --HOLE-- [fill = 0]
                  0000d260    0000000e                   : BIOS.obj (.text:ti_sysbios_knl_Queue_empty__E)
                  0000d26e    0000000c     fatsdraw_pem4f.oem4f (.text:.bootCodeSection:ti_sysbios_family_arm_msp432_init_Boot_init__I)
                  0000d27a    0000000c     msp432p4xx_driverlib.lib : cpu.o (.text:CPU_cpsid)
                  0000d286    0000000c                              : cpu.o (.text:CPU_cpsie)
                  0000d292    00000002     --HOLE-- [fill = 0]
                  0000d294    0000000c     tirtosport.aem4f : ClockP_tirtos.oem4f (.text:ClockP_getSystemTickPeriod)
                  0000d2a0    0000000c     msp432p4xx_driverlib.lib : spi.o (.text:EUSCI_A_SPI_disable)
                  0000d2ac    0000000c                              : spi.o (.text:EUSCI_A_SPI_enable)
                  0000d2b8    0000000c                              : spi.o (.text:EUSCI_B_SPI_disable)
                  0000d2c4    0000000c                              : spi.o (.text:EUSCI_B_SPI_enable)
                  0000d2d0    0000000c                              : pcm.o (.text:PCM_getPowerState)
                  0000d2dc    0000000c     drivers_MSP432P401R.aem4f : PowerMSP432.oem4f (.text:Power_getConstraintMask)
                  0000d2e8    0000000c                               : PowerMSP432.oem4f (.text:Power_getPerformanceLevel)
                  0000d2f4    0000000c                               : RingBuf.oem4f (.text:RingBuf_peek)
                  0000d300    0000000c                               : UARTMSP432.oem4f (.text:UARTMSP432_init)
                  0000d30c    0000000c     msp432p4xx_driverlib.lib : uart.o (.text:UART_disableModule)
                  0000d318    0000000c                              : uart.o (.text:UART_enableModule)
                  0000d324    0000000c     fatsdraw_pem4f.oem4f (.text:ti_sysbios_family_arm_m3_Hwi_Params__init__S)
                  0000d330    0000000c     sysbios.aem4f : BIOS.obj (.text:ti_sysbios_family_arm_m3_Hwi_disableFxn__E)
                  0000d33c    00000004     --HOLE-- [fill = 0]
                  0000d340    0000000c                   : BIOS.obj (.text:ti_sysbios_family_arm_m3_TaskSupport_checkStack__E)
                  0000d34c    00000004     --HOLE-- [fill = 0]
                  0000d350    0000000c                   : BIOS.obj (.text:ti_sysbios_family_arm_m3_TaskSupport_getStackAlignment__E)
                  0000d35c    00000004     --HOLE-- [fill = 0]
                  0000d360    0000000c                   : BIOS.obj (.text:ti_sysbios_family_arm_m3_TimestampProvider_startTimer__E)
                  0000d36c    00000004     --HOLE-- [fill = 0]
                  0000d370    0000000c                   : BIOS.obj (.text:ti_sysbios_family_arm_msp432_Timer_getMaxTicks__E)
                  0000d37c    00000004     --HOLE-- [fill = 0]
                  0000d380    0000000c                   : BIOS.obj (.text:ti_sysbios_gates_GateHwi_enter__E)
                  0000d38c    0000000c     fatsdraw_pem4f.oem4f (.text:ti_sysbios_knl_Clock_Params__init__S)
                  0000d398    0000000c     sysbios.aem4f : BIOS.obj (.text:ti_sysbios_knl_Clock_getTicks__E)
                  0000d3a4    0000000c     fatsdraw_pem4f.oem4f (.text:ti_sysbios_knl_Queue_Object__get__S)
                  0000d3b0    0000000c     fatsdraw_pem4f.oem4f (.text:ti_sysbios_knl_Semaphore_Params__init__S)
                  0000d3bc    0000000c     fatsdraw_pem4f.oem4f (.text:ti_sysbios_knl_Task_Params__init__S)
                  0000d3c8    0000000c     ti.targets.arm.rtsarm.aem4f : Error.oem4f (.text:xdc_runtime_Error_init__E)
                  0000d3d4    0000000c                                 : Gate.oem4f (.text:xdc_runtime_Gate_enterSystem__E)
                  0000d3e0    0000000c                                 : Memory.oem4f (.text:xdc_runtime_Memory_calloc__E)
                  0000d3ec    0000000c                                 : Memory.oem4f (.text:xdc_runtime_Memory_getMaxDefaultTypeAlign__E)
                  0000d3f8    0000000a     tirtosport.aem4f : ClockP_tirtos.oem4f (.text:ClockP_stop)
                  0000d402    0000000a     drivers_MSP432P401R.aem4f : SDSPI.oem4f (.text:SDSPI_close)
                  0000d40c    0000000a     tirtosport.aem4f : SemaphoreP_tirtos.oem4f (.text:SemaphoreP_post)
                  0000d416    0000000a     drivers_MSP432P401R.aem4f : UART.oem4f (.text:UART_read)
                  0000d420    0000000a                               : UART.oem4f (.text:UART_write)
                  0000d42a    0000000a     ti.mw.fatfs.aem4f : ffosal.oem4f (.text:ff_del_syncobj)
                  0000d434    0000000a     fatsdraw_pem4f.oem4f (.text:xdc_runtime_IHeap_alloc)
                  0000d43e    0000000a     fatsdraw_pem4f.oem4f (.text:xdc_runtime_IHeap_free)
                  0000d448    00000008     tirtosport.aem4f : ClockP_tirtos.oem4f (.text:ClockP_Params_init)
                  0000d450    00000008     msp432p4xx_driverlib.lib : spi.o (.text:EUSCI_A_SPI_getInterruptStatus)
                  0000d458    00000008                              : spi.o (.text:EUSCI_B_SPI_getInterruptStatus)
                  0000d460    00000008     MSP_EXP432P401R.obj (.text:MSP_EXP432P401R_initGPIO)
                  0000d468    00000008     MSP_EXP432P401R.obj (.text:MSP_EXP432P401R_initGeneral)
                  0000d470    00000008     MSP_EXP432P401R.obj (.text:MSP_EXP432P401R_initSDSPI)
                  0000d478    00000008     msp432p4xx_driverlib.lib : pcm.o (.text:PCM_setPowerMode)
                  0000d480    00000008                              : pcm.o (.text:PCM_setPowerState)
                  0000d488    00000008     tirtosport.aem4f : SemaphoreP_tirtos.oem4f (.text:SemaphoreP_Params_init)
                  0000d490    00000008     drivers_MSP432P401R.aem4f : UARTMSP432.oem4f (.text:readSemCallback)
                  0000d498    00000008     sysbios.aem4f : BIOS.obj (.text:ti_sysbios_family_arm_m3_Hwi_doSwiRestore__I)
                  0000d4a0    00000008                   : BIOS.obj (.text:ti_sysbios_family_arm_m3_Hwi_startup__E)
                  0000d4a8    00000008     drivers_MSP432P401R.aem4f : UARTMSP432.oem4f (.text:writeSemCallback)
                  0000d4b0    00000006                               : SDSPIMSP432.oem4f (.text:SDSPIMSP432_control)
                  0000d4b6    00000006     msp432p4xx_driverlib.lib : uart.o (.text:UART_getInterruptStatus)
                  0000d4bc    00000006                              : uart.o (.text:UART_queryStatusFlags)
                  0000d4c2    00000006     rtsv7M4_T_le_v4SPD16_eabi.lib : copy_decompress_rle.obj (.text:decompress:rle24)
                  0000d4c8    00000006     ti.mw.fatfs.aem4f : ff.oem4f (.text:lock_fs)
                  0000d4ce    00000002     --HOLE-- [fill = 0]
                  0000d4d0    00000006     sysbios.aem4f : BIOS.obj (.text:ti_sysbios_family_arm_m3_Hwi_doTaskRestore__I)
                  0000d4d6    00000002     --HOLE-- [fill = 0]
                  0000d4d8    00000006                   : BIOS.obj (.text:ti_sysbios_family_arm_m3_Hwi_restoreFxn__E)
                  0000d4de    00000002     --HOLE-- [fill = 0]
                  0000d4e0    00000006                   : BIOS.obj (.text:ti_sysbios_gates_GateHwi_leave__E)
                  0000d4e6    00000002     --HOLE-- [fill = 0]
                  0000d4e8    00000006                   : BIOS.obj (.text:ti_sysbios_heaps_HeapMem_isBlocking__E)
                  0000d4ee    00000002     --HOLE-- [fill = 0]
                  0000d4f0    00000006                   : BIOS.obj (.text:ti_sysbios_knl_Clock_stop__E)
                  0000d4f6    00000002     --HOLE-- [fill = 0]
                  0000d4f8    00000006                   : BIOS.obj (.text:ti_sysbios_knl_Queue_Instance_init__E)
                  0000d4fe    00000002     --HOLE-- [fill = 0]
                  0000d500    00000006                   : BIOS.obj (.text:ti_sysbios_knl_Swi_startup__E)
                  0000d506    00000006     ti.targets.arm.rtsarm.aem4f : System.oem4f (.text:xdc_runtime_System_Module_startup__E)
                  0000d50c    00000004     --HOLE-- [fill = 0]
                  0000d510    00000004     sysbios.aem4f : BIOS.obj (.text:ti_sysbios_gates_GateHwi_query__E)
                  0000d514    00000004     --HOLE-- [fill = 0]
                  0000d518    00000004                   : BIOS.obj (.text:ti_sysbios_gates_GateMutex_query__E)
                  0000d51c    00000004     --HOLE-- [fill = 0]
                  0000d520    00000004                   : BIOS.obj (.text:ti_sysbios_knl_Clock_setTimeout__E)
                  0000d524    00000004     --HOLE-- [fill = 0]
                  0000d528    00000004                   : BIOS.obj (.text:ti_sysbios_knl_Task_startup__E)
                  0000d52c    00000004     --HOLE-- [fill = 0]
                  0000d530    00000002                   : BIOS.obj (.text:ti_sysbios_family_arm_m3_TimestampProvider_rolloverFunc__E)
                  0000d532    00000006     --HOLE-- [fill = 0]
                  0000d538    00000002                   : BIOS.obj (.text:ti_sysbios_gates_GateHwi_Instance_init__E)
                  0000d53a    00000006     --HOLE-- [fill = 0]
                  0000d540    00000002                   : BIOS.obj (.text:ti_sysbios_knl_Clock_logTick__E)

.const     0    0000d548    00002112     
                  0000d548    000017b3     fatsdraw_pem4f.oem4f (.const:xdc_runtime_Text_charTab__A)
                  0000ecfb    00000101     rtsv7M4_T_le_v4SPD16_eabi.lib : ctype.obj (.const:.string:_ctypes_)
                  0000edfc    000000c4     fatsdraw_pem4f.oem4f (.const:xdc_runtime_Text_nodeTab__A)
                  0000eec0    00000098     rtsv7M4_T_le_v4SPD16_eabi.lib : strtod.obj (.const:$O1$$)
                  0000ef58    00000070     MSP_EXP432P401R.obj (.const:uartMSP432Baudrates)
                  0000efc8    00000060     rtsv7M4_T_le_v4SPD16_eabi.lib : mktime.obj (.const:$O1$$)
                  0000f028    00000048     fatsdraw_pem4f.oem4f (.const:.string)
                  0000f070    00000048     MSP_EXP432P401R.obj (.const:uartMSP432HWAttrs)
                  0000f0b8    0000003c     fatsdraw_pem4f.oem4f (.const:ti_sysbios_knl_Task_Object__PARAMS__C)
                  0000f0f4    00000030     hp_time_po.obj (.const:$P$T0$1)
                  0000f124    00000030     fatsdraw_pem4f.oem4f (.const:ti_sysbios_family_arm_m3_Hwi_Object__PARAMS__C)
                  0000f154    0000002c     fatsdraw_pem4f.oem4f (.const:xdc_runtime_Startup_sfxnTab__A)
                  0000f180    00000028     drivers_MSP432P401R.aem4f : UARTMSP432.oem4f (.const:UARTMSP432_fxnTable)
                  0000f1a8    00000028     fatsdraw_pem4f.oem4f (.const:ti_sysbios_heaps_HeapMem_Module__FXNS__C)
                  0000f1d0    00000024     MSP_EXP432P401R.obj (.const:UART_config)
                  0000f1f4    00000024     drivers_MSP432P401R.aem4f : UART.oem4f (.const:UART_defaultParams)
                  0000f218    00000024                               : UARTMSP432.oem4f (.const)
                  0000f23c    00000024     fatsdraw_pem4f.oem4f (.const:ti_sysbios_gates_GateHwi_Module__FXNS__C)
                  0000f260    00000024     fatsdraw_pem4f.oem4f (.const:ti_sysbios_gates_GateMutex_Module__FXNS__C)
                  0000f284    00000024     fatsdraw_pem4f.oem4f (.const:ti_sysbios_heaps_HeapMem_Object__PARAMS__C)
                  0000f2a8    00000024     fatsdraw_pem4f.oem4f (.const:ti_sysbios_knl_Clock_Object__PARAMS__C)
                  0000f2cc    00000024     fatsdraw_pem4f.oem4f (.const:ti_sysbios_knl_Semaphore_Object__PARAMS__C)
                  0000f2f0    00000020     fatsdraw_pem4f.oem4f (.const:ti_sysbios_family_arm_m3_Hwi_Object__DESC__C)
                  0000f310    00000020     fatsdraw_pem4f.oem4f (.const:ti_sysbios_gates_GateHwi_Object__DESC__C)
                  0000f330    00000020     fatsdraw_pem4f.oem4f (.const:ti_sysbios_gates_GateMutex_Object__DESC__C)
                  0000f350    00000020     fatsdraw_pem4f.oem4f (.const:ti_sysbios_heaps_HeapMem_Object__DESC__C)
                  0000f370    00000020     fatsdraw_pem4f.oem4f (.const:ti_sysbios_knl_Clock_Object__DESC__C)
                  0000f390    00000020     fatsdraw_pem4f.oem4f (.const:ti_sysbios_knl_Queue_Object__DESC__C)
                  0000f3b0    00000020     fatsdraw_pem4f.oem4f (.const:ti_sysbios_knl_Semaphore_Object__DESC__C)
                  0000f3d0    00000020     fatsdraw_pem4f.oem4f (.const:ti_sysbios_knl_Task_Object__DESC__C)
                  0000f3f0    00000018     MSP_EXP432P401R.obj (.const:SDSPI_config)
                  0000f408    00000018     fatsdraw_pem4f.oem4f (.const:ti_sysbios_gates_GateHwi_Object__PARAMS__C)
                  0000f420    00000018     fatsdraw_pem4f.oem4f (.const:ti_sysbios_gates_GateMutex_Object__PARAMS__C)
                  0000f438    00000018     fatsdraw_pem4f.oem4f (.const:ti_sysbios_knl_Queue_Object__PARAMS__C)
                  0000f450    00000016     fatsdraw_pem4f.oem4f (.const:xdc_runtime_Startup_sfxnRts__A)
                  0000f466    00000002     fatsdraw_pem4f.oem4f (.const:ti_sysbios_family_arm_m3_Hwi_Module__id__C)
                  0000f468    00000014     MSP_EXP432P401R.obj (.const:GPIOMSP432_config)
                  0000f47c    00000014     MSP_EXP432P401R.obj (.const:sdspiMSP432HWAttrs)
                  0000f490    00000010     rtsv7M4_T_le_v4SPD16_eabi.lib : _scanfi.obj (.const:$O1$$)
                  0000f4a0    00000010     MSP_EXP432P401R.obj (.const:PowerMSP432_config)
                  0000f4b0    00000010     drivers_MSP432P401R.aem4f : SDSPIMSP432.oem4f (.const)
                  0000f4c0    0000000c                               : GPIOMSP432.oem4f (.const:.string)
                  0000f4cc    0000000c     fatsdraw_pem4f.oem4f (.const:xdc_runtime_Startup_firstFxns__A)
                  0000f4d8    00000008     drivers_MSP432P401R.aem4f : SDSPI.oem4f (.const)
                  0000f4e0    00000008     fatsdraw_pem4f.oem4f (.const:ti_sysbios_family_arm_m3_Hwi_excHookFuncs__A)
                  0000f4e8    00000008     fatsdraw_pem4f.oem4f (.const:ti_sysbios_knl_Idle_funcList__A)
                  0000f4f0    00000008     fatsdraw_pem4f.oem4f (.const:ti_sysbios_knl_Idle_funcList__C)
                  0000f4f8    00000008     fatsdraw_pem4f.oem4f (.const:xdc_runtime_Startup_firstFxns__C)
                  0000f500    00000008     fatsdraw_pem4f.oem4f (.const:xdc_runtime_Startup_lastFxns__C)
                  0000f508    00000005     drivers_MSP432P401R.aem4f : UARTMSP432.oem4f (.const:.string)
                  0000f50d    00000001     fatsdraw_pem4f.oem4f (.const:xdc_runtime_Error_policy__C)
                  0000f50e    00000002     fatsdraw_pem4f.oem4f (.const:ti_sysbios_family_arm_m3_Timer_Module__id__C)
                  0000f510    00000004     fatsdraw_pem4f.oem4f (.const:ti_sysbios_family_arm_m3_Hwi_E_NMI__C)
                  0000f514    00000004     fatsdraw_pem4f.oem4f (.const:ti_sysbios_family_arm_m3_Hwi_E_alreadyDefined__C)
                  0000f518    00000004     fatsdraw_pem4f.oem4f (.const:ti_sysbios_family_arm_m3_Hwi_E_busFault__C)
                  0000f51c    00000004     fatsdraw_pem4f.oem4f (.const:ti_sysbios_family_arm_m3_Hwi_E_debugMon__C)
                  0000f520    00000004     fatsdraw_pem4f.oem4f (.const:ti_sysbios_family_arm_m3_Hwi_E_hardFault__C)
                  0000f524    00000004     fatsdraw_pem4f.oem4f (.const:ti_sysbios_family_arm_m3_Hwi_E_memFault__C)
                  0000f528    00000004     fatsdraw_pem4f.oem4f (.const:ti_sysbios_family_arm_m3_Hwi_E_noIsr__C)
                  0000f52c    00000004     fatsdraw_pem4f.oem4f (.const:ti_sysbios_family_arm_m3_Hwi_E_reserved__C)
                  0000f530    00000004     fatsdraw_pem4f.oem4f (.const:ti_sysbios_family_arm_m3_Hwi_E_svCall__C)
                  0000f534    00000004     fatsdraw_pem4f.oem4f (.const:ti_sysbios_family_arm_m3_Hwi_E_usageFault__C)
                  0000f538    00000004     fatsdraw_pem4f.oem4f (.const:ti_sysbios_family_arm_m3_Hwi_NUM_INTERRUPTS__C)
                  0000f53c    00000004     fatsdraw_pem4f.oem4f (.const:ti_sysbios_family_arm_m3_Hwi_Object__count__C)
                  0000f540    00000004     fatsdraw_pem4f.oem4f (.const:ti_sysbios_family_arm_m3_Hwi_ccr__C)
                  0000f544    00000004     fatsdraw_pem4f.oem4f (.const:ti_sysbios_family_arm_m3_Hwi_excHandlerFunc__C)
                  0000f548    00000004     fatsdraw_pem4f.oem4f (.const:ti_sysbios_family_arm_m3_Hwi_excHookFuncs__C)
                  0000f54c    00000004     fatsdraw_pem4f.oem4f (.const:ti_sysbios_family_arm_m3_Hwi_nullIsrFunc__C)
                  0000f550    00000004     fatsdraw_pem4f.oem4f (.const:ti_sysbios_family_arm_m3_Hwi_priGroup__C)
                  0000f554    00000004     fatsdraw_pem4f.oem4f (.const:ti_sysbios_family_arm_m3_TaskSupport_stackAlignment__C)
                  0000f558    00000004     fatsdraw_pem4f.oem4f (.const:ti_sysbios_family_arm_m3_Timer_E_cannotSupport__C)
                  0000f55c    00000004     fatsdraw_pem4f.oem4f (.const:ti_sysbios_family_arm_m3_Timer_startupNeeded__C)
                  0000f560    00000004     fatsdraw_pem4f.oem4f (.const:ti_sysbios_family_arm_msp432_Timer_numTimerDevices__C)
                  0000f564    00000004     fatsdraw_pem4f.oem4f (.const:ti_sysbios_family_arm_msp432_Timer_startupNeeded__C)
                  0000f568    00000004     fatsdraw_pem4f.oem4f (.const:ti_sysbios_gates_GateMutex_Instance_State_sem__O)
                  0000f56c    00000004     fatsdraw_pem4f.oem4f (.const:ti_sysbios_hal_Hwi_E_stackOverflow__C)
                  0000f570    00000004     fatsdraw_pem4f.oem4f (.const:ti_sysbios_heaps_HeapMem_E_memory__C)
                  0000f574    00000004     fatsdraw_pem4f.oem4f (.const:ti_sysbios_heaps_HeapMem_Module__gateObj__C)
                  0000f578    00000004     fatsdraw_pem4f.oem4f (.const:ti_sysbios_heaps_HeapMem_Object__count__C)
                  0000f57c    00000004     fatsdraw_pem4f.oem4f (.const:ti_sysbios_heaps_HeapMem_reqAlign__C)
                  0000f580    00000004     fatsdraw_pem4f.oem4f (.const:ti_sysbios_knl_Clock_Module_State_clockQ__O)
                  0000f584    00000004     fatsdraw_pem4f.oem4f (.const:ti_sysbios_knl_Clock_tickPeriod__C)
                  0000f588    00000004     fatsdraw_pem4f.oem4f (.const:ti_sysbios_knl_Semaphore_Instance_State_pendQ__O)
                  0000f58c    00000004     fatsdraw_pem4f.oem4f (.const:ti_sysbios_knl_Swi_Object__count__C)
                  0000f590    00000004     fatsdraw_pem4f.oem4f (.const:ti_sysbios_knl_Task_E_spOutOfBounds__C)
                  0000f594    00000004     fatsdraw_pem4f.oem4f (.const:ti_sysbios_knl_Task_E_stackOverflow__C)
                  0000f598    00000004     fatsdraw_pem4f.oem4f (.const:ti_sysbios_knl_Task_Module_State_inactiveQ__O)
                  0000f59c    00000004     fatsdraw_pem4f.oem4f (.const:ti_sysbios_knl_Task_Object__count__C)
                  0000f5a0    00000004     fatsdraw_pem4f.oem4f (.const:ti_sysbios_knl_Task_allBlockedFunc__C)
                  0000f5a4    00000004     fatsdraw_pem4f.oem4f (.const:ti_sysbios_knl_Task_defaultStackHeap__C)
                  0000f5a8    00000004     fatsdraw_pem4f.oem4f (.const:ti_sysbios_knl_Task_defaultStackSize__C)
                  0000f5ac    00000004     fatsdraw_pem4f.oem4f (.const:ti_sysbios_knl_Task_numConstructedTasks__C)
                  0000f5b0    00000004     fatsdraw_pem4f.oem4f (.const:xdc_runtime_Assert_E_assertFailed__C)
                  0000f5b4    00000004     fatsdraw_pem4f.oem4f (.const:xdc_runtime_Core_A_initializedParams__C)
                  0000f5b8    00000004     fatsdraw_pem4f.oem4f (.const:xdc_runtime_Core_Module__diagsEnabled__C)
                  0000f5bc    00000004     fatsdraw_pem4f.oem4f (.const:xdc_runtime_Core_Module__diagsIncluded__C)
                  0000f5c0    00000004     fatsdraw_pem4f.oem4f (.const:xdc_runtime_Core_Module__diagsMask__C)
                  0000f5c4    00000004     fatsdraw_pem4f.oem4f (.const:xdc_runtime_Error_E_memory__C)
                  0000f5c8    00000004     fatsdraw_pem4f.oem4f (.const:xdc_runtime_Error_Module__diagsEnabled__C)
                  0000f5cc    00000004     fatsdraw_pem4f.oem4f (.const:xdc_runtime_Error_Module__diagsIncluded__C)
                  0000f5d0    00000004     fatsdraw_pem4f.oem4f (.const:xdc_runtime_Error_Module__diagsMask__C)
                  0000f5d4    00000004     fatsdraw_pem4f.oem4f (.const:xdc_runtime_Error_Module__loggerFxn8__C)
                  0000f5d8    00000004     fatsdraw_pem4f.oem4f (.const:xdc_runtime_Error_Module__loggerObj__C)
                  0000f5dc    00000004     fatsdraw_pem4f.oem4f (.const:xdc_runtime_Error_policyFxn__C)
                  0000f5e0    00000004     fatsdraw_pem4f.oem4f (.const:xdc_runtime_Error_raiseHook__C)
                  0000f5e4    00000004     fatsdraw_pem4f.oem4f (.const:xdc_runtime_IGateProvider_Interface__BASE__C)
                  0000f5e8    00000004     fatsdraw_pem4f.oem4f (.const:xdc_runtime_IHeap_Interface__BASE__C)
                  0000f5ec    00000004     fatsdraw_pem4f.oem4f (.const:xdc_runtime_IModule_Interface__BASE__C)
                  0000f5f0    00000004     fatsdraw_pem4f.oem4f (.const:xdc_runtime_Log_L_error__C)
                  0000f5f4    00000004     fatsdraw_pem4f.oem4f (.const:xdc_runtime_Memory_defaultHeapInstance__C)
                  0000f5f8    00000004     fatsdraw_pem4f.oem4f (.const:xdc_runtime_Startup_execImpl__C)
                  0000f5fc    00000004     fatsdraw_pem4f.oem4f (.const:xdc_runtime_Startup_lastFxns__A)
                  0000f600    00000004     fatsdraw_pem4f.oem4f (.const:xdc_runtime_Startup_maxPasses__C)
                  0000f604    00000004     fatsdraw_pem4f.oem4f (.const:xdc_runtime_Startup_sfxnRts__C)
                  0000f608    00000004     fatsdraw_pem4f.oem4f (.const:xdc_runtime_Startup_sfxnTab__C)
                  0000f60c    00000004     fatsdraw_pem4f.oem4f (.const:xdc_runtime_SysMin_bufSize__C)
                  0000f610    00000004     fatsdraw_pem4f.oem4f (.const:xdc_runtime_SysMin_outputFunc__C)
                  0000f614    00000004     fatsdraw_pem4f.oem4f (.const:xdc_runtime_System_Module__gateObj__C)
                  0000f618    00000004     fatsdraw_pem4f.oem4f (.const:xdc_runtime_System_abortFxn__C)
                  0000f61c    00000004     fatsdraw_pem4f.oem4f (.const:xdc_runtime_System_exitFxn__C)
                  0000f620    00000004     fatsdraw_pem4f.oem4f (.const:xdc_runtime_System_extendFxn__C)
                  0000f624    00000004     fatsdraw_pem4f.oem4f (.const:xdc_runtime_System_maxAtexitHandlers__C)
                  0000f628    00000004     fatsdraw_pem4f.oem4f (.const:xdc_runtime_Text_charTab__C)
                  0000f62c    00000004     fatsdraw_pem4f.oem4f (.const:xdc_runtime_Text_nameEmpty__C)
                  0000f630    00000004     fatsdraw_pem4f.oem4f (.const:xdc_runtime_Text_nameStatic__C)
                  0000f634    00000004     fatsdraw_pem4f.oem4f (.const:xdc_runtime_Text_nameUnknown__C)
                  0000f638    00000004     fatsdraw_pem4f.oem4f (.const:xdc_runtime_Text_nodeTab__C)
                  0000f63c    00000004     fatsdraw_pem4f.oem4f (.const:xdc_runtime_Text_visitRopeFxn__C)
                  0000f640    00000002     fatsdraw_pem4f.oem4f (.const:ti_sysbios_family_arm_m3_TimestampProvider_configTimer__C)
                  0000f642    00000002     fatsdraw_pem4f.oem4f (.const:ti_sysbios_hal_Hwi_Module__id__C)
                  0000f644    00000002     fatsdraw_pem4f.oem4f (.const:ti_sysbios_heaps_HeapMem_Module__id__C)
[...]
0000d461  MSP_EXP432P401R_initGPIO                                    
0000d469  MSP_EXP432P401R_initGeneral                                 
0000d471  MSP_EXP432P401R_initSDSPI                                   
0000d479  PCM_setPowerMode                                            
0000d481  PCM_setPowerState                                           
0000d489  SemaphoreP_Params_init                                      
0000d499  ti_sysbios_family_arm_m3_Hwi_doSwiRestore__I                
0000d4a1  ti_sysbios_family_arm_m3_Hwi_startup__E                     
0000d4a1  ti_sysbios_hal_Hwi_HwiProxy_startup__E                      
0000d4b1  SDSPIMSP432_control                                         
0000d4b7  UART_getInterruptStatus                                     
0000d4bd  UART_queryStatusFlags                                       
0000d4c3  __TI_decompress_rle24                                       
0000d4d1  ti_sysbios_family_arm_m3_Hwi_doTaskRestore__I               
0000d4d9  HwiP_restore                                                
0000d4d9  ti_sysbios_family_arm_m3_Hwi_restoreFxn__E                  
0000d4d9  ti_sysbios_hal_Hwi_HwiProxy_restore__E                      
0000d4e1  ti_sysbios_gates_GateHwi_leave__E                           
0000d4e9  ti_sysbios_heaps_HeapMem_isBlocking__E                      
0000d4f1  ti_sysbios_knl_Clock_stop__E                                
0000d4f9  ti_sysbios_knl_Queue_Instance_init__E                       
0000d501  ti_sysbios_knl_Swi_startup__E                               
0000d507  xdc_runtime_System_Module_startup__E                        
0000d511  ti_sysbios_gates_GateHwi_query__E                           
0000d511  xdc_runtime_Main_Module_GateProxy_query__E                  
0000d511  xdc_runtime_System_Module_GateProxy_query__E                
0000d519  ti_sysbios_BIOS_RtsGateProxy_query__E                       
0000d519  ti_sysbios_gates_GateMutex_query__E                         
0000d519  ti_sysbios_heaps_HeapMem_Module_GateProxy_query__E          
0000d521  ti_sysbios_knl_Clock_setTimeout__E                          
0000d529  ti_sysbios_knl_Task_startup__E                              
0000d531  ti_sysbios_family_arm_m3_TimestampProvider_rolloverFunc__E  
0000d539  ti_sysbios_gates_GateHwi_Instance_init__E                   
0000d541  ti_sysbios_knl_Clock_logTick__E                             
0000d548  xdc_runtime_Text_charTab__A                                 
0000ecfb  _ctypes_                                                    
0000edfc  xdc_runtime_Text_nodeTab__A                                 
0000ef58  uartMSP432Baudrates                                         
0000f070  uartMSP432HWAttrs                                           
0000f0b8  ti_sysbios_knl_Task_Object__PARAMS__C                       
0000f124  ti_sysbios_family_arm_m3_Hwi_Object__PARAMS__C              
0000f154  xdc_runtime_Startup_sfxnTab__A                              
0000f180  UARTMSP432_fxnTable                                         
0000f1a8  ti_sysbios_heaps_HeapMem_Module__FXNS__C                    
0000f1d0  UART_config                                                 
0000f1f4  UART_defaultParams                                          
0000f23c  ti_sysbios_gates_GateHwi_Module__FXNS__C                    
0000f260  ti_sysbios_gates_GateMutex_Module__FXNS__C                  
0000f284  ti_sysbios_heaps_HeapMem_Object__PARAMS__C                  
0000f2a8  ti_sysbios_knl_Clock_Object__PARAMS__C                      
0000f2cc  ti_sysbios_knl_Semaphore_Object__PARAMS__C                  
0000f2f0  ti_sysbios_family_arm_m3_Hwi_Object__DESC__C                
0000f310  ti_sysbios_gates_GateHwi_Object__DESC__C                    
0000f330  ti_sysbios_gates_GateMutex_Object__DESC__C                  
0000f350  ti_sysbios_heaps_HeapMem_Object__DESC__C                    
0000f370  ti_sysbios_knl_Clock_Object__DESC__C                        
0000f390  ti_sysbios_knl_Queue_Object__DESC__C                        
0000f3b0  ti_sysbios_knl_Semaphore_Object__DESC__C                    
0000f3d0  ti_sysbios_knl_Task_Object__DESC__C                         
0000f3f0  SDSPI_config                                                
0000f408  ti_sysbios_gates_GateHwi_Object__PARAMS__C                  
0000f420  ti_sysbios_gates_GateMutex_Object__PARAMS__C                
0000f438  ti_sysbios_knl_Queue_Object__PARAMS__C                      
0000f450  xdc_runtime_Startup_sfxnRts__A                              
0000f466  ti_sysbios_family_arm_m3_Hwi_Module__id__C                  
0000f468  GPIOMSP432_config                                           
0000f47c  sdspiMSP432HWAttrs                                          
0000f4a0  PowerMSP432_config                                          
0000f4b0  SDSPIMSP432_fxnTable                                        
0000f4cc  xdc_runtime_Startup_firstFxns__A                            
0000f4d8  SDSPI_defaultParams                                         
0000f4e0  ti_sysbios_family_arm_m3_Hwi_excHookFuncs__A                
0000f4e8  ti_sysbios_knl_Idle_funcList__A                             
0000f4f0  ti_sysbios_knl_Idle_funcList__C                             
0000f4f8  xdc_runtime_Startup_firstFxns__C                            
0000f500  xdc_runtime_Startup_lastFxns__C                             
0000f50d  xdc_runtime_Error_policy__C                                 
0000f50e  ti_sysbios_family_arm_m3_Timer_Module__id__C                
0000f510  ti_sysbios_family_arm_m3_Hwi_E_NMI__C                       
0000f514  ti_sysbios_family_arm_m3_Hwi_E_alreadyDefined__C            
0000f518  ti_sysbios_family_arm_m3_Hwi_E_busFault__C                  
0000f51c  ti_sysbios_family_arm_m3_Hwi_E_debugMon__C                  
0000f520  ti_sysbios_family_arm_m3_Hwi_E_hardFault__C                 
0000f524  ti_sysbios_family_arm_m3_Hwi_E_memFault__C                  
0000f528  ti_sysbios_family_arm_m3_Hwi_E_noIsr__C                     
0000f52c  ti_sysbios_family_arm_m3_Hwi_E_reserved__C                  
0000f530  ti_sysbios_family_arm_m3_Hwi_E_svCall__C                    
0000f534  ti_sysbios_family_arm_m3_Hwi_E_usageFault__C                
0000f538  ti_sysbios_family_arm_m3_Hwi_NUM_INTERRUPTS__C              
0000f53c  ti_sysbios_family_arm_m3_Hwi_Object__count__C               
0000f540  ti_sysbios_family_arm_m3_Hwi_ccr__C                         
0000f544  ti_sysbios_family_arm_m3_Hwi_excHandlerFunc__C              
0000f548  ti_sysbios_family_arm_m3_Hwi_excHookFuncs__C                
0000f54c  ti_sysbios_family_arm_m3_Hwi_nullIsrFunc__C                 
0000f550  ti_sysbios_family_arm_m3_Hwi_priGroup__C                    
0000f554  ti_sysbios_family_arm_m3_TaskSupport_stackAlignment__C      
0000f558  ti_sysbios_family_arm_m3_Timer_E_cannotSupport__C           
0000f55c  ti_sysbios_family_arm_m3_Timer_startupNeeded__C             
0000f560  ti_sysbios_family_arm_msp432_Timer_numTimerDevices__C       
0000f564  ti_sysbios_family_arm_msp432_Timer_startupNeeded__C         
0000f568  ti_sysbios_gates_GateMutex_Instance_State_sem__O            
0000f56c  ti_sysbios_hal_Hwi_E_stackOverflow__C                       
0000f570  ti_sysbios_heaps_HeapMem_E_memory__C                        
0000f574  ti_sysbios_heaps_HeapMem_Module__gateObj__C                 
0000f578  ti_sysbios_heaps_HeapMem_Object__count__C                   
0000f57c  ti_sysbios_heaps_HeapMem_reqAlign__C                        
0000f580  ti_sysbios_knl_Clock_Module_State_clockQ__O                 
0000f584  ti_sysbios_knl_Clock_tickPeriod__C                          
0000f588  ti_sysbios_knl_Semaphore_Instance_State_pendQ__O            
0000f58c  ti_sysbios_knl_Swi_Object__count__C                         
0000f590  ti_sysbios_knl_Task_E_spOutOfBounds__C                      
0000f594  ti_sysbios_knl_Task_E_stackOverflow__C                      
0000f598  ti_sysbios_knl_Task_Module_State_inactiveQ__O               
0000f59c  ti_sysbios_knl_Task_Object__count__C                        
0000f5a0  ti_sysbios_knl_Task_allBlockedFunc__C                       
0000f5a4  ti_sysbios_knl_Task_defaultStackHeap__C                     
0000f5a8  ti_sysbios_knl_Task_defaultStackSize__C                     
0000f5ac  ti_sysbios_knl_Task_numConstructedTasks__C                  
0000f5b0  xdc_runtime_Assert_E_assertFailed__C                        
0000f5b4  xdc_runtime_Core_A_initializedParams__C                     
0000f5b8  xdc_runtime_Core_Module__diagsEnabled__C                    
0000f5bc  xdc_runtime_Core_Module__diagsIncluded__C                   
0000f5c0  xdc_runtime_Core_Module__diagsMask__C                       
0000f5c4  xdc_runtime_Error_E_memory__C                               
0000f5c8  xdc_runtime_Error_Module__diagsEnabled__C                   
0000f5cc  xdc_runtime_Error_Module__diagsIncluded__C                  
0000f5d0  xdc_runtime_Error_Module__diagsMask__C                      
0000f5d4  xdc_runtime_Error_Module__loggerFxn8__C                     
0000f5d8  xdc_runtime_Error_Module__loggerObj__C                      
0000f5dc  xdc_runtime_Error_policyFxn__C                              
0000f5e0  xdc_runtime_Error_raiseHook__C                              
0000f5e4  xdc_runtime_IGateProvider_Interface__BASE__C                
0000f5e8  xdc_runtime_IHeap_Interface__BASE__C                        
0000f5ec  xdc_runtime_IModule_Interface__BASE__C                      
0000f5f0  xdc_runtime_Log_L_error__C                                  
0000f5f4  xdc_runtime_Memory_defaultHeapInstance__C                   
0000f5f8  xdc_runtime_Startup_execImpl__C                             
0000f5fc  xdc_runtime_Startup_lastFxns__A                             
0000f600  xdc_runtime_Startup_maxPasses__C                            
0000f604  xdc_runtime_Startup_sfxnRts__C                              
0000f608  xdc_runtime_Startup_sfxnTab__C                              
0000f60c  xdc_runtime_SysMin_bufSize__C                               
0000f610  xdc_runtime_SysMin_outputFunc__C                            
0000f614  xdc_runtime_System_Module__gateObj__C                       
0000f618  xdc_runtime_System_abortFxn__C                              
0000f61c  xdc_runtime_System_exitFxn__C                               
0000f620  xdc_runtime_System_extendFxn__C                             
0000f624  xdc_runtime_System_maxAtexitHandlers__C                     
0000f628  xdc_runtime_Text_charTab__C                                 
0000f62c  xdc_runtime_Text_nameEmpty__C                               
0000f630  xdc_runtime_Text_nameStatic__C                              
0000f634  xdc_runtime_Text_nameUnknown__C                             
0000f638  xdc_runtime_Text_nodeTab__C                                 
0000f63c  xdc_runtime_Text_visitRopeFxn__C                            
0000f640  ti_sysbios_family_arm_m3_TimestampProvider_configTimer__C   
0000f642  ti_sysbios_hal_Hwi_Module__id__C                            
0000f644  ti_sysbios_heaps_HeapMem_Module__id__C                      
0000f646  ti_sysbios_knl_Task_Module__id__C                           
0000f648  xdc_runtime_Core_Module__id__C                              
0000f64a  xdc_runtime_Error_Module__loggerDefined__C                  
0000f64c  xdc_runtime_Error_maxDepth__C                               
0000f64e  xdc_runtime_Memory_Module__id__C                            
0000f650  xdc_runtime_SysMin_flushAtExit__C                           
0000f652  xdc_runtime_Text_charCnt__C                                 
0000f654  xdc_runtime_Text_isLoaded__C                                
0000f656  xdc_runtime_Text_registryModsLastId__C                      
0000f658  xdc_runtime_Text_unnamedModsLastId__C                       
0000f660  __TI_static_base__                                          
0000fb3c  __TI_Handler_Table_Base                                     
0000fb44  __TI_CINIT_Base                                             
0000fb44  __TI_Handler_Table_Limit                                    
0000fb5c  __TI_CINIT_Limit                                            
20000000  ti_sysbios_family_arm_m3_Hwi_ramVectors                     
20000140  ti_sysbios_heaps_HeapMem_Instance_State_0_buf__A            
20001140  data_buffer                                                 
20001f50  textarray                                                   
20002d60  Uart_taskStack                                              
20003964  WriteSD_taskStack                                           
20004164  xdc_runtime_SysMin_Module_State_0_outbuf__A                 
20004564  sdspiMSP432Objects                                          
200047b8  src                                                         
200049dc  curValue                                                    
200049e0  ti_sysbios_knl_Task_Instance_State_0_stack__A               
20004be0  ti_sysbios_family_arm_m3_Hwi_dispatchTable                  
20004d20  __CIOBUF_                                                   
20004e40  uartMSP432Objects                                           
20004f40  printbuffer                                                 
20005044  Uart_taskStruct                                             
20005094  WriteSD_taskStruct                                          
200050e4  uartMSP432RingBuffer                                        
2000517c  inputfile                                                   
200051ac  print_ads1281_data                                          
200051bc  print_ads1281_value                                         
200051e4  curValue_buff                                               
200051e8  time_offset                                                 
200051f0  curValue_buff2                                              
200051f4  one_sec_ticks                                               
200052d0  PowerMSP432_perfLevels                                      
2000536c  ti_sysbios_knl_Swi_Module_State_0_readyQ__A                 
200053ec  ti_sysbios_knl_Task_Module_State_0_readyQ__A                
20005470  outPUT_mms                                                  
20005478  NOW_Time                                                    
20005480  ads1281_data1                                               
20005484  ads1281_data2                                               
20005488  ads1281_data3                                               
2000548c  ads1281_data4                                               
20005490  ads1281_value                                               
20005494  get_print                                                   
20005498  fatfs_write_Time                                            
200054a0  fileSize                                                    
200054a4  adc_counter                                                 
200054a8  start_loggering                                             
200054ac  databuuer_is_Full                                           
200054b0  first_GPS_string                                            
200054b4  first_GPS_pps                                               
200054b8  gps_time                                                    
200054c0  gps_time2                                                   
200054c8  avg_c                                                       
200054cc  delay_c                                                     
20005528  ti_sysbios_family_arm_msp432_Timer_Object__table__V         
20005574  ti_sysbios_knl_Task_Object__table__V                        
200055c0  ti_sysbios_knl_Task_Module__state__V                        
20005604  gpioPinConfigs                                              
20005640  ti_sysbios_gates_GateMutex_Object__table__V                 
20005678  ti_sysbios_family_arm_m3_Hwi_Module__state__V               
2000570c  ti_sysbios_family_arm_m3_Hwi_Object__table__V               
2000573c  ti_sysbios_family_arm_m3_Timer_Object__table__V             
2000576c  ti_sysbios_knl_Swi_Object__table__V                         
2000579c  ti_sysbios_knl_Clock_Module__state__V                       
200057c8  PowerMSP432_module                                          
20005810  ti_sysbios_BIOS_Module__state__V                            
20005834  ti_sysbios_family_arm_msp432_Timer_Module_State_0_device__A 
20005854  ti_sysbios_knl_Swi_Module__state__V                         
20005870  GPS_Time_String                                             
2000588c  ti_sysbios_heaps_HeapMem_Object__table__V                   
200058a4  _tz                                                         
200058b4  gpioCallbackFunctions                                       
200058c4  ti_sysbios_family_arm_msp432_Timer_Module_State_0_handles__A
200058d4  __TI_cleanup_ptr                                            
200058d8  __TI_dtors_ptr                                              
200058dc  __TI_enable_exit_profile_output                             
200058e0  ti_sysbios_family_arm_m3_Timer_Module__state__V             
200058ec  ti_sysbios_family_arm_msp432_ClockFreqs_Module__state__V    
200058f8  ti_sysbios_family_arm_msp432_Timer_Module__state__V         
20005904  xdc_runtime_SysMin_Module__state__V                         
20005910  _lock                                                       
20005914  _unlock                                                     
20005918  ti_sysbios_family_arm_m3_Hwi_Module__root__V                
20005920  ti_sysbios_gates_GateHwi_Module__root__V                    
20005928  ti_sysbios_gates_GateMutex_Module__root__V                  
20005930  ti_sysbios_heaps_HeapMem_Module__root__V                    
20005938  ti_sysbios_knl_Clock_Module__root__V                        
20005940  ti_sysbios_knl_Queue_Module__root__V                        
20005948  ti_sysbios_knl_Semaphore_Module__root__V                    
20005950  ti_sysbios_knl_Task_Module__root__V                         
20005958  xdc_runtime_Registry_Module__state__V                       
20005960  xdc_runtime_Startup_Module__state__V                        
20005968  xdc_runtime_System_Module_State_0_atexitHandlers__A         
20005970  xdc_runtime_System_Module__state__V                         
20005980  errno                                                       
20005984  main_func_sp                                                
2000598c  ti_sysbios_family_arm_m3_Hwi_Module_State_0_excContext__A   
20005990  ti_sysbios_family_arm_m3_Hwi_Module_State_0_excStack__A     
20005994  ti_sysbios_family_arm_m3_TimestampProvider_Module__state__V 
20005998  ti_sysbios_gates_GateHwi_Object__table__V                   
2000599c  ti_sysbios_knl_Task_Module_State_0_idleTask__A              
200059a0  xdc_runtime_Memory_Module__state__V                         
200059a4  ti_sysbios_family_arm_m3_Hwi_Module_State_0_excActive__A    
200059a6  xdc_runtime_Error_Module__state__V                          
2000fd00  __stack                                                     
20010000  __STACK_END                                                 
4000480c  WDTCTL_SYM                                                  
e000e000  ti_sysbios_family_arm_m3_Hwi_nvic                           
ffffffff  __TI_pprof_out_hndl                                         
ffffffff  __TI_prof_data_size                                         
ffffffff  __TI_prof_data_start                                        
ffffffff  __binit__                                                   
ffffffff  __c_args__                                                  
ffffffff  binit                                                       
UNDEFED   SHT$$INIT_ARRAY$$Base                                       
UNDEFED   SHT$$INIT_ARRAY$$Limit                                      

[842 symbols]
