******************************************************************************
                  TI ARM Linker PC v16.3.0                     
******************************************************************************
>> Linked Thu Sep 22 15:16:00 2016

OUTPUT FILE NAME:   <MSP432_data_Logger.out>
ENTRY POINT SYMBOL: "_c_int00"  address: 00008905


MEMORY CONFIGURATION

         name            origin    length      used     unused   attr    fill
----------------------  --------  ---------  --------  --------  ----  --------
  MAIN                  00000000   00040000  0000e164  00031e9c  R  X
  INFO                  00200000   00004000  00000000  00004000  R  X
  SRAM_CODE             01000000   00010000  00000000  00010000  RW X
  SRAM_DATA             20000000   00010000  00009937  000066c9  RW  


SEGMENT ALLOCATION MAP

run origin  load origin   length   init length attrs members
----------  ----------- ---------- ----------- ----- -------
00000000    00000000    0000e16c   0000e16c    r-x
  00000000    00000000    0000003c   0000003c    r-- .resetVecs
  00000040    00000040    0000bc1a   0000bc1a    r-x .text
  0000bc5c    0000bc5c    0000203a   0000203a    r-- .const
  0000dc98    0000dc98    000004d4   000004d4    r-- .cinit
20000000    20000000    00009639   00000000    rw-
  20000000    20000000    00000140   00000000    rw- .vecs
  20000140    20000140    00008d86   00000000    rw- .bss
  20008ec8    20008ec8    00000771   00000000    rw- .data
2000fd00    2000fd00    00000300   00000000    rw-
  2000fd00    2000fd00    00000300   00000000    rw- .stack


SECTION ALLOCATION MAP

 output                                  attributes/
section   page    origin      length       input sections
--------  ----  ----------  ----------   ----------------
.text      0    00000040    0000bc1a     
                  00000040    00001110     rtsv7M4_T_le_v4SPD16_eabi.lib : _printfi.obj (.text)
                  00001150    00000430     sysbios.aem4f : BIOS.obj (.text:ti_sysbios_family_arm_m3_Hwi_excDumpRegs__I)
                  00001580    0000034c     ti.targets.arm.rtsarm.aem4f : System.oem4f (.text:xdc_runtime_System_doPrint__I)
                  000018cc    00000324     ti.mw.fatfs.aem4f : ff.oem4f (.text:find_volume)
                  00001bf0    00000324     rtsv7M4_T_le_v4SPD16_eabi.lib : trgdrv.obj (.text)
                  00001f14    0000030c                                   : lowlev.obj (.text)
                  00002220    000002e4     fatsdraw.obj (.text:hwi_GetADS1281Data_Fxn)
                  00002504    0000029c     rtsv7M4_T_le_v4SPD16_eabi.lib : mktime.obj (.text)
                  000027a0    00000260     drivers_MSP432P401R.aem4f : UARTMSP432.oem4f (.text:UARTMSP432_open)
                  00002a00    0000023c                               : SDSPIMSP432.oem4f (.text:SDSPIMSP432_diskInitialize)
                  00002c3c    0000021e     rtsv7M4_T_le_v4SPD16_eabi.lib : ll_div_t2.obj (.text)
                  00002e5a    00000002     power_tirtos_MSP432P401R.aem4f : PowerMSP432_tirtos.oem4f (.text:PowerMSP432_initPolicy)
                  00002e5c    00000214     fatsdraw.obj (.text:task_Uart_Fxn)
                  00003070    000001f4     rtsv7M4_T_le_v4SPD16_eabi.lib : ull_div_t2.obj (.text)
                  00003264    000001c4     drivers_MSP432P401R.aem4f : SDSPIMSP432.oem4f (.text:send_cmd)
                  00003428    000001b6     rtsv7M4_T_le_v4SPD16_eabi.lib : fd_add_t2.obj (.text)
                  000035de    00000002                                   : i_div0.obj (.text)
                  000035e0    000001ac     fatsdraw.obj (.text:task_WriteSD_Fxn)
                  0000378c    000001a4     ti.mw.fatfs.aem4f : ff.oem4f (.text:f_write)
                  00003930    000001a0     msp432p4xx_driverlib.lib : pcm.o (.text:__PCM_setPowerStateAdvanced)
                  00003ad0    0000019c     drivers_MSP432P401R.aem4f : SDSPIMSP432.oem4f (.text:SDSPIMSP432_open)
                  00003c6c    00000178     ti.mw.fatfs.aem4f : ff.oem4f (.text:f_read)
                  00003de4    00000004     msp432p4xx_driverlib.lib : cpu.o (.text:CPU_wfi)
                  00003de8    00000174     sysbios.aem4f : BIOS.obj (.text:ti_sysbios_family_arm_m3_Hwi_excBusFault__I)
                  00003f5c    00000164     ti.mw.fatfs.aem4f : ff.oem4f (.text:f_open)
                  000040c0    00000164     sysbios.aem4f : BIOS.obj (.text:ti_sysbios_family_arm_m3_Hwi_excUsageFault__I)
                  00004224    00000162     drivers_MSP432P401R.aem4f : SDSPIMSP432.oem4f (.text:xmit_datablock)
                  00004386    0000015a     ti.mw.fatfs.aem4f : ff.oem4f (.text:f_lseek)
                  000044e0    00000148     sysbios.aem4f : BIOS.obj (.text:ti_sysbios_family_arm_m3_Hwi_excMemFault__I)
                  00004628    00000140     drivers_MSP432P401R.aem4f : GPIOMSP432.oem4f (.text:GPIO_setConfig)
                  00004768    00000138     rtsv7M4_T_le_v4SPD16_eabi.lib : localtim.obj (.text)
                  000048a0    00000138     sysbios.aem4f : BIOS.obj (.text:ti_sysbios_knl_Semaphore_pend__E)
                  000049d8    00000136     rtsv7M4_T_le_v4SPD16_eabi.lib : fd_div_t2.obj (.text)
                  00004b0e    00000002                                   : l_div0.obj (.text)
                  00004b10    00000123     ti.mw.fatfs.aem4f : ff.oem4f (.text:create_name)
                  00004c33    00000001     --HOLE-- [fill = 0]
                  00004c34    00000118     ti.targets.arm.rtsarm.aem4f : Error.oem4f (.text:xdc_runtime_Error_policyDefault__E)
                  00004d4c    00000110     drivers_MSP432P401R.aem4f : SDSPIMSP432.oem4f (.text:SDSPIMSP432_diskIOctrl)
                  00004e5c    00000004     msp432p4xx_driverlib.lib : spi.o (.text:EUSCI_A_SPI_transmitData)
                  00004e60    0000010c     sysbios.aem4f : BIOS.obj (.text:ti_sysbios_family_arm_m3_Hwi_excFillContext__I)
                  00004f6c    00000004     msp432p4xx_driverlib.lib : spi.o (.text:EUSCI_B_SPI_transmitData)
                  00004f70    00000108     sysbios.aem4f : BIOS.obj (.text:ti_sysbios_family_arm_m3_Hwi_excHandlerMax__I)
                  00005078    00000100     drivers_MSP432P401R.aem4f : SDSPIMSP432.oem4f (.text:SDSPIMSP432_diskWrite)
                  00005178    00000100     ti.targets.arm.rtsarm.aem4f : Core-mem.oem4f (.text:xdc_runtime_Core_createObject__I)
                  00005278    000000fe     ti.mw.fatfs.aem4f : ff.oem4f (.text:f_rename)
                  00005376    000000fc     rtsv7M4_T_le_v4SPD16_eabi.lib : fd_mul_t2.obj (.text)
                  00005472    00000002     fatsdraw_pem4f.oem4f (.text:ti_sysbios_BIOS_nullFunc__I)
                  00005474    000000fc     rtsv7M4_T_le_v4SPD16_eabi.lib : s_scalbn.obj (.text)
                  00005570    000000fa     ti.mw.fatfs.aem4f : ff.oem4f (.text:dir_next)
                  0000566a    00000002     --HOLE-- [fill = 0]
                  0000566c    000000f8     ti.targets.arm.rtsarm.aem4f : Startup.oem4f (.text:xdc_runtime_Startup_startMods__I)
                  00005764    000000f8     fatsdraw_pem4f.oem4f (.text:xdc_runtime_System_printfExtend__I)
                  0000585c    000000f4     drivers_MSP432P401R.aem4f : PowerMSP432.oem4f (.text:Power_sleep)
                  00005950    000000f4     sysbios.aem4f : m3_Hwi_asm.obj (.text:ti_sysbios_family_arm_m3_Hwi_dispatch__I)
                  00005a44    000000f0     drivers_MSP432P401R.aem4f : PowerMSP432.oem4f (.text:initPerfControl)
                  00005b34    000000f0                               : SDSPIMSP432.oem4f (.text:rcvr_datablock)
                  00005c24    000000ec     ti.mw.fatfs.aem4f : ff.oem4f (.text:put_fat)
                  00005d10    000000e4     fatsdraw.obj (.text:main)
                  00005df4    000000e0     msp432p4xx_driverlib.lib : cs.o (.text:CS_initClockSignal)
                  00005ed4    000000e0     drivers_MSP432P401R.aem4f : SDSPIMSP432.oem4f (.text:SDSPIMSP432_diskRead)
                  00005fb4    000000dc     msp432p4xx_driverlib.lib : pcm.o (.text:__PCM_setPowerModeAdvanced)
                  00006090    000000d6     ti.mw.fatfs.aem4f : ff.oem4f (.text:get_fat)
                  00006166    00000002     --HOLE-- [fill = 0]
                  00006168    000000cc     sysbios.aem4f : BIOS.obj (.text:ti_sysbios_heaps_HeapMem_alloc__E)
                  00006234    00000004     tirtosport.aem4f : HwiP_tirtos.oem4f (.text:HwiP_disable)
                  00006238    000000cc     sysbios.aem4f : BIOS.obj (.text:ti_sysbios_knl_Task_Instance_init__E)
                  00006304    000000cc     ti.targets.arm.rtsarm.aem4f : Core-smem.oem4f (.text:xdc_runtime_Core_constructObject__I)
                  000063d0    000000c0     sysbios.aem4f : BIOS.obj (.text:ti_sysbios_knl_Task_sleep__E)
                  00006490    000000bc                   : BIOS.obj (.text:ti_sysbios_family_arm_m3_Hwi_excDebugMon__I)
                  0000654c    00000004     drivers_MSP432P401R.aem4f : List.oem4f (.text:List_head)
                  00006550    000000bc     sysbios.aem4f : BIOS.obj (.text:ti_sysbios_family_arm_m3_Hwi_excHardFault__I)
                  0000660c    00000004     drivers_MSP432P401R.aem4f : List.oem4f (.text:List_next)
                  00006610    000000bc     sysbios.aem4f : BIOS.obj (.text:ti_sysbios_knl_Task_Instance_finalize__E)
                  000066cc    000000b8     ti.mw.fatfs.aem4f : ffcio.oem4f (.text:ffcio_open)
                  00006784    000000b4                       : ff.oem4f (.text:sync_fs)
                  00006838    000000b4     sysbios.aem4f : BIOS.obj (.text:ti_sysbios_knl_Task_checkStacks__E)
                  000068ec    000000b0     drivers_MSP432P401R.aem4f : UARTMSP432.oem4f (.text:UARTMSP432_readPolling)
                  0000699c    000000b0     msp432p4xx_driverlib.lib : pcm.o (.text:__PCM_setCoreVoltageLevelAdvanced)
                  00006a4c    000000a8     ti.mw.fatfs.aem4f : ff.oem4f (.text:create_chain)
                  00006af4    00000004     drivers_MSP432P401R.aem4f : PowerMSP432.oem4f (.text:PowerMSP432_getNumPerfLevels)
                  00006af8    000000a8     sysbios.aem4f : BIOS.obj (.text:ti_sysbios_family_arm_msp432_Timer_periodicStub__E)
                  00006ba0    000000a4     drivers_MSP432P401R.aem4f : UARTMSP432.oem4f (.text:UARTMSP432_control)
                  00006c44    000000a4     ti.mw.fatfs.aem4f : ff.oem4f (.text:f_unlink)
                  00006ce8    000000a0     auto_init.aem4f : auto_init.oem4f (.text)
                  00006d88    000000a0     ti.targets.arm.rtsarm.aem4f : Text.oem4f (.text:xdc_runtime_Text_putMod__E)
                  00006e28    0000009c     ti.mw.fatfs.aem4f : ff.oem4f (.text:f_sync)
                  00006ec4    0000009c     drivers_MSP432P401R.aem4f : UARTMSP432.oem4f (.text:readTaskBlocking)
                  00006f60    0000009c     rtsv7M4_T_le_v4SPD16_eabi.lib : memcpy_t2.obj (.text)
                  00006ffc    0000009a     ti.targets.arm.rtsarm.aem4f : Text.oem4f (.text:xdc_runtime_Text_putSite__E)
                  00007096    00000002     --HOLE-- [fill = 0]
                  00007098    00000094     msp432p4xx_driverlib.lib : uart.o (.text:UART_initModule)
                  0000712c    00000004     ti.mw.fatfs.aem4f : ffosal.oem4f (.text:ff_rel_grant)
                  00007130    00000094     sysbios.aem4f : BIOS.obj (.text:ti_sysbios_family_arm_m3_Hwi_Instance_init__E)
                  000071c4    00000004     ti.mw.fatfs.aem4f : diskio.oem4f (.text:get_fattime)
                  000071c8    00000094     sysbios.aem4f : BIOS.obj (.text:ti_sysbios_family_arm_m3_Hwi_initNVIC__E)
                  0000725c    00000090     fatsdraw.obj (.text:Get_Logger_Time)
                  000072ec    0000008c     sysbios.aem4f : m3_TaskSupport_asm.obj (.text:ti_sysbios_family_arm_m3_TaskSupport_buildTaskStack)
                  00007378    0000008c                   : BIOS.obj (.text:ti_sysbios_knl_Task_postInit__I)
                  00007404    0000008a     drivers_MSP432P401R.aem4f : UARTMSP432.oem4f (.text:UARTMSP432_close)
                  0000748e    00000088     msp432p4xx_driverlib.lib : spi.o (.text:SPI_initMaster)
                  00007516    00000002     --HOLE-- [fill = 0]
                  00007518    00000088     drivers_MSP432P401R.aem4f : SDSPIMSP432.oem4f (.text:wait_ready)
                  000075a0    00000086     rtsv7M4_T_le_v4SPD16_eabi.lib : fd_cmp_t2.obj (.text:__aeabi_cdcmple)
                  00007626    00000086                                   : fd_cmp_t2.obj (.text:__aeabi_cdrcmple)
                  000076ac    00000084     drivers_MSP432P401R.aem4f : UARTMSP432.oem4f (.text:initHw)
                  00007730    00000084     sysbios.aem4f : BIOS.obj (.text:ti_sysbios_family_arm_m3_Hwi_postInit__I)
                  000077b4    00000084     drivers_MSP432P401R.aem4f : UARTMSP432.oem4f (.text:writeData)
                  00007838    00000082                               : UARTMSP432.oem4f (.text:readIsrTextCallback)
                  000078ba    0000007e     ti.mw.fatfs.aem4f : ff.oem4f (.text:dir_sdi)
                  00007938    0000007c     msp432p4xx_driverlib.lib : pcm.o (.text:PCM_gotoLPM3)
                  000079b4    0000007c     ti.mw.fatfs.aem4f : ff.oem4f (.text:f_mount)
                  00007a30    0000007c     sysbios.aem4f : BIOS.obj (.text:ti_sysbios_heaps_HeapMem_free__E)
                  00007aac    0000007a     drivers_MSP432P401R.aem4f : UARTMSP432.oem4f (.text:UARTMSP432_write)
                  00007b26    0000007a                               : UARTMSP432.oem4f (.text:readTaskCallback)
                  00007ba0    0000007a     rtsv7M4_T_le_v4SPD16_eabi.lib : memset_t2.obj (.text)
                  00007c1a    00000002     --HOLE-- [fill = 0]
                  00007c1c    00000074     ti.mw.fatfs.aem4f : ff.oem4f (.text:check_fs)
                  00007c90    00000074     fatsdraw.obj (.text:hwi_GetSEAScanPPS_Fxn)
                  00007d04    00000074     drivers_MSP432P401R.aem4f : UARTMSP432.oem4f (.text:readIsrTextBlocking)
                  00007d78    00000070                               : SDSPIMSP432.oem4f (.text:SDSPIMSP432_close)
                  00007de8    00000070     sysbios.aem4f : BIOS.obj (.text:ti_sysbios_knl_Semaphore_post__E)
                  00007e58    0000006e     rtsv7M4_T_le_v4SPD16_eabi.lib : fd_tos_t2.obj (.text)
                  00007ec6    00000002     --HOLE-- [fill = 0]
                  00007ec8    0000006d     ti.targets.arm.rtsarm.aem4f : System.oem4f (.text:xdc_runtime_System_formatNum__I)
                  00007f35    00000003     --HOLE-- [fill = 0]
                  00007f38    0000006c     sysbios.aem4f : BIOS.obj (.text:ti_sysbios_knl_Clock_workFunc__E)
                  00007fa4    00000004     fatsdraw_pem4f.oem4f (.text:ti_sysbios_BIOS_RtsGateProxy_enter__E)
                  00007fa8    0000006c     sysbios.aem4f : BIOS.obj (.text:ti_sysbios_knl_Swi_restoreHwi__E)
                  00008014    00000004     fatsdraw_pem4f.oem4f (.text:ti_sysbios_BIOS_RtsGateProxy_leave__E)
                  00008018    0000006c     sysbios.aem4f : BIOS.obj (.text:ti_sysbios_knl_Task_exit__E)
                  00008084    0000006c     ti.targets.arm.rtsarm.aem4f : Error.oem4f (.text:xdc_runtime_Error_print__E)
                  000080f0    0000006c                                 : Memory.oem4f (.text:xdc_runtime_Memory_alloc__E)
                  0000815c    0000006a     rtsv7M4_T_le_v4SPD16_eabi.lib : copy_decompress_rle.obj (.text)
                  000081c6    00000002     --HOLE-- [fill = 0]
                  000081c8    00000068                                   : trgmsg.obj (.text)
                  00008230    00000068     sysbios.aem4f : BIOS.obj (.text:ti_sysbios_family_arm_msp432_Seconds_get__E)
                  00008298    00000066     ti.targets.arm.rtsarm.aem4f : Core-mem.oem4f (.text:xdc_runtime_Core_deleteObject__I)
                  000082fe    00000064     drivers_MSP432P401R.aem4f : UARTMSP432.oem4f (.text:UARTMSP432_writePolling)
                  00008362    00000064     ti.mw.fatfs.aem4f : ff.oem4f (.text:follow_path)
                  000083c6    00000002     --HOLE-- [fill = 0]
                  000083c8    00000064     rtsv7M4_T_le_v4SPD16_eabi.lib : s_frexp.obj (.text)
                  0000842c    00000004     fatsdraw_pem4f.oem4f (.text:ti_sysbios_family_arm_m3_Hwi_destruct)
                  00008430    00000064     sysbios.aem4f : BIOS.obj (.text:ti_sysbios_family_arm_m3_Hwi_dispatchC__I)
                  00008494    00000062     tirtosport.aem4f : HwiP_tirtos.oem4f (.text:HwiP_create)
                  000084f6    00000002     --HOLE-- [fill = 0]
                  000084f8    00000060     rtsv7M4_T_le_v4SPD16_eabi.lib : sprintf.obj (.text)
                  00008558    00000060     sysbios.aem4f : BIOS.obj (.text:ti_sysbios_knl_Task_schedule__I)
                  000085b8    0000005e     ti.mw.fatfs.aem4f : ff.oem4f (.text:remove_chain)
                  00008616    00000002     --HOLE-- [fill = 0]
                  00008618    0000005c     drivers_MSP432P401R.aem4f : GPIOMSP432.oem4f (.text:GPIO_init)
                  00008674    00000004     fatsdraw_pem4f.oem4f (.text:ti_sysbios_family_arm_m3_TaskSupport_Module__startupDone__S)
                  00008678    0000005c     sysbios.aem4f : BIOS.obj (.text:ti_sysbios_knl_Swi_run__I)
                  000086d4    00000004     fatsdraw_pem4f.oem4f (.text:ti_sysbios_heaps_HeapMem_Module_GateProxy_enter__E)
                  000086d8    0000005c     sysbios.aem4f : BIOS.obj (.text:ti_sysbios_knl_Swi_schedule__I)
                  00008734    00000004     fatsdraw_pem4f.oem4f (.text:ti_sysbios_heaps_HeapMem_Module_GateProxy_leave__E)
                  00008738    0000005c     sysbios.aem4f : BIOS.obj (.text:ti_sysbios_knl_Task_Module_startup__E)
                  00008794    00000004     fatsdraw_pem4f.oem4f (.text:ti_sysbios_knl_Clock_TimerProxy_getMaxTicks__E)
                  00008798    0000005c     sysbios.aem4f : BIOS.obj (.text:ti_sysbios_knl_Task_startCore__E)
                  000087f4    0000005b     ti.targets.arm.rtsarm.aem4f : Text.oem4f (.text:xdc_runtime_Text_putLab__E)
                  0000884f    00000001     --HOLE-- [fill = 0]
                  00008850    0000005a     tirtosport.aem4f : ClockP_tirtos.oem4f (.text:ClockP_create)
                  000088aa    00000058                      : SemaphoreP_tirtos.oem4f (.text:SemaphoreP_create)
                  00008902    00000002     --HOLE-- [fill = 0]
                  00008904    00000058     boot.aem4f : boot.oem4f (.text)
                  0000895c    00000058     fatsdraw_pem4f.oem4f (.text:ti_sysbios_family_arm_m3_Hwi_construct)
                  000089b4    00000058     sysbios.aem4f : m3_Hwi_asm_switch.obj (.text:ti_sysbios_family_arm_m3_Hwi_initStacks__E)
                  00008a0c    00000056     ti.mw.fatfs.aem4f : ff.oem4f (.text:dir_read)
                  00008a62    00000056     rtsv7M4_T_le_v4SPD16_eabi.lib : ltoa.obj (.text)
                  00008ab8    00000054     drivers_MSP432P401R.aem4f : GPIOMSP432.oem4f (.text:GPIO_hwiIntFxn)
                  00008b0c    00000054                               : GPIOMSP432.oem4f (.text:GPIO_setCallback)
                  00008b60    00000054     rtsv7M4_T_le_v4SPD16_eabi.lib : exit.obj (.text)
                  00008bb4    00000054     drivers_MSP432P401R.aem4f : SDSPIMSP432.oem4f (.text:send_initial_clock_train)
                  00008c08    00000054     ti.mw.fatfs.aem4f : ff.oem4f (.text:sync_window)
                  00008c5c    00000004     fatsdraw_pem4f.oem4f (.text:ti_sysbios_knl_Clock_destruct)
                  00008c60    00000054     sysbios.aem4f : BIOS.obj (.text:ti_sysbios_family_arm_m3_Timer_start__E)
                  00008cb4    00000004     fatsdraw_pem4f.oem4f (.text:ti_sysbios_knl_Queue_destruct)
                  00008cb8    00000054     sysbios.aem4f : BIOS.obj (.text:ti_sysbios_family_arm_msp432_Timer_initDevice__I)
                  00008d0c    00000004     fatsdraw_pem4f.oem4f (.text:ti_sysbios_knl_Semaphore_destruct)
                  00008d10    00000054     sysbios.aem4f : BIOS.obj (.text:ti_sysbios_family_arm_msp432_init_Boot_configureClocksHigh)
                  00008d64    00000054     fatsdraw_pem4f.oem4f (.text:ti_sysbios_knl_Task_construct)
                  00008db8    00000054     ti.targets.arm.rtsarm.aem4f : Assert.oem4f (.text:xdc_runtime_Assert_raise__I)
                  00008e0c    00000052     drivers_MSP432P401R.aem4f : UARTMSP432.oem4f (.text:UARTMSP432_writeCancel)
                  00008e5e    00000002     --HOLE-- [fill = 0]
                  00008e60    00000050                               : GPIOMSP432.oem4f (.text:GPIO_write)
                  00008eb0    00000050     msp432p4xx_driverlib.lib : pcm.o (.text:PCM_shutdownDevice)
                  00008f00    00000050     power_tirtos_MSP432P401R.aem4f : PowerMSP432_tirtos.oem4f (.text:PowerMSP432_sleepPolicy)
                  00008f50    00000050     sysbios.aem4f : BIOS.obj (.text:ti_sysbios_family_arm_m3_Hwi_Module_startup__E)
                  00008fa0    00000050     ti.targets.arm.rtsarm.aem4f : Startup.oem4f (.text:xdc_runtime_Startup_exec__E)
                  00008ff0    00000050                                 : Text.oem4f (.text:xdc_runtime_Text_visitRope2__I)
                  00009040    0000004c     msp432p4xx_driverlib.lib : gpio.o (.text:GPIO_setAsPeripheralModuleFunctionOutputPin)
                  0000908c    0000004c     rtsv7M4_T_le_v4SPD16_eabi.lib : atoi.obj (.text)
                  000090d8    0000004c                                   : cpy_tbl.obj (.text)
                  00009124    0000004c     fatsdraw_pem4f.oem4f (.text:ti_mw_fatfs_startup)
                  00009170    0000004c     sysbios.aem4f : BIOS.obj (.text:ti_sysbios_family_arm_msp432_Timer_start__E)
                  000091bc    00000004     ti.targets.arm.rtsarm.aem4f : Error.oem4f (.text:xdc_runtime_Error_getSite__E)
                  000091c0    0000004c     sysbios.aem4f : BIOS.obj (.text:ti_sysbios_heaps_HeapMem_getStats__E)
                  0000920c    00000004     fatsdraw_pem4f.oem4f (.text:xdc_runtime_System_Module_GateProxy_enter__E)
                  00009210    0000004c     sysbios.aem4f : BIOS.obj (.text:ti_sysbios_knl_Swi_runLoop__I)
                  0000925c    00000004     fatsdraw_pem4f.oem4f (.text:xdc_runtime_System_Module_GateProxy_leave__E)
                  00009260    0000004c     sysbios.aem4f : BIOS.obj (.text:ti_sysbios_knl_Task_allBlockedFunction__I)
                  000092ac    00000048     msp432p4xx_driverlib.lib : gpio.o (.text:GPIO_setAsPeripheralModuleFunctionInputPin)
                  000092f4    00000048     ti.mw.fatfs.aem4f : ff.oem4f (.text:dir_find)
                  0000933c    00000048     rtsv7M4_T_le_v4SPD16_eabi.lib : fd_toi_t2.obj (.text)
                  00009384    00000004     ti.targets.arm.rtsarm.aem4f : System.oem4f (.text:xdc_runtime_System_aprintf_va__F)
                  00009388    00000048     sysbios.aem4f : BIOS.obj (.text:ti_sysbios_family_arm_m3_Hwi_disableInterrupt__E)
                  000093d0    00000048                   : BIOS.obj (.text:ti_sysbios_family_arm_m3_Hwi_enableInterrupt__E)
                  00009418    00000048                   : BIOS.obj (.text:ti_sysbios_family_arm_m3_Hwi_excReserved__I)
                  00009460    00000048                   : BIOS.obj (.text:ti_sysbios_family_arm_m3_Timer_initDevice__I)
                  000094a8    00000048                   : BIOS.obj (.text:ti_sysbios_family_arm_m3_Timer_setPeriod__E)
                  000094f0    00000046     drivers_MSP432P401R.aem4f : RingBuf.oem4f (.text:RingBuf_put)
                  00009536    00000046                               : UARTMSP432.oem4f (.text:readIsrBinaryBlocking)
                  0000957c    00000046     ti.targets.arm.rtsarm.aem4f : Core-params.oem4f (.text:xdc_runtime_Core_assignParams__I)
                  000095c2    00000044     ti.mw.fatfs.aem4f : ff.oem4f (.text:dir_alloc)
                  00009606    00000002     --HOLE-- [fill = 0]
                  00009608    00000044     drivers_MSP432P401R.aem4f : SDSPIMSP432.oem4f (.text:initHw)
                  0000964c    00000004     ti.targets.arm.rtsarm.aem4f : System.oem4f (.text:xdc_runtime_System_printf_va__F)
                  00009650    00000044     sysbios.aem4f : BIOS.obj (.text:ti_sysbios_family_arm_m3_Hwi_getStackInfo__E)
                  00009694    00000004     --HOLE-- [fill = 0]
                  00009698    00000044                   : BIOS.obj (.text:ti_sysbios_family_arm_msp432_Seconds_Module_startup__E)
                  000096dc    00000004     --HOLE-- [fill = 0]
                  000096e0    00000044                   : BIOS.obj (.text:ti_sysbios_knl_Swi_post__E)
                  00009724    00000044     ti.targets.arm.rtsarm.aem4f : Error.oem4f (.text:xdc_runtime_Error_setX__E)
                  00009768    00000044                                 : SysMin.oem4f (.text:xdc_runtime_SysMin_flush__E)
                  000097ac    00000044                                 : Text.oem4f (.text:xdc_runtime_Text_xprintf__I)
                  000097f0    00000042     drivers_MSP432P401R.aem4f : UARTMSP432.oem4f (.text:UARTMSP432_hwiIntFxn)
                  00009832    00000002     --HOLE-- [fill = 0]
                  00009834    00000040     msp432p4xx_driverlib.lib : flash.o (.text:FlashCtl_disableReadBuffering)
                  00009874    00000040     drivers_MSP432P401R.aem4f : RingBuf.oem4f (.text:RingBuf_get)
                  000098b4    00000040                               : UARTMSP432.oem4f (.text:UARTMSP432_read)
                  000098f4    00000040     ti.mw.fatfs.aem4f : ff.oem4f (.text:get_ldnumber)
                  00009934    00000040     drivers_MSP432P401R.aem4f : PowerMSP432.oem4f (.text:notify)
                  00009974    00000040     rtsv7M4_T_le_v4SPD16_eabi.lib : u_divt2.obj (.text)
                  000099b4    00000004     --HOLE-- [fill = 0]
                  000099b8    00000040     sysbios.aem4f : BIOS.obj (.text:ti_sysbios_family_arm_msp432_Timer_Module_startup__E)
                  000099f8    00000040                   : BIOS.obj (.text:ti_sysbios_family_arm_msp432_Timer_startup__E)
                  00009a38    00000040                   : BIOS.obj (.text:ti_sysbios_heaps_HeapMem_Instance_init__E)
                  00009a78    0000003c     drivers_MSP432P401R.aem4f : PowerMSP432.oem4f (.text:Power_init)
                  00009ab4    00000004     --HOLE-- [fill = 0]
                  00009ab8    0000003c     sysbios.aem4f : BIOS.obj (.text:ti_sysbios_family_arm_m3_Hwi_excSvCall__I)
                  00009af4    00000004     --HOLE-- [fill = 0]
                  00009af8    0000003c                   : BIOS.obj (.text:ti_sysbios_heaps_HeapMem_init__I)
                  00009b34    00000004     --HOLE-- [fill = 0]
                  00009b38    0000003c                   : BIOS.obj (.text:ti_sysbios_knl_Clock_Instance_init__E)
                  00009b74    00000004     --HOLE-- [fill = 0]
                  00009b78    0000003c                   : BIOS.obj (.text:ti_sysbios_knl_Swi_restore__E)
                  00009bb4    0000003a     drivers_MSP432P401R.aem4f : UARTMSP432.oem4f (.text:readIsrBinaryCallback)
                  00009bee    0000003a     fatsdraw_pem4f.oem4f (.text:ti_mw_fatfs_getFatTime)
                  00009c28    00000038     drivers_MSP432P401R.aem4f : SDSPI.oem4f (.text:SDSPI_init)
                  00009c60    00000038                               : UART.oem4f (.text:UART_init)
                  00009c98    00000038     ti.mw.fatfs.aem4f : ff.oem4f (.text:dir_register)
                  00009cd0    00000038     drivers_MSP432P401R.aem4f : SDSPIMSP432.oem4f (.text:perfChangeNotifyFxn)
                  00009d08    00000038     rtsv7M4_T_le_v4SPD16_eabi.lib : fs_tod_t2.obj (.text)
                  00009d40    00000038     sysbios.aem4f : BIOS.obj (.text:ti_sysbios_family_arm_m3_Hwi_excNoIsr__I)
                  00009d78    00000038     ti.targets.arm.rtsarm.aem4f : SysMin.oem4f (.text:xdc_runtime_SysMin_putch__E)
                  00009db0    00000038                                 : System.oem4f (.text:xdc_runtime_System_atexit__E)
                  00009de8    00000036     drivers_MSP432P401R.aem4f : UARTMSP432.oem4f (.text:UARTMSP432_readCancel)
                  00009e1e    00000036     ti.mw.fatfs.aem4f : ff.oem4f (.text:move_window)
                  00009e54    00000036     drivers_MSP432P401R.aem4f : UARTMSP432.oem4f (.text:perfChangeNotifyFxn)
                  00009e8a    00000002     --HOLE-- [fill = 0]
                  00009e8c    00000034     msp432p4xx_driverlib.lib : flash.o (.text:FlashCtl_enableReadBuffering)
                  00009ec0    00000034     ti.mw.fatfs.aem4f : ff.oem4f (.text:dir_remove)
                  00009ef4    00000034                       : ffcio.oem4f (.text:ffcio_lseek)
                  00009f28    00000034     sysbios.aem4f : BIOS.obj (.text:ti_sysbios_family_arm_m3_Hwi_Instance_finalize__E)
                  00009f5c    00000004     --HOLE-- [fill = 0]
                  00009f60    00000034                   : BIOS.obj (.text:ti_sysbios_family_arm_m3_Hwi_excNmi__I)
                  00009f94    00000004     --HOLE-- [fill = 0]
                  00009f98    00000034                   : BIOS.obj (.text:ti_sysbios_family_arm_m3_Timer_periodicStub__I)
                  00009fcc    00000004     --HOLE-- [fill = 0]
                  00009fd0    00000034                   : BIOS.obj (.text:ti_sysbios_hal_Hwi_checkStack)
                  0000a004    00000034     fatsdraw_pem4f.oem4f (.text:ti_sysbios_knl_Clock_construct)
                  0000a038    00000034     ti.mw.fatfs.aem4f : ff.oem4f (.text:validate)
                  0000a06c    00000034     ti.targets.arm.rtsarm.aem4f : Core-label.oem4f (.text:xdc_runtime_Core_assignLabel__I)
                  0000a0a0    00000033                                 : Text.oem4f (.text:xdc_runtime_Text_printVisFxn__I)
                  0000a0d3    00000005     --HOLE-- [fill = 0]
                  0000a0d8    00000032     sysbios.aem4f : BIOS.obj (.text:ti_sysbios_hal_Hwi_initStack)
                  0000a10a    00000002     --HOLE-- [fill = 0]
                  0000a10c    00000030     drivers_MSP432P401R.aem4f : GPIOMSP432.oem4f (.text:GPIO_getEnabledInterruptStatus_WA)
                  0000a13c    00000030     msp432p4xx_driverlib.lib : gpio.o (.text:GPIO_setAsInputPinWithPullDownResistor)
                  0000a16c    00000030                              : gpio.o (.text:GPIO_setAsInputPinWithPullUpResistor)
                  0000a19c    00000030     drivers_MSP432P401R.aem4f : GPIOMSP432.oem4f (.text:GPIO_toggle)
                  0000a1cc    00000030                               : SDSPI.oem4f (.text:SDSPI_open)
                  0000a1fc    00000030                               : UART.oem4f (.text:UART_open)
                  0000a22c    00000030     msp432p4xx_driverlib.lib : spi.o (.text:is_A_Module)
                  0000a25c    00000030     rtsv7M4_T_le_v4SPD16_eabi.lib : strncpy.obj (.text)
                  0000a28c    00000030     fatsdraw_pem4f.oem4f (.text:ti_sysbios_BIOS_atExitFunc__I)
                  0000a2bc    00000004     --HOLE-- [fill = 0]
                  0000a2c0    00000030     sysbios.aem4f : BIOS.obj (.text:ti_sysbios_family_arm_m3_TaskSupport_start__E)
                  0000a2f0    00000030                   : BIOS.obj (.text:ti_sysbios_family_arm_msp432_Timer_setPeriod__E)
                  0000a320    00000030     fatsdraw_pem4f.oem4f (.text:ti_sysbios_gates_GateHwi_Object__create__S)
                  0000a350    00000030     fatsdraw_pem4f.oem4f (.text:ti_sysbios_gates_GateMutex_Object__create__S)
                  0000a380    00000030     sysbios.aem4f : BIOS.obj (.text:ti_sysbios_gates_GateMutex_enter__E)
                  0000a3b0    00000030     fatsdraw_pem4f.oem4f (.text:ti_sysbios_heaps_HeapMem_Object__create__S)
                  0000a3e0    00000030     fatsdraw_pem4f.oem4f (.text:ti_sysbios_knl_Semaphore_construct)
                  0000a410    00000030     sysbios.aem4f : BIOS.obj (.text:ti_sysbios_knl_Semaphore_pendTimeout__I)
                  0000a440    00000030                   : BIOS.obj (.text:ti_sysbios_knl_Task_processVitalTaskFlag__I)
                  0000a470    00000030                   : BIOS.obj (.text:ti_sysbios_knl_Task_unblockI__E)
                  0000a4a0    00000030     ti.targets.arm.rtsarm.aem4f : SysMin.oem4f (.text:xdc_runtime_SysMin_abort__E)
                  0000a4d0    00000030                                 : System.oem4f (.text:xdc_runtime_System_processAtExit__E)
                  0000a500    0000002e     rtsv7M4_T_le_v4SPD16_eabi.lib : i_tofd_t2.obj (.text)
                  0000a52e    00000002     --HOLE-- [fill = 0]
                  0000a530    0000002c     msp432p4xx_driverlib.lib : gpio.o (.text:GPIO_setAsInputPin)
                  0000a55c    0000002c                              : pcm.o (.text:PCM_getCoreVoltageLevel)
                  0000a588    0000002c     power_tirtos_MSP432P401R.aem4f : PowerMSP432_tirtos.oem4f (.text:PowerMSP432_updateFreqs)
                  0000a5b4    0000002c     drivers_MSP432P401R.aem4f : PowerMSP432.oem4f (.text:Power_releaseConstraint)
                  0000a5e0    0000002c                               : PowerMSP432.oem4f (.text:Power_setConstraint)
                  0000a60c    0000002c     ti.mw.fatfs.aem4f : diskio.oem4f (.text:disk_register)
                  0000a638    0000002c     fatsdraw_pem4f.oem4f (.text:ti_sysbios_BIOS_startFunc__I)
                  0000a664    0000002c     fatsdraw_pem4f.oem4f (.text:ti_sysbios_knl_Clock_doTick__I)
                  0000a690    0000002c     fatsdraw_pem4f.oem4f (.text:ti_sysbios_knl_Queue_construct)
                  0000a6bc    00000004     --HOLE-- [fill = 0]
                  0000a6c0    0000002c     sysbios.aem4f : BIOS.obj (.text:ti_sysbios_knl_Task_restore__E)
                  0000a6ec    0000002c     ti.targets.arm.rtsarm.aem4f : Text.oem4f (.text:xdc_runtime_Text_cordText__E)
                  0000a718    0000002a     msp432p4xx_driverlib.lib : pcm.o (.text:PCM_getPowerMode)
                  0000a742    0000002a     drivers_MSP432P401R.aem4f : UARTMSP432.oem4f (.text:findBaudDividerIndex)
                  0000a76c    0000002a     ti.targets.arm.rtsarm.aem4f : System.oem4f (.text:xdc_runtime_System_putchar__I)
                  0000a796    00000002     --HOLE-- [fill = 0]
                  0000a798    00000028     msp432p4xx_driverlib.lib : flash.o (.text:FlashCtl_setWaitState)
                  0000a7c0    00000028     drivers_MSP432P401R.aem4f : GPIOMSP432.oem4f (.text:GPIO_enableInt)
                  0000a7e8    00000028     msp432p4xx_driverlib.lib : pcm.o (.text:PCM_gotoLPM0)
                  0000a810    00000028     ti.mw.fatfs.aem4f : diskio.oem4f (.text:disk_unregister)
                  0000a838    00000028     sysbios.aem4f : BIOS.obj (.text:ti_sysbios_knl_Clock_addI__E)
                  0000a860    00000028                   : BIOS.obj (.text:ti_sysbios_knl_Swi_Module_startup__E)
                  0000a888    00000026     drivers_MSP432P401R.aem4f : List.oem4f (.text:List_put)
                  0000a8ae    00000026     msp432p4xx_driverlib.lib : spi.o (.text:SPI_changeMasterClock)
                  0000a8d4    00000026     sysbios.aem4f : m3_Hwi_asm.obj (.text:ti_sysbios_family_arm_m3_Hwi_pendSV__I)
                  0000a8fa    00000026     ti.targets.arm.rtsarm.aem4f : System.oem4f (.text:xdc_runtime_System_avprintf__E)
                  0000a920    00000024     msp432p4xx_driverlib.lib : cs.o (.text:CS_setDCOCenteredFrequency)
                  0000a944    00000024                              : gpio.o (.text:GPIO_setAsOutputPin)
                  0000a968    00000024                              : rtc_c.o (.text:RTC_C_holdClock)
                  0000a98c    00000024                              : rtc_c.o (.text:RTC_C_startClock)
                  0000a9b0    00000024                              : uart.o (.text:UART_disableInterrupt)
                  0000a9d4    00000024                              : uart.o (.text:UART_receiveData)
                  0000a9f8    00000024                              : uart.o (.text:UART_transmitData)
                  0000aa1c    00000024     ti.mw.fatfs.aem4f : diskio.oem4f (.text:disk_ioctl)
                  0000aa40    00000024                       : diskio.oem4f (.text:disk_read)
                  0000aa64    00000024                       : ff.oem4f (.text:f_close)
                  0000aa88    00000024                       : ffcio.oem4f (.text:ffcio_close)
                  0000aaac    00000024     fatsdraw_pem4f.oem4f (.text:ti_sysbios_BIOS_errorRaiseHook__I)
                  0000aad0    00000024     fatsdraw_pem4f.oem4f (.text:ti_sysbios_BIOS_registerRTSLock__I)
                  0000aaf4    00000024     fatsdraw_pem4f.oem4f (.text:ti_sysbios_BIOS_removeRTSLock__I)
                  0000ab18    00000024     sysbios.aem4f : BIOS.obj (.text:ti_sysbios_family_arm_m3_Timer_Module_startup__E)
                  0000ab3c    00000004     --HOLE-- [fill = 0]
                  0000ab40    00000024                   : BIOS.obj (.text:ti_sysbios_family_arm_m3_Timer_postInit__I)
                  0000ab64    00000004     --HOLE-- [fill = 0]
                  0000ab68    00000024                   : BIOS.obj (.text:ti_sysbios_family_arm_m3_Timer_startup__E)
                  0000ab8c    00000004     --HOLE-- [fill = 0]
                  0000ab90    00000024                   : BIOS.obj (.text:ti_sysbios_family_arm_msp432_ClockFreqs_setFrequency__E)
                  0000abb4    00000004     --HOLE-- [fill = 0]
                  0000abb8    00000024                   : BIOS.obj (.text:ti_sysbios_family_arm_msp432_Timer_postInit__I)
                  0000abdc    00000024     fatsdraw_pem4f.oem4f (.text:ti_sysbios_gates_GateMutex_Object__delete__S)
                  0000ac00    00000024     sysbios.aem4f : BIOS.obj (.text:ti_sysbios_knl_Clock_Module_startup__E)
                  0000ac24    00000004     --HOLE-- [fill = 0]
                  0000ac28    00000024                   : BIOS.obj (.text:ti_sysbios_knl_Clock_start__E)
                  0000ac4c    00000004     --HOLE-- [fill = 0]
                  0000ac50    00000024                   : BIOS.obj (.text:ti_sysbios_knl_Semaphore_Instance_init__E)
                  0000ac74    00000004     --HOLE-- [fill = 0]
                  0000ac78    00000024                   : BIOS.obj (.text:ti_sysbios_knl_Task_restoreHwi__E)
                  0000ac9c    00000024     ti.targets.arm.rtsarm.aem4f : System.oem4f (.text:xdc_runtime_System_vprintf__E)
                  0000acc0    00000022     fatsdraw_pem4f.oem4f (.text:xdc_runtime_SysMin_output__I)
                  0000ace2    00000002     --HOLE-- [fill = 0]
                  0000ace4    00000020     msp432p4xx_driverlib.lib : gpio.o (.text:GPIO_interruptEdgeSelect)
                  0000ad04    00000020     drivers_MSP432P401R.aem4f : PowerMSP432.oem4f (.text:PowerMSP432_getFreqs)
                  0000ad24    00000020                               : PowerMSP432.oem4f (.text:Power_idleFunc)
                  0000ad44    00000020                               : PowerMSP432.oem4f (.text:Power_unregisterNotify)
                  0000ad64    00000020     msp432p4xx_driverlib.lib : spi.o (.text:SPI_getInterruptStatus)
                  0000ad84    00000020                              : spi.o (.text:SPI_transmitData)
                  0000ada4    00000020     ti.mw.fatfs.aem4f : diskio.oem4f (.text:disk_write)
                  0000adc4    00000020                       : ffcio.oem4f (.text:ffcio_read)
                  0000ade4    00000020                       : ffcio.oem4f (.text:ffcio_write)
                  0000ae04    00000020     rtsv7M4_T_le_v4SPD16_eabi.lib : u_tofd_t2.obj (.text)
                  0000ae24    00000020     fatsdraw_pem4f.oem4f (.text:ti_sysbios_BIOS_rtsLock__I)
                  0000ae44    00000020     sysbios.aem4f : m3_Hwi_asm.obj (.text:ti_sysbios_family_arm_m3_Hwi_excHandlerAsm__I)
                  0000ae64    00000004     --HOLE-- [fill = 0]
                  0000ae68    00000020                   : BIOS.obj (.text:ti_sysbios_family_arm_m3_Hwi_excHandler__I)
                  0000ae88    00000020                   : BIOS.obj (.text:ti_sysbios_family_arm_m3_TimestampProvider_Module_startup__E)
                  0000aea8    00000020     fatsdraw_pem4f.oem4f (.text:ti_sysbios_gates_GateHwi_Object__delete__S)
                  0000aec8    00000020     fatsdraw_pem4f.oem4f (.text:ti_sysbios_heaps_HeapMem_Object__delete__S)
                  0000aee8    00000020     fatsdraw_pem4f.oem4f (.text:ti_sysbios_knl_Clock_Object__destruct__S)
                  0000af08    00000020     sysbios.aem4f : BIOS.obj (.text:ti_sysbios_knl_Idle_run__E)
                  0000af28    00000020     fatsdraw_pem4f.oem4f (.text:ti_sysbios_knl_Semaphore_Object__destruct__S)
                  0000af48    00000020     ti.targets.arm.rtsarm.aem4f : Registry.oem4f (.text:xdc_runtime_Registry_findById__E)
                  0000af68    00000020                                 : SysMin.oem4f (.text:xdc_runtime_SysMin_Module_startup__E)
                  0000af88    0000001e     ti.mw.fatfs.aem4f : ff.oem4f (.text:ld_clust)
                  0000afa6    0000001e     sysbios.aem4f : m3_Hwi_asm_switch.obj (.text:ti_sysbios_family_xxx_Hwi_switchAndRunFunc)
                  0000afc4    0000001c     MSP_EXP432P401R.obj (.text:MSP_EXP432P401R_initUART)
                  0000afe0    0000001c     drivers_MSP432P401R.aem4f : PowerMSP432.oem4f (.text:Power_registerNotify)
                  0000affc    0000001c     ti.mw.fatfs.aem4f : diskio.oem4f (.text:disk_initialize)
                  0000b018    0000001c                       : diskio.oem4f (.text:disk_status)
                  0000b034    0000001c                       : ff.oem4f (.text:mem_cmp)
                  0000b050    0000001c     rtsv7M4_T_le_v4SPD16_eabi.lib : memccpy.obj (.text)
                  0000b06c    0000001c     fatsdraw_pem4f.oem4f (.text:ti_sysbios_family_arm_m3_Hwi_Object__destruct__S)
                  0000b088    0000001c     sysbios.aem4f : BIOS.obj (.text:ti_sysbios_family_arm_m3_Timer_stop__E)
                  0000b0a4    00000004     --HOLE-- [fill = 0]
                  0000b0a8    0000001c                   : BIOS.obj (.text:ti_sysbios_gates_GateMutex_Instance_init__E)
                  0000b0c4    00000004     --HOLE-- [fill = 0]
                  0000b0c8    0000001c                   : BIOS.obj (.text:ti_sysbios_knl_Clock_Instance_finalize__E)
                  0000b0e4    0000001c     fatsdraw_pem4f.oem4f (.text:ti_sysbios_knl_Queue_Object__destruct__S)
                  0000b100    0000001c     sysbios.aem4f : BIOS.obj (.text:ti_sysbios_knl_Queue_put__E)
                  0000b11c    00000004     --HOLE-- [fill = 0]
                  0000b120    0000001c                   : BIOS.obj (.text:ti_sysbios_knl_Task_enter__I)
                  0000b13c    0000001c     ti.targets.arm.rtsarm.aem4f : Error.oem4f (.text:xdc_runtime_Error_raiseX__E)
                  0000b158    0000001c                                 : Memory.oem4f (.text:xdc_runtime_Memory_valloc__E)
                  0000b174    0000001c                                 : SysMin.oem4f (.text:xdc_runtime_SysMin_exit__E)
                  0000b190    0000001c                                 : System.oem4f (.text:xdc_runtime_System_abort__E)
                  0000b1ac    0000001a     drivers_MSP432P401R.aem4f : List.oem4f (.text:List_remove)
                  0000b1c6    0000001a     msp432p4xx_driverlib.lib : spi.o (.text:SPI_disableModule)
                  0000b1e0    0000001a                              : spi.o (.text:SPI_enableModule)
                  0000b1fa    0000001a                              : spi.o (.text:SPI_receiveData)
                  0000b214    0000001a     fatsdraw_pem4f.oem4f (.text:ti_sysbios_family_arm_m3_Hwi_Handle__label__S)
                  0000b22e    0000001a     fatsdraw_pem4f.oem4f (.text:ti_sysbios_gates_GateHwi_Handle__label__S)
                  0000b248    0000001a     fatsdraw_pem4f.oem4f (.text:ti_sysbios_gates_GateMutex_Handle__label__S)
                  0000b262    0000001a     fatsdraw_pem4f.oem4f (.text:ti_sysbios_heaps_HeapMem_Handle__label__S)
                  0000b27c    0000001a     fatsdraw_pem4f.oem4f (.text:ti_sysbios_knl_Swi_Handle__label__S)
                  0000b296    0000001a     fatsdraw_pem4f.oem4f (.text:ti_sysbios_knl_Task_Handle__label__S)
                  0000b2b0    0000001a     ti.mw.fatfs.aem4f : ff.oem4f (.text:unlock_fs)
                  0000b2ca    0000001a     fatsdraw_pem4f.oem4f (.text:xdc_runtime_System_aprintf__E)
                  0000b2e4    0000001a     fatsdraw_pem4f.oem4f (.text:xdc_runtime_System_printf__E)
                  0000b2fe    00000018     msp432p4xx_driverlib.lib : spi.o (.text:EUSCI_A_SPI_masterChangeClock)
                  0000b316    00000018                              : spi.o (.text:EUSCI_B_SPI_masterChangeClock)
                  0000b32e    00000002     --HOLE-- [fill = 0]
                  0000b330    00000018                              : gpio.o (.text:GPIO_clearInterruptFlag)
                  0000b348    00000018                              : gpio.o (.text:GPIO_getInputPinValue)
                  0000b360    00000018                              : gpio.o (.text:GPIO_setDriveStrengthLow)
                  0000b378    00000018                              : gpio.o (.text:GPIO_setOutputLowOnPin)
                  0000b390    00000018     drivers_MSP432P401R.aem4f : UART.oem4f (.text:UART_Params_init)
                  0000b3a8    00000018     msp432p4xx_driverlib.lib : wdt_a.o (.text:WDT_A_holdTimer)
                  0000b3c0    00000018     ti.mw.fatfs.aem4f : ff.oem4f (.text:clust2sect)
                  0000b3d8    00000018                       : ffosal.oem4f (.text:ff_cre_syncobj)
                  0000b3f0    00000018     rtsv7M4_T_le_v4SPD16_eabi.lib : args_main.obj (.text)
                  0000b408    00000018                                   : strcmp.obj (.text)
                  0000b420    00000018     fatsdraw_pem4f.oem4f (.text:ti_sysbios_BIOS_rtsUnlock__I)
                  0000b438    00000018     fatsdraw_pem4f.oem4f (.text:ti_sysbios_family_arm_m3_Hwi_Module__startupDone__F)
                  0000b450    00000018     sysbios.aem4f : m3_TaskSupport_asm.obj (.text:ti_sysbios_family_arm_m3_TaskSupport_swap__E)
                  0000b468    00000018     fatsdraw_pem4f.oem4f (.text:ti_sysbios_family_arm_msp432_Timer_Module__startupDone__F)
                  0000b480    00000018     sysbios.aem4f : BIOS.obj (.text:ti_sysbios_gates_GateMutex_leave__E)
                  0000b498    00000018                   : BIOS.obj (.text:ti_sysbios_knl_Task_sleepTimeout__I)
                  0000b4b0    00000018     fatsdraw_pem4f.oem4f (.text:time)
                  0000b4c8    00000018     ti.targets.arm.rtsarm.aem4f : Error.oem4f (.text:xdc_runtime_Error_check__E)
                  0000b4e0    00000018                                 : System.oem4f (.text:xdc_runtime_System_exit__E)
                  0000b4f8    00000018                                 : Text.oem4f (.text:xdc_runtime_Text_ropeText__E)
                  0000b510    00000016     tirtosport.aem4f : ClockP_tirtos.oem4f (.text:ClockP_delete)
                  0000b526    00000016                      : HwiP_tirtos.oem4f (.text:HwiP_delete)
                  0000b53c    00000016                      : SemaphoreP_tirtos.oem4f (.text:SemaphoreP_delete)
                  0000b552    00000016     msp432p4xx_driverlib.lib : uart.o (.text:UART_enableInterrupt)
                  0000b568    00000016     ti.mw.fatfs.aem4f : ff.oem4f (.text:mem_cpy)
                  0000b57e    00000016     rtsv7M4_T_le_v4SPD16_eabi.lib : strchr.obj (.text)
                  0000b594    00000016     fatsdraw_pem4f.oem4f (.text:ti_sysbios_BIOS_exitFunc__I)
                  0000b5aa    00000016     fatsdraw.obj (.text:ti_sysbios_knl_Task_Params_init)
                  0000b5c0    00000016     sysbios.aem4f : BIOS.obj (.text:ti_sysbios_knl_Task_unblock__E)
                  0000b5d6    00000002     --HOLE-- [fill = 0]
                  0000b5d8    00000014     msp432p4xx_driverlib.lib : gpio.o (.text:GPIO_enableInterrupt)
                  0000b5ec    00000014     drivers_MSP432P401R.aem4f : GPIOMSP432.oem4f (.text:GPIO_read)
                  0000b600    00000014     msp432p4xx_driverlib.lib : gpio.o (.text:GPIO_setDriveStrengthHigh)
                  0000b614    00000014                              : gpio.o (.text:GPIO_setOutputHighOnPin)
                  0000b628    00000014                              : gpio.o (.text:GPIO_toggleOutputOnPin)
                  0000b63c    00000014                              : wdt_a.o (.text:WDT_A_startTimer)
                  0000b650    00000014     ti.mw.fatfs.aem4f : ffosal.oem4f (.text:ff_req_grant)
                  0000b664    00000014     fatsdraw.obj (.text:hwi_GetGPS_PPS_Fxn)
                  0000b678    00000014     ti.mw.fatfs.aem4f : ff.oem4f (.text:mem_set)
                  0000b68c    00000014     rtsv7M4_T_le_v4SPD16_eabi.lib : _lock.obj (.text)
                  0000b6a0    00000014                                   : s_copysign.obj (.text)
                  0000b6b4    00000014                                   : strcpy.obj (.text)
                  0000b6c8    00000014                                   : strlen.obj (.text)
                  0000b6dc    00000014     fatsdraw_pem4f.oem4f (.text:ti_sysbios_family_arm_m3_Hwi_Object__get__S)
                  0000b6f0    00000014     sysbios.aem4f : BIOS.obj (.text:ti_sysbios_family_arm_m3_Hwi_switchFromBootStack__E)
                  0000b704    00000014     fatsdraw_pem4f.oem4f (.text:ti_sysbios_heaps_HeapMem_Object__get__S)
                  0000b718    00000014     fatsdraw_pem4f.oem4f (.text:ti_sysbios_knl_Swi_Object__get__S)
                  0000b72c    00000012     tirtosport.aem4f : ClockP_tirtos.oem4f (.text:ClockP_start)
                  0000b73e    00000012     drivers_MSP432P401R.aem4f : RingBuf.oem4f (.text:RingBuf_construct)
                  0000b750    00000012                               : SDSPIMSP432.oem4f (.text:SDSPIMSP432_init)
                  0000b762    00000012     tirtosport.aem4f : SemaphoreP_tirtos.oem4f (.text:SemaphoreP_pend)
                  0000b774    00000012     ti.mw.fatfs.aem4f : ff.oem4f (.text:chk_chr)
                  0000b786    00000012                       : ffcio.oem4f (.text:ffcio_rename)
                  0000b798    00000012                       : ffcio.oem4f (.text:ffcio_unlink)
                  0000b7aa    00000006     msp432p4xx_driverlib.lib : spi.o (.text:EUSCI_A_SPI_receiveData)
                  0000b7b0    00000012     sysbios.aem4f : BIOS.obj (.text:ti_sysbios_hal_Hwi_Module_startup__E)
                  0000b7c2    00000012     fatsdraw_pem4f.oem4f (.text:xdc_runtime_Startup_exec__I)
                  0000b7d4    00000010     msp432p4xx_driverlib.lib : gpio.o (.text:GPIO_getInterruptStatus)
                  0000b7e4    00000010                              : pcm.o (.text:PCM_gotoLPM4)
                  0000b7f4    00000010     drivers_MSP432P401R.aem4f : SDSPIMSP432.oem4f (.text:SDSPIMSP432_diskStatus)
                  0000b804    00000010                               : SDSPI.oem4f (.text:SDSPI_Params_init)
                  0000b814    00000010                               : UARTMSP432.oem4f (.text:readBlockingTimeout)
                  0000b824    00000010     ti.mw.fatfs.aem4f : ff.oem4f (.text:st_clust)
                  0000b834    00000004     --HOLE-- [fill = 0]
                  0000b838    00000010     sysbios.aem4f : BIOS.obj (.text:ti_sysbios_BIOS_exit__E)
                  0000b848    00000010                   : BIOS.obj (.text:ti_sysbios_BIOS_setCpuFreq__E)
                  0000b858    00000010                   : BIOS.obj (.text:ti_sysbios_BIOS_setThreadType__E)
                  0000b868    00000010                   : BIOS.obj (.text:ti_sysbios_BIOS_start__E)
                  0000b878    00000010                   : m3_TaskSupport_asm.obj (.text:ti_sysbios_family_arm_m3_TaskSupport_glue)
                  0000b888    00000010                   : BIOS.obj (.text:ti_sysbios_family_arm_msp432_init_Boot_disableWatchdog)
                  0000b898    00000010                   : BIOS.obj (.text:ti_sysbios_gates_GateMutex_Instance_finalize__E)
                  0000b8a8    00000010                   : BIOS.obj (.text:ti_sysbios_knl_Semaphore_Instance_finalize__E)
                  0000b8b8    00000010                   : BIOS.obj (.text:ti_sysbios_knl_Swi_disable__E)
                  0000b8c8    00000010     fatsdraw_pem4f.oem4f (.text:ti_sysbios_knl_Task_Object__get__S)
                  0000b8d8    00000010     sysbios.aem4f : BIOS.obj (.text:ti_sysbios_knl_Task_disable__E)
                  0000b8e8    00000010     ti.targets.arm.rtsarm.aem4f : Gate.oem4f (.text:xdc_runtime_Gate_leaveSystem__E)
                  0000b8f8    00000010                                 : Memory.oem4f (.text:xdc_runtime_Memory_free__E)
                  0000b908    00000010                                 : SysMin.oem4f (.text:xdc_runtime_SysMin_ready__E)
                  0000b918    00000010                                 : System.oem4f (.text:xdc_runtime_System_vsnprintf__E)
                  0000b928    00000010     fatsdraw_pem4f.oem4f (.text:xdc_runtime_Text_visitRope__I)
                  0000b938    0000000e     tirtosport.aem4f : HwiP_tirtos.oem4f (.text:HwiP_Params_init)
                  0000b946    0000000e     msp432p4xx_driverlib.lib : uart.o (.text:UART_clearInterruptFlag)
                  0000b954    0000000e     rtsv7M4_T_le_v4SPD16_eabi.lib : copy_decompress_none.obj (.text:decompress:none)
                  0000b962    00000006     msp432p4xx_driverlib.lib : spi.o (.text:EUSCI_B_SPI_receiveData)
                  0000b968    0000000e     sysbios.aem4f : BIOS.obj (.text:ti_sysbios_knl_Idle_loop__E)
                  0000b976    00000002     --HOLE-- [fill = 0]
                  0000b978    0000000e                   : BIOS.obj (.text:ti_sysbios_knl_Queue_empty__E)
                  0000b986    0000000c     fatsdraw_pem4f.oem4f (.text:.bootCodeSection:ti_sysbios_family_arm_msp432_init_Boot_init__I)
                  0000b992    0000000c     msp432p4xx_driverlib.lib : cpu.o (.text:CPU_cpsid)
                  0000b99e    0000000c                              : cpu.o (.text:CPU_cpsie)
                  0000b9aa    00000002     --HOLE-- [fill = 0]
                  0000b9ac    0000000c     tirtosport.aem4f : ClockP_tirtos.oem4f (.text:ClockP_getSystemTickPeriod)
                  0000b9b8    0000000c     msp432p4xx_driverlib.lib : spi.o (.text:EUSCI_A_SPI_disable)
                  0000b9c4    0000000c                              : spi.o (.text:EUSCI_A_SPI_enable)
                  0000b9d0    0000000c                              : spi.o (.text:EUSCI_B_SPI_disable)
                  0000b9dc    0000000c                              : spi.o (.text:EUSCI_B_SPI_enable)
                  0000b9e8    0000000c                              : pcm.o (.text:PCM_getPowerState)
                  0000b9f4    0000000c     drivers_MSP432P401R.aem4f : PowerMSP432.oem4f (.text:Power_getConstraintMask)
                  0000ba00    0000000c                               : PowerMSP432.oem4f (.text:Power_getPerformanceLevel)
                  0000ba0c    0000000c                               : RingBuf.oem4f (.text:RingBuf_peek)
                  0000ba18    0000000c                               : UARTMSP432.oem4f (.text:UARTMSP432_init)
                  0000ba24    0000000c     msp432p4xx_driverlib.lib : uart.o (.text:UART_disableModule)
                  0000ba30    0000000c                              : uart.o (.text:UART_enableModule)
                  0000ba3c    0000000c     fatsdraw_pem4f.oem4f (.text:ti_sysbios_family_arm_m3_Hwi_Params__init__S)
                  0000ba48    0000000c     sysbios.aem4f : BIOS.obj (.text:ti_sysbios_family_arm_m3_Hwi_disableFxn__E)
                  0000ba54    00000004     --HOLE-- [fill = 0]
                  0000ba58    0000000c                   : BIOS.obj (.text:ti_sysbios_family_arm_m3_TaskSupport_checkStack__E)
                  0000ba64    00000004     --HOLE-- [fill = 0]
                  0000ba68    0000000c                   : BIOS.obj (.text:ti_sysbios_family_arm_m3_TaskSupport_getStackAlignment__E)
                  0000ba74    00000004     --HOLE-- [fill = 0]
                  0000ba78    0000000c                   : BIOS.obj (.text:ti_sysbios_family_arm_m3_TimestampProvider_startTimer__E)
                  0000ba84    00000004     --HOLE-- [fill = 0]
                  0000ba88    0000000c                   : BIOS.obj (.text:ti_sysbios_family_arm_msp432_Timer_getMaxTicks__E)
                  0000ba94    00000004     --HOLE-- [fill = 0]
                  0000ba98    0000000c                   : BIOS.obj (.text:ti_sysbios_gates_GateHwi_enter__E)
                  0000baa4    0000000c     fatsdraw_pem4f.oem4f (.text:ti_sysbios_knl_Clock_Params__init__S)
                  0000bab0    0000000c     sysbios.aem4f : BIOS.obj (.text:ti_sysbios_knl_Clock_getTicks__E)
                  0000babc    0000000c     fatsdraw_pem4f.oem4f (.text:ti_sysbios_knl_Queue_Object__get__S)
                  0000bac8    0000000c     fatsdraw_pem4f.oem4f (.text:ti_sysbios_knl_Semaphore_Params__init__S)
                  0000bad4    0000000c     fatsdraw_pem4f.oem4f (.text:ti_sysbios_knl_Task_Params__init__S)
                  0000bae0    0000000c     ti.targets.arm.rtsarm.aem4f : Error.oem4f (.text:xdc_runtime_Error_init__E)
                  0000baec    0000000c                                 : Gate.oem4f (.text:xdc_runtime_Gate_enterSystem__E)
                  0000baf8    0000000c                                 : Memory.oem4f (.text:xdc_runtime_Memory_calloc__E)
                  0000bb04    0000000c                                 : Memory.oem4f (.text:xdc_runtime_Memory_getMaxDefaultTypeAlign__E)
                  0000bb10    0000000a     tirtosport.aem4f : ClockP_tirtos.oem4f (.text:ClockP_stop)
                  0000bb1a    0000000a     drivers_MSP432P401R.aem4f : SDSPI.oem4f (.text:SDSPI_close)
                  0000bb24    0000000a     tirtosport.aem4f : SemaphoreP_tirtos.oem4f (.text:SemaphoreP_post)
                  0000bb2e    0000000a     drivers_MSP432P401R.aem4f : UART.oem4f (.text:UART_read)
                  0000bb38    0000000a                               : UART.oem4f (.text:UART_write)
                  0000bb42    0000000a     ti.mw.fatfs.aem4f : ffosal.oem4f (.text:ff_del_syncobj)
                  0000bb4c    0000000a     fatsdraw_pem4f.oem4f (.text:xdc_runtime_IHeap_alloc)
                  0000bb56    0000000a     fatsdraw_pem4f.oem4f (.text:xdc_runtime_IHeap_free)
                  0000bb60    00000008     tirtosport.aem4f : ClockP_tirtos.oem4f (.text:ClockP_Params_init)
                  0000bb68    00000008     msp432p4xx_driverlib.lib : spi.o (.text:EUSCI_A_SPI_getInterruptStatus)
                  0000bb70    00000008                              : spi.o (.text:EUSCI_B_SPI_getInterruptStatus)
                  0000bb78    00000008     MSP_EXP432P401R.obj (.text:MSP_EXP432P401R_initGPIO)
                  0000bb80    00000008     MSP_EXP432P401R.obj (.text:MSP_EXP432P401R_initGeneral)
                  0000bb88    00000008     MSP_EXP432P401R.obj (.text:MSP_EXP432P401R_initSDSPI)
                  0000bb90    00000008     msp432p4xx_driverlib.lib : pcm.o (.text:PCM_setPowerMode)
                  0000bb98    00000008                              : pcm.o (.text:PCM_setPowerState)
                  0000bba0    00000008     tirtosport.aem4f : SemaphoreP_tirtos.oem4f (.text:SemaphoreP_Params_init)
                  0000bba8    00000008     drivers_MSP432P401R.aem4f : UARTMSP432.oem4f (.text:readSemCallback)
                  0000bbb0    00000008     sysbios.aem4f : BIOS.obj (.text:ti_sysbios_family_arm_m3_Hwi_doSwiRestore__I)
                  0000bbb8    00000008                   : BIOS.obj (.text:ti_sysbios_family_arm_m3_Hwi_startup__E)
                  0000bbc0    00000008     drivers_MSP432P401R.aem4f : UARTMSP432.oem4f (.text:writeSemCallback)
                  0000bbc8    00000006                               : SDSPIMSP432.oem4f (.text:SDSPIMSP432_control)
                  0000bbce    00000006     msp432p4xx_driverlib.lib : uart.o (.text:UART_getInterruptStatus)
                  0000bbd4    00000006                              : uart.o (.text:UART_queryStatusFlags)
                  0000bbda    00000006     rtsv7M4_T_le_v4SPD16_eabi.lib : copy_decompress_rle.obj (.text:decompress:rle24)
                  0000bbe0    00000006     ti.mw.fatfs.aem4f : ff.oem4f (.text:lock_fs)
                  0000bbe6    00000002     --HOLE-- [fill = 0]
                  0000bbe8    00000006     sysbios.aem4f : BIOS.obj (.text:ti_sysbios_family_arm_m3_Hwi_doTaskRestore__I)
                  0000bbee    00000002     --HOLE-- [fill = 0]
                  0000bbf0    00000006                   : BIOS.obj (.text:ti_sysbios_family_arm_m3_Hwi_restoreFxn__E)
                  0000bbf6    00000002     --HOLE-- [fill = 0]
                  0000bbf8    00000006                   : BIOS.obj (.text:ti_sysbios_gates_GateHwi_leave__E)
                  0000bbfe    00000002     --HOLE-- [fill = 0]
                  0000bc00    00000006                   : BIOS.obj (.text:ti_sysbios_heaps_HeapMem_isBlocking__E)
                  0000bc06    00000002     --HOLE-- [fill = 0]
                  0000bc08    00000006                   : BIOS.obj (.text:ti_sysbios_knl_Clock_stop__E)
                  0000bc0e    00000002     --HOLE-- [fill = 0]
                  0000bc10    00000006                   : BIOS.obj (.text:ti_sysbios_knl_Queue_Instance_init__E)
                  0000bc16    00000002     --HOLE-- [fill = 0]
                  0000bc18    00000006                   : BIOS.obj (.text:ti_sysbios_knl_Swi_startup__E)
                  0000bc1e    00000006     ti.targets.arm.rtsarm.aem4f : System.oem4f (.text:xdc_runtime_System_Module_startup__E)
                  0000bc24    00000004     --HOLE-- [fill = 0]
                  0000bc28    00000004     sysbios.aem4f : BIOS.obj (.text:ti_sysbios_gates_GateHwi_query__E)
                  0000bc2c    00000004     --HOLE-- [fill = 0]
                  0000bc30    00000004                   : BIOS.obj (.text:ti_sysbios_gates_GateMutex_query__E)
                  0000bc34    00000004     --HOLE-- [fill = 0]
                  0000bc38    00000004                   : BIOS.obj (.text:ti_sysbios_knl_Clock_setTimeout__E)
                  0000bc3c    00000004     --HOLE-- [fill = 0]
                  0000bc40    00000004                   : BIOS.obj (.text:ti_sysbios_knl_Task_startup__E)
                  0000bc44    00000004     --HOLE-- [fill = 0]
                  0000bc48    00000002                   : BIOS.obj (.text:ti_sysbios_family_arm_m3_TimestampProvider_rolloverFunc__E)
                  0000bc4a    00000006     --HOLE-- [fill = 0]
                  0000bc50    00000002                   : BIOS.obj (.text:ti_sysbios_gates_GateHwi_Instance_init__E)
                  0000bc52    00000006     --HOLE-- [fill = 0]
                  0000bc58    00000002                   : BIOS.obj (.text:ti_sysbios_knl_Clock_logTick__E)

.const     0    0000bc5c    0000203a     
                  0000bc5c    000017b3     fatsdraw_pem4f.oem4f (.const:xdc_runtime_Text_charTab__A)
                  0000d40f    00000101     rtsv7M4_T_le_v4SPD16_eabi.lib : ctype.obj (.const:.string:_ctypes_)
                  0000d510    000000c4     fatsdraw_pem4f.oem4f (.const:xdc_runtime_Text_nodeTab__A)
                  0000d5d4    00000070     MSP_EXP432P401R.obj (.const:uartMSP432Baudrates)
                  0000d644    00000060     rtsv7M4_T_le_v4SPD16_eabi.lib : mktime.obj (.const:$O1$$)
                  0000d6a4    00000048     fatsdraw_pem4f.oem4f (.const:.string)
                  0000d6ec    00000048     MSP_EXP432P401R.obj (.const:uartMSP432HWAttrs)
                  0000d734    0000003c     fatsdraw_pem4f.oem4f (.const:ti_sysbios_knl_Task_Object__PARAMS__C)
                  0000d770    00000030     fatsdraw_pem4f.oem4f (.const:ti_sysbios_family_arm_m3_Hwi_Object__PARAMS__C)
                  0000d7a0    0000002c     fatsdraw_pem4f.oem4f (.const:xdc_runtime_Startup_sfxnTab__A)
                  0000d7cc    00000028     drivers_MSP432P401R.aem4f : UARTMSP432.oem4f (.const:UARTMSP432_fxnTable)
                  0000d7f4    00000028     fatsdraw_pem4f.oem4f (.const:ti_sysbios_heaps_HeapMem_Module__FXNS__C)
                  0000d81c    00000024     MSP_EXP432P401R.obj (.const:UART_config)
                  0000d840    00000024     drivers_MSP432P401R.aem4f : UART.oem4f (.const:UART_defaultParams)
                  0000d864    00000024                               : UARTMSP432.oem4f (.const)
                  0000d888    00000024     fatsdraw_pem4f.oem4f (.const:ti_sysbios_gates_GateHwi_Module__FXNS__C)
                  0000d8ac    00000024     fatsdraw_pem4f.oem4f (.const:ti_sysbios_gates_GateMutex_Module__FXNS__C)
                  0000d8d0    00000024     fatsdraw_pem4f.oem4f (.const:ti_sysbios_heaps_HeapMem_Object__PARAMS__C)
                  0000d8f4    00000024     fatsdraw_pem4f.oem4f (.const:ti_sysbios_knl_Clock_Object__PARAMS__C)
                  0000d918    00000024     fatsdraw_pem4f.oem4f (.const:ti_sysbios_knl_Semaphore_Object__PARAMS__C)
                  0000d93c    00000020     fatsdraw_pem4f.oem4f (.const:ti_sysbios_family_arm_m3_Hwi_Object__DESC__C)
                  0000d95c    00000020     fatsdraw_pem4f.oem4f (.const:ti_sysbios_gates_GateHwi_Object__DESC__C)
                  0000d97c    00000020     fatsdraw_pem4f.oem4f (.const:ti_sysbios_gates_GateMutex_Object__DESC__C)
                  0000d99c    00000020     fatsdraw_pem4f.oem4f (.const:ti_sysbios_heaps_HeapMem_Object__DESC__C)
                  0000d9bc    00000020     fatsdraw_pem4f.oem4f (.const:ti_sysbios_knl_Clock_Object__DESC__C)
                  0000d9dc    00000020     fatsdraw_pem4f.oem4f (.const:ti_sysbios_knl_Queue_Object__DESC__C)
                  0000d9fc    00000020     fatsdraw_pem4f.oem4f (.const:ti_sysbios_knl_Semaphore_Object__DESC__C)
                  0000da1c    00000020     fatsdraw_pem4f.oem4f (.const:ti_sysbios_knl_Task_Object__DESC__C)
                  0000da3c    00000018     MSP_EXP432P401R.obj (.const:SDSPI_config)
                  0000da54    00000018     fatsdraw_pem4f.oem4f (.const:ti_sysbios_gates_GateHwi_Object__PARAMS__C)
                  0000da6c    00000018     fatsdraw_pem4f.oem4f (.const:ti_sysbios_gates_GateMutex_Object__PARAMS__C)
                  0000da84    00000018     fatsdraw_pem4f.oem4f (.const:ti_sysbios_knl_Queue_Object__PARAMS__C)
                  0000da9c    00000016     fatsdraw_pem4f.oem4f (.const:xdc_runtime_Startup_sfxnRts__A)
                  0000dab2    00000002     fatsdraw_pem4f.oem4f (.const:ti_sysbios_family_arm_m3_Hwi_Module__id__C)
                  0000dab4    00000014     MSP_EXP432P401R.obj (.const:GPIOMSP432_config)
                  0000dac8    00000014     MSP_EXP432P401R.obj (.const:sdspiMSP432HWAttrs)
                  0000dadc    00000010     MSP_EXP432P401R.obj (.const:PowerMSP432_config)
                  0000daec    00000010     drivers_MSP432P401R.aem4f : SDSPIMSP432.oem4f (.const)
                  0000dafc    0000000c                               : GPIOMSP432.oem4f (.const:.string)
                  0000db08    0000000c     fatsdraw_pem4f.oem4f (.const:xdc_runtime_Startup_firstFxns__A)
                  0000db14    00000008     drivers_MSP432P401R.aem4f : SDSPI.oem4f (.const)
                  0000db1c    00000008     fatsdraw_pem4f.oem4f (.const:ti_sysbios_family_arm_m3_Hwi_excHookFuncs__A)
                  0000db24    00000008     fatsdraw_pem4f.oem4f (.const:ti_sysbios_knl_Idle_funcList__A)
                  0000db2c    00000008     fatsdraw_pem4f.oem4f (.const:ti_sysbios_knl_Idle_funcList__C)
                  0000db34    00000008     fatsdraw_pem4f.oem4f (.const:xdc_runtime_Startup_firstFxns__C)
                  0000db3c    00000008     fatsdraw_pem4f.oem4f (.const:xdc_runtime_Startup_lastFxns__C)
                  0000db44    00000005     drivers_MSP432P401R.aem4f : UARTMSP432.oem4f (.const:.string)
                  0000db49    00000001     fatsdraw_pem4f.oem4f (.const:xdc_runtime_Error_policy__C)
                  0000db4a    00000002     fatsdraw_pem4f.oem4f (.const:ti_sysbios_family_arm_m3_Timer_Module__id__C)
                  0000db4c    00000004     fatsdraw_pem4f.oem4f (.const:ti_sysbios_family_arm_m3_Hwi_E_NMI__C)
                  0000db50    00000004     fatsdraw_pem4f.oem4f (.const:ti_sysbios_family_arm_m3_Hwi_E_alreadyDefined__C)
                  0000db54    00000004     fatsdraw_pem4f.oem4f (.const:ti_sysbios_family_arm_m3_Hwi_E_busFault__C)
                  0000db58    00000004     fatsdraw_pem4f.oem4f (.const:ti_sysbios_family_arm_m3_Hwi_E_debugMon__C)
                  0000db5c    00000004     fatsdraw_pem4f.oem4f (.const:ti_sysbios_family_arm_m3_Hwi_E_hardFault__C)
                  0000db60    00000004     fatsdraw_pem4f.oem4f (.const:ti_sysbios_family_arm_m3_Hwi_E_memFault__C)
                  0000db64    00000004     fatsdraw_pem4f.oem4f (.const:ti_sysbios_family_arm_m3_Hwi_E_noIsr__C)
                  0000db68    00000004     fatsdraw_pem4f.oem4f (.const:ti_sysbios_family_arm_m3_Hwi_E_reserved__C)
                  0000db6c    00000004     fatsdraw_pem4f.oem4f (.const:ti_sysbios_family_arm_m3_Hwi_E_svCall__C)
                  0000db70    00000004     fatsdraw_pem4f.oem4f (.const:ti_sysbios_family_arm_m3_Hwi_E_usageFault__C)
                  0000db74    00000004     fatsdraw_pem4f.oem4f (.const:ti_sysbios_family_arm_m3_Hwi_NUM_INTERRUPTS__C)
                  0000db78    00000004     fatsdraw_pem4f.oem4f (.const:ti_sysbios_family_arm_m3_Hwi_Object__count__C)
                  0000db7c    00000004     fatsdraw_pem4f.oem4f (.const:ti_sysbios_family_arm_m3_Hwi_ccr__C)
                  0000db80    00000004     fatsdraw_pem4f.oem4f (.const:ti_sysbios_family_arm_m3_Hwi_excHandlerFunc__C)
                  0000db84    00000004     fatsdraw_pem4f.oem4f (.const:ti_sysbios_family_arm_m3_Hwi_excHookFuncs__C)
                  0000db88    00000004     fatsdraw_pem4f.oem4f (.const:ti_sysbios_family_arm_m3_Hwi_nullIsrFunc__C)
                  0000db8c    00000004     fatsdraw_pem4f.oem4f (.const:ti_sysbios_family_arm_m3_Hwi_priGroup__C)
                  0000db90    00000004     fatsdraw_pem4f.oem4f (.const:ti_sysbios_family_arm_m3_TaskSupport_stackAlignment__C)
                  0000db94    00000004     fatsdraw_pem4f.oem4f (.const:ti_sysbios_family_arm_m3_Timer_E_cannotSupport__C)
                  0000db98    00000004     fatsdraw_pem4f.oem4f (.const:ti_sysbios_family_arm_m3_Timer_startupNeeded__C)
                  0000db9c    00000004     fatsdraw_pem4f.oem4f (.const:ti_sysbios_family_arm_msp432_Timer_numTimerDevices__C)
                  0000dba0    00000004     fatsdraw_pem4f.oem4f (.const:ti_sysbios_family_arm_msp432_Timer_startupNeeded__C)
                  0000dba4    00000004     fatsdraw_pem4f.oem4f (.const:ti_sysbios_gates_GateMutex_Instance_State_sem__O)
                  0000dba8    00000004     fatsdraw_pem4f.oem4f (.const:ti_sysbios_hal_Hwi_E_stackOverflow__C)
                  0000dbac    00000004     fatsdraw_pem4f.oem4f (.const:ti_sysbios_heaps_HeapMem_E_memory__C)
                  0000dbb0    00000004     fatsdraw_pem4f.oem4f (.const:ti_sysbios_heaps_HeapMem_Module__gateObj__C)
                  0000dbb4    00000004     fatsdraw_pem4f.oem4f (.const:ti_sysbios_heaps_HeapMem_Object__count__C)
                  0000dbb8    00000004     fatsdraw_pem4f.oem4f (.const:ti_sysbios_heaps_HeapMem_reqAlign__C)
                  0000dbbc    00000004     fatsdraw_pem4f.oem4f (.const:ti_sysbios_knl_Clock_Module_State_clockQ__O)
                  0000dbc0    00000004     fatsdraw_pem4f.oem4f (.const:ti_sysbios_knl_Clock_tickPeriod__C)
                  0000dbc4    00000004     fatsdraw_pem4f.oem4f (.const:ti_sysbios_knl_Semaphore_Instance_State_pendQ__O)
                  0000dbc8    00000004     fatsdraw_pem4f.oem4f (.const:ti_sysbios_knl_Swi_Object__count__C)
                  0000dbcc    00000004     fatsdraw_pem4f.oem4f (.const:ti_sysbios_knl_Task_E_spOutOfBounds__C)
                  0000dbd0    00000004     fatsdraw_pem4f.oem4f (.const:ti_sysbios_knl_Task_E_stackOverflow__C)
                  0000dbd4    00000004     fatsdraw_pem4f.oem4f (.const:ti_sysbios_knl_Task_Module_State_inactiveQ__O)
                  0000dbd8    00000004     fatsdraw_pem4f.oem4f (.const:ti_sysbios_knl_Task_Object__count__C)
                  0000dbdc    00000004     fatsdraw_pem4f.oem4f (.const:ti_sysbios_knl_Task_allBlockedFunc__C)
                  0000dbe0    00000004     fatsdraw_pem4f.oem4f (.const:ti_sysbios_knl_Task_defaultStackHeap__C)
                  0000dbe4    00000004     fatsdraw_pem4f.oem4f (.const:ti_sysbios_knl_Task_defaultStackSize__C)
                  0000dbe8    00000004     fatsdraw_pem4f.oem4f (.const:ti_sysbios_knl_Task_numConstructedTasks__C)
                  0000dbec    00000004     fatsdraw_pem4f.oem4f (.const:xdc_runtime_Assert_E_assertFailed__C)
                  0000dbf0    00000004     fatsdraw_pem4f.oem4f (.const:xdc_runtime_Core_A_initializedParams__C)
                  0000dbf4    00000004     fatsdraw_pem4f.oem4f (.const:xdc_runtime_Core_Module__diagsEnabled__C)
                  0000dbf8    00000004     fatsdraw_pem4f.oem4f (.const:xdc_runtime_Core_Module__diagsIncluded__C)
                  0000dbfc    00000004     fatsdraw_pem4f.oem4f (.const:xdc_runtime_Core_Module__diagsMask__C)
                  0000dc00    00000004     fatsdraw_pem4f.oem4f (.const:xdc_runtime_Error_E_memory__C)
                  0000dc04    00000004     fatsdraw_pem4f.oem4f (.const:xdc_runtime_Error_Module__diagsEnabled__C)
                  0000dc08    00000004     fatsdraw_pem4f.oem4f (.const:xdc_runtime_Error_Module__diagsIncluded__C)
                  0000dc0c    00000004     fatsdraw_pem4f.oem4f (.const:xdc_runtime_Error_Module__diagsMask__C)
                  0000dc10    00000004     fatsdraw_pem4f.oem4f (.const:xdc_runtime_Error_Module__loggerFxn8__C)
                  0000dc14    00000004     fatsdraw_pem4f.oem4f (.const:xdc_runtime_Error_Module__loggerObj__C)
                  0000dc18    00000004     fatsdraw_pem4f.oem4f (.const:xdc_runtime_Error_policyFxn__C)
                  0000dc1c    00000004     fatsdraw_pem4f.oem4f (.const:xdc_runtime_Error_raiseHook__C)
                  0000dc20    00000004     fatsdraw_pem4f.oem4f (.const:xdc_runtime_IGateProvider_Interface__BASE__C)
                  0000dc24    00000004     fatsdraw_pem4f.oem4f (.const:xdc_runtime_IHeap_Interface__BASE__C)
                  0000dc28    00000004     fatsdraw_pem4f.oem4f (.const:xdc_runtime_IModule_Interface__BASE__C)
                  0000dc2c    00000004     fatsdraw_pem4f.oem4f (.const:xdc_runtime_Log_L_error__C)
                  0000dc30    00000004     fatsdraw_pem4f.oem4f (.const:xdc_runtime_Memory_defaultHeapInstance__C)
                  0000dc34    00000004     fatsdraw_pem4f.oem4f (.const:xdc_runtime_Startup_execImpl__C)
                  0000dc38    00000004     fatsdraw_pem4f.oem4f (.const:xdc_runtime_Startup_lastFxns__A)
                  0000dc3c    00000004     fatsdraw_pem4f.oem4f (.const:xdc_runtime_Startup_maxPasses__C)
                  0000dc40    00000004     fatsdraw_pem4f.oem4f (.const:xdc_runtime_Startup_sfxnRts__C)
                  0000dc44    00000004     fatsdraw_pem4f.oem4f (.const:xdc_runtime_Startup_sfxnTab__C)
                  0000dc48    00000004     fatsdraw_pem4f.oem4f (.const:xdc_runtime_SysMin_bufSize__C)
                  0000dc4c    00000004     fatsdraw_pem4f.oem4f (.const:xdc_runtime_SysMin_outputFunc__C)
                  0000dc50    00000004     fatsdraw_pem4f.oem4f (.const:xdc_runtime_System_Module__gateObj__C)
                  0000dc54    00000004     fatsdraw_pem4f.oem4f (.const:xdc_runtime_System_abortFxn__C)
                  0000dc58    00000004     fatsdraw_pem4f.oem4f (.const:xdc_runtime_System_exitFxn__C)
                  0000dc5c    00000004     fatsdraw_pem4f.oem4f (.const:xdc_runtime_System_extendFxn__C)
                  0000dc60    00000004     fatsdraw_pem4f.oem4f (.const:xdc_runtime_System_maxAtexitHandlers__C)
                  0000dc64    00000004     fatsdraw_pem4f.oem4f (.const:xdc_runtime_Text_charTab__C)
                  0000dc68    00000004     fatsdraw_pem4f.oem4f (.const:xdc_runtime_Text_nameEmpty__C)
                  0000dc6c    00000004     fatsdraw_pem4f.oem4f (.const:xdc_runtime_Text_nameStatic__C)
                  0000dc70    00000004     fatsdraw_pem4f.oem4f (.const:xdc_runtime_Text_nameUnknown__C)
                  0000dc74    00000004     fatsdraw_pem4f.oem4f (.const:xdc_runtime_Text_nodeTab__C)
                  0000dc78    00000004     fatsdraw_pem4f.oem4f (.const:xdc_runtime_Text_visitRopeFxn__C)
                  0000dc7c    00000002     fatsdraw_pem4f.oem4f (.const:ti_sysbios_family_arm_m3_TimestampProvider_configTimer__C)
                  0000dc7e    00000002     fatsdraw_pem4f.oem4f (.const:ti_sysbios_hal_Hwi_Module__id__C)
                  0000dc80    00000002     fatsdraw_pem4f.oem4f (.const:ti_sysbios_heaps_HeapMem_Module__id__C)
                  0000dc82    00000002     fatsdraw_pem4f.oem4f (.const:ti_sysbios_knl_Task_Module__id__C)
                  0000dc84    00000002     fatsdraw_pem4f.oem4f (.const:xdc_runtime_Core_Module__id__C)
                  0000dc86    00000002     fatsdraw_pem4f.oem4f (.const:xdc_runtime_Error_Module__loggerDefined__C)
                  0000dc88    00000002     fatsdraw_pem4f.oem4f (.const:xdc_runtime_Error_maxDepth__C)
                  0000dc8a    00000002     fatsdraw_pem4f.oem4f (.const:xdc_runtime_Memory_Module__id__C)
                  0000dc8c    00000002     fatsdraw_pem4f.oem4f (.const:xdc_runtime_SysMin_flushAtExit__C)
                  0000dc8e    00000002     fatsdraw_pem4f.oem4f (.const:xdc_runtime_Text_charCnt__C)
                  0000dc90    00000002     fatsdraw_pem4f.oem4f (.const:xdc_runtime_Text_isLoaded__C)
                  0000dc92    00000002     fatsdraw_pem4f.oem4f (.const:xdc_runtime_Text_registryModsLastId__C)
                  0000dc94    00000002     fatsdraw_pem4f.oem4f (.const:xdc_runtime_Text_unnamedModsLastId__C)

.cinit     0    0000dc98    000004d4     
                  0000dc98    00000498     (.cinit..data.load) [load image, compression = rle]
                  0000e130    0000000b     (.cinit..bss.load) [load image, compression = rle]
                  0000e13b    00000005     --HOLE-- [fill = 0]
                  0000e140    0000000b     (.cinit..vecs.load) [load image, compression = rle]
                  0000e14b    00000001     --HOLE-- [fill = 0]
                  0000e14c    00000008     (__TI_handler_table)
                  0000e154    00000018     (__TI_cinit_table)

.resetVecs 
*          0    00000000    0000003c     
                  00000000    0000003c     fatsdraw_pem4f.oem4f (.resetVecs)

.vecs      0    20000000    00000140     UNINITIALIZED
[...]
0000bb4d  xdc_runtime_Memory_HeapProxy_alloc__E                       
0000bb57  xdc_runtime_Memory_HeapProxy_free__E                        
0000bb61  ClockP_Params_init                                          
0000bb69  EUSCI_A_SPI_getInterruptStatus                              
0000bb71  EUSCI_B_SPI_getInterruptStatus                              
0000bb79  MSP_EXP432P401R_initGPIO                                    
0000bb81  MSP_EXP432P401R_initGeneral                                 
0000bb89  MSP_EXP432P401R_initSDSPI                                   
0000bb91  PCM_setPowerMode                                            
0000bb99  PCM_setPowerState                                           
0000bba1  SemaphoreP_Params_init                                      
0000bbb1  ti_sysbios_family_arm_m3_Hwi_doSwiRestore__I                
0000bbb9  ti_sysbios_family_arm_m3_Hwi_startup__E                     
0000bbb9  ti_sysbios_hal_Hwi_HwiProxy_startup__E                      
0000bbc9  SDSPIMSP432_control                                         
0000bbcf  UART_getInterruptStatus                                     
0000bbd5  UART_queryStatusFlags                                       
0000bbdb  __TI_decompress_rle24                                       
0000bbe9  ti_sysbios_family_arm_m3_Hwi_doTaskRestore__I               
0000bbf1  HwiP_restore                                                
0000bbf1  ti_sysbios_family_arm_m3_Hwi_restoreFxn__E                  
0000bbf1  ti_sysbios_hal_Hwi_HwiProxy_restore__E                      
0000bbf9  ti_sysbios_gates_GateHwi_leave__E                           
0000bc01  ti_sysbios_heaps_HeapMem_isBlocking__E                      
0000bc09  ti_sysbios_knl_Clock_stop__E                                
0000bc11  ti_sysbios_knl_Queue_Instance_init__E                       
0000bc19  ti_sysbios_knl_Swi_startup__E                               
0000bc1f  xdc_runtime_System_Module_startup__E                        
0000bc29  ti_sysbios_gates_GateHwi_query__E                           
0000bc29  xdc_runtime_Main_Module_GateProxy_query__E                  
0000bc29  xdc_runtime_System_Module_GateProxy_query__E                
0000bc31  ti_sysbios_BIOS_RtsGateProxy_query__E                       
0000bc31  ti_sysbios_gates_GateMutex_query__E                         
0000bc31  ti_sysbios_heaps_HeapMem_Module_GateProxy_query__E          
0000bc39  ti_sysbios_knl_Clock_setTimeout__E                          
0000bc41  ti_sysbios_knl_Task_startup__E                              
0000bc49  ti_sysbios_family_arm_m3_TimestampProvider_rolloverFunc__E  
0000bc51  ti_sysbios_gates_GateHwi_Instance_init__E                   
0000bc59  ti_sysbios_knl_Clock_logTick__E                             
0000bc5c  xdc_runtime_Text_charTab__A                                 
0000d40f  _ctypes_                                                    
0000d510  xdc_runtime_Text_nodeTab__A                                 
0000d5d4  uartMSP432Baudrates                                         
0000d6ec  uartMSP432HWAttrs                                           
0000d734  ti_sysbios_knl_Task_Object__PARAMS__C                       
0000d770  ti_sysbios_family_arm_m3_Hwi_Object__PARAMS__C              
0000d7a0  xdc_runtime_Startup_sfxnTab__A                              
0000d7cc  UARTMSP432_fxnTable                                         
0000d7f4  ti_sysbios_heaps_HeapMem_Module__FXNS__C                    
0000d81c  UART_config                                                 
0000d840  UART_defaultParams                                          
0000d888  ti_sysbios_gates_GateHwi_Module__FXNS__C                    
0000d8ac  ti_sysbios_gates_GateMutex_Module__FXNS__C                  
0000d8d0  ti_sysbios_heaps_HeapMem_Object__PARAMS__C                  
0000d8f4  ti_sysbios_knl_Clock_Object__PARAMS__C                      
0000d918  ti_sysbios_knl_Semaphore_Object__PARAMS__C                  
0000d93c  ti_sysbios_family_arm_m3_Hwi_Object__DESC__C                
0000d95c  ti_sysbios_gates_GateHwi_Object__DESC__C                    
0000d97c  ti_sysbios_gates_GateMutex_Object__DESC__C                  
0000d99c  ti_sysbios_heaps_HeapMem_Object__DESC__C                    
0000d9bc  ti_sysbios_knl_Clock_Object__DESC__C                        
0000d9dc  ti_sysbios_knl_Queue_Object__DESC__C                        
0000d9fc  ti_sysbios_knl_Semaphore_Object__DESC__C                    
0000da1c  ti_sysbios_knl_Task_Object__DESC__C                         
0000da3c  SDSPI_config                                                
0000da54  ti_sysbios_gates_GateHwi_Object__PARAMS__C                  
0000da6c  ti_sysbios_gates_GateMutex_Object__PARAMS__C                
0000da84  ti_sysbios_knl_Queue_Object__PARAMS__C                      
0000da9c  xdc_runtime_Startup_sfxnRts__A                              
0000dab2  ti_sysbios_family_arm_m3_Hwi_Module__id__C                  
0000dab4  GPIOMSP432_config                                           
0000dac8  sdspiMSP432HWAttrs                                          
0000dadc  PowerMSP432_config                                          
0000daec  SDSPIMSP432_fxnTable                                        
0000db08  xdc_runtime_Startup_firstFxns__A                            
0000db14  SDSPI_defaultParams                                         
0000db1c  ti_sysbios_family_arm_m3_Hwi_excHookFuncs__A                
0000db24  ti_sysbios_knl_Idle_funcList__A                             
0000db2c  ti_sysbios_knl_Idle_funcList__C                             
0000db34  xdc_runtime_Startup_firstFxns__C                            
0000db3c  xdc_runtime_Startup_lastFxns__C                             
0000db49  xdc_runtime_Error_policy__C                                 
0000db4a  ti_sysbios_family_arm_m3_Timer_Module__id__C                
0000db4c  ti_sysbios_family_arm_m3_Hwi_E_NMI__C                       
0000db50  ti_sysbios_family_arm_m3_Hwi_E_alreadyDefined__C            
0000db54  ti_sysbios_family_arm_m3_Hwi_E_busFault__C                  
0000db58  ti_sysbios_family_arm_m3_Hwi_E_debugMon__C                  
0000db5c  ti_sysbios_family_arm_m3_Hwi_E_hardFault__C                 
0000db60  ti_sysbios_family_arm_m3_Hwi_E_memFault__C                  
0000db64  ti_sysbios_family_arm_m3_Hwi_E_noIsr__C                     
0000db68  ti_sysbios_family_arm_m3_Hwi_E_reserved__C                  
0000db6c  ti_sysbios_family_arm_m3_Hwi_E_svCall__C                    
0000db70  ti_sysbios_family_arm_m3_Hwi_E_usageFault__C                
0000db74  ti_sysbios_family_arm_m3_Hwi_NUM_INTERRUPTS__C              
0000db78  ti_sysbios_family_arm_m3_Hwi_Object__count__C               
0000db7c  ti_sysbios_family_arm_m3_Hwi_ccr__C                         
0000db80  ti_sysbios_family_arm_m3_Hwi_excHandlerFunc__C              
0000db84  ti_sysbios_family_arm_m3_Hwi_excHookFuncs__C                
0000db88  ti_sysbios_family_arm_m3_Hwi_nullIsrFunc__C                 
0000db8c  ti_sysbios_family_arm_m3_Hwi_priGroup__C                    
0000db90  ti_sysbios_family_arm_m3_TaskSupport_stackAlignment__C      
0000db94  ti_sysbios_family_arm_m3_Timer_E_cannotSupport__C           
0000db98  ti_sysbios_family_arm_m3_Timer_startupNeeded__C             
0000db9c  ti_sysbios_family_arm_msp432_Timer_numTimerDevices__C       
0000dba0  ti_sysbios_family_arm_msp432_Timer_startupNeeded__C         
0000dba4  ti_sysbios_gates_GateMutex_Instance_State_sem__O            
0000dba8  ti_sysbios_hal_Hwi_E_stackOverflow__C                       
0000dbac  ti_sysbios_heaps_HeapMem_E_memory__C                        
0000dbb0  ti_sysbios_heaps_HeapMem_Module__gateObj__C                 
0000dbb4  ti_sysbios_heaps_HeapMem_Object__count__C                   
0000dbb8  ti_sysbios_heaps_HeapMem_reqAlign__C                        
0000dbbc  ti_sysbios_knl_Clock_Module_State_clockQ__O                 
0000dbc0  ti_sysbios_knl_Clock_tickPeriod__C                          
0000dbc4  ti_sysbios_knl_Semaphore_Instance_State_pendQ__O            
0000dbc8  ti_sysbios_knl_Swi_Object__count__C                         
0000dbcc  ti_sysbios_knl_Task_E_spOutOfBounds__C                      
0000dbd0  ti_sysbios_knl_Task_E_stackOverflow__C                      
0000dbd4  ti_sysbios_knl_Task_Module_State_inactiveQ__O               
0000dbd8  ti_sysbios_knl_Task_Object__count__C                        
0000dbdc  ti_sysbios_knl_Task_allBlockedFunc__C                       
0000dbe0  ti_sysbios_knl_Task_defaultStackHeap__C                     
0000dbe4  ti_sysbios_knl_Task_defaultStackSize__C                     
0000dbe8  ti_sysbios_knl_Task_numConstructedTasks__C                  
0000dbec  xdc_runtime_Assert_E_assertFailed__C                        
0000dbf0  xdc_runtime_Core_A_initializedParams__C                     
0000dbf4  xdc_runtime_Core_Module__diagsEnabled__C                    
0000dbf8  xdc_runtime_Core_Module__diagsIncluded__C                   
0000dbfc  xdc_runtime_Core_Module__diagsMask__C                       
0000dc00  xdc_runtime_Error_E_memory__C                               
0000dc04  xdc_runtime_Error_Module__diagsEnabled__C                   
0000dc08  xdc_runtime_Error_Module__diagsIncluded__C                  
0000dc0c  xdc_runtime_Error_Module__diagsMask__C                      
0000dc10  xdc_runtime_Error_Module__loggerFxn8__C                     
0000dc14  xdc_runtime_Error_Module__loggerObj__C                      
0000dc18  xdc_runtime_Error_policyFxn__C                              
0000dc1c  xdc_runtime_Error_raiseHook__C                              
0000dc20  xdc_runtime_IGateProvider_Interface__BASE__C                
0000dc24  xdc_runtime_IHeap_Interface__BASE__C                        
0000dc28  xdc_runtime_IModule_Interface__BASE__C                      
0000dc2c  xdc_runtime_Log_L_error__C                                  
0000dc30  xdc_runtime_Memory_defaultHeapInstance__C                   
0000dc34  xdc_runtime_Startup_execImpl__C                             
0000dc38  xdc_runtime_Startup_lastFxns__A                             
0000dc3c  xdc_runtime_Startup_maxPasses__C                            
0000dc40  xdc_runtime_Startup_sfxnRts__C                              
0000dc44  xdc_runtime_Startup_sfxnTab__C                              
0000dc48  xdc_runtime_SysMin_bufSize__C                               
0000dc4c  xdc_runtime_SysMin_outputFunc__C                            
0000dc50  xdc_runtime_System_Module__gateObj__C                       
0000dc54  xdc_runtime_System_abortFxn__C                              
0000dc58  xdc_runtime_System_exitFxn__C                               
0000dc5c  xdc_runtime_System_extendFxn__C                             
0000dc60  xdc_runtime_System_maxAtexitHandlers__C                     
0000dc64  xdc_runtime_Text_charTab__C                                 
0000dc68  xdc_runtime_Text_nameEmpty__C                               
0000dc6c  xdc_runtime_Text_nameStatic__C                              
0000dc70  xdc_runtime_Text_nameUnknown__C                             
0000dc74  xdc_runtime_Text_nodeTab__C                                 
0000dc78  xdc_runtime_Text_visitRopeFxn__C                            
0000dc7c  ti_sysbios_family_arm_m3_TimestampProvider_configTimer__C   
0000dc7e  ti_sysbios_hal_Hwi_Module__id__C                            
0000dc80  ti_sysbios_heaps_HeapMem_Module__id__C                      
0000dc82  ti_sysbios_knl_Task_Module__id__C                           
0000dc84  xdc_runtime_Core_Module__id__C                              
0000dc86  xdc_runtime_Error_Module__loggerDefined__C                  
0000dc88  xdc_runtime_Error_maxDepth__C                               
0000dc8a  xdc_runtime_Memory_Module__id__C                            
0000dc8c  xdc_runtime_SysMin_flushAtExit__C                           
0000dc8e  xdc_runtime_Text_charCnt__C                                 
0000dc90  xdc_runtime_Text_isLoaded__C                                
0000dc92  xdc_runtime_Text_registryModsLastId__C                      
0000dc94  xdc_runtime_Text_unnamedModsLastId__C                       
0000dc98  __TI_static_base__                                          
0000e14c  __TI_Handler_Table_Base                                     
0000e154  __TI_CINIT_Base                                             
0000e154  __TI_Handler_Table_Limit                                    
0000e16c  __TI_CINIT_Limit                                            
20000000  ti_sysbios_family_arm_m3_Hwi_ramVectors                     
20000140  data_buffer                                                 
20003020  textarray                                                   
20005f00  ti_sysbios_heaps_HeapMem_Instance_State_0_buf__A            
20006f00  Uart_taskStack                                              
20007700  WriteSD_taskStack                                           
20007f00  xdc_runtime_SysMin_Module_State_0_outbuf__A                 
20008300  sdspiMSP432Objects                                          
20008554  src                                                         
20008778  ti_sysbios_knl_Task_Instance_State_0_stack__A               
20008978  ti_sysbios_family_arm_m3_Hwi_dispatchTable                  
20008ab8  __CIOBUF_                                                   
20008bd8  uartMSP432Objects                                           
20008cd8  Uart_taskStruct                                             
20008d28  WriteSD_taskStruct                                          
20008d78  uartMSP432RingBuffer                                        
20008db8  printbuffer                                                 
20008e4c  inputfile                                                   
20008e7c  print_ads1281_data                                          
20008e8c  print_ads1281_value                                         
20008eb4  curValue                                                    
20008eb8  curValue_buff                                               
20008ebc  curValue_buff2                                              
20008ec0  curValue_drift                                              
20008f98  PowerMSP432_perfLevels                                      
20009034  ti_sysbios_knl_Swi_Module_State_0_readyQ__A                 
200090b4  ti_sysbios_knl_Task_Module_State_0_readyQ__A                
20009188  outPUT_mms                                                  
20009190  NOW_Time                                                    
20009198  ads1281_data1                                               
2000919c  ads1281_data2                                               
200091a0  ads1281_data3                                               
200091a4  ads1281_data4                                               
200091a8  ads1281_value                                               
200091ac  get_print                                                   
200091b0  fatfs_write_Time                                            
200091b8  fileSize                                                    
200091bc  adc_counter                                                 
200091c0  start_loggering                                             
200091c4  databuuer_is_Full                                           
200091c8  gps_time                                                    
200091d0  avg_c                                                       
200091d4  delay_c                                                     
200091d8  ti_sysbios_family_arm_msp432_Timer_Object__table__V         
20009224  ti_sysbios_knl_Task_Object__table__V                        
20009270  ti_sysbios_knl_Task_Module__state__V                        
200092b4  gpioPinConfigs                                              
200092ec  ti_sysbios_gates_GateMutex_Object__table__V                 
20009324  ti_sysbios_family_arm_m3_Hwi_Module__state__V               
200093b8  ti_sysbios_family_arm_m3_Hwi_Object__table__V               
200093e8  ti_sysbios_family_arm_m3_Timer_Object__table__V             
20009418  ti_sysbios_knl_Swi_Object__table__V                         
20009448  ti_sysbios_knl_Clock_Module__state__V                       
20009474  PowerMSP432_module                                          
200094bc  ti_sysbios_BIOS_Module__state__V                            
200094e0  ti_sysbios_family_arm_msp432_Timer_Module_State_0_device__A 
20009500  ti_sysbios_knl_Swi_Module__state__V                         
2000951c  ti_sysbios_heaps_HeapMem_Object__table__V                   
20009534  _tz                                                         
20009544  gpioCallbackFunctions                                       
20009554  ti_sysbios_family_arm_msp432_Timer_Module_State_0_handles__A
20009564  __TI_cleanup_ptr                                            
20009568  __TI_dtors_ptr                                              
2000956c  __TI_enable_exit_profile_output                             
20009570  ti_sysbios_family_arm_m3_Timer_Module__state__V             
2000957c  ti_sysbios_family_arm_msp432_ClockFreqs_Module__state__V    
20009588  ti_sysbios_family_arm_msp432_Timer_Module__state__V         
20009594  xdc_runtime_SysMin_Module__state__V                         
200095a0  _lock                                                       
200095a4  _unlock                                                     
200095a8  ti_sysbios_family_arm_m3_Hwi_Module__root__V                
200095b0  ti_sysbios_gates_GateHwi_Module__root__V                    
200095b8  ti_sysbios_gates_GateMutex_Module__root__V                  
200095c0  ti_sysbios_heaps_HeapMem_Module__root__V                    
200095c8  ti_sysbios_knl_Clock_Module__root__V                        
200095d0  ti_sysbios_knl_Queue_Module__root__V                        
200095d8  ti_sysbios_knl_Semaphore_Module__root__V                    
200095e0  ti_sysbios_knl_Task_Module__root__V                         
200095e8  xdc_runtime_Registry_Module__state__V                       
200095f0  xdc_runtime_Startup_Module__state__V                        
200095f8  xdc_runtime_System_Module_State_0_atexitHandlers__A         
20009600  xdc_runtime_System_Module__state__V                         
20009610  errno                                                       
20009614  main_func_sp                                                
2000961c  ti_sysbios_family_arm_m3_Hwi_Module_State_0_excContext__A   
20009620  ti_sysbios_family_arm_m3_Hwi_Module_State_0_excStack__A     
20009624  ti_sysbios_family_arm_m3_TimestampProvider_Module__state__V 
20009628  ti_sysbios_gates_GateHwi_Object__table__V                   
2000962c  ti_sysbios_knl_Task_Module_State_0_idleTask__A              
20009630  xdc_runtime_Memory_Module__state__V                         
20009634  ti_sysbios_family_arm_m3_Hwi_Module_State_0_excActive__A    
20009636  xdc_runtime_Error_Module__state__V                          
2000fd00  __stack                                                     
20010000  __STACK_END                                                 
4000480c  WDTCTL_SYM                                                  
e000e000  ti_sysbios_family_arm_m3_Hwi_nvic                           
ffffffff  __TI_pprof_out_hndl                                         
ffffffff  __TI_prof_data_size                                         
ffffffff  __TI_prof_data_start                                        
ffffffff  __binit__                                                   
ffffffff  __c_args__                                                  
ffffffff  binit                                                       
UNDEFED   SHT$$INIT_ARRAY$$Base                                       
UNDEFED   SHT$$INIT_ARRAY$$Limit                                      

[821 symbols]
