******************************************************************************
                  TI ARM Linker PC v16.3.0                     
******************************************************************************
>> Linked Tue Oct 18 15:41:40 2016

OUTPUT FILE NAME:   <MSP432_data_Logger_V2.0.out>
ENTRY POINT SYMBOL: "_c_int00"  address: 0000a175


MEMORY CONFIGURATION

         name            origin    length      used     unused   attr    fill
----------------------  --------  ---------  --------  --------  ----  --------
  MAIN                  00000000   00040000  0000fb5c  000304a4  R  X
  INFO                  00200000   00004000  00000000  00004000  R  X
  SRAM_CODE             01000000   00010000  00000000  00010000  RW X
  SRAM_DATA             20000000   00010000  00005ca6  0000a35a  RW  


SEGMENT ALLOCATION MAP

run origin  load origin   length   init length attrs members
----------  ----------- ---------- ----------- ----- -------
00000000    00000000    0000fb6c   0000fb6c    r-x
  00000000    00000000    0000003c   0000003c    r-- .resetVecs
  00000040    00000040    0000d512   0000d512    r-x .text
  0000d558    0000d558    00002112   00002112    r-- .const
  0000f670    0000f670    000004fc   000004fc    r-- .cinit
20000000    20000000    000059a8   00000000    rw-
  20000000    20000000    00000140   00000000    rw- .vecs
  20000140    20000140    000050be   00000000    rw- .bss
  20005200    20005200    000007a8   00000000    rw- .data
2000fd00    2000fd00    00000300   00000000    rw-
  2000fd00    2000fd00    00000300   00000000    rw- .stack


SECTION ALLOCATION MAP

 output                                  attributes/
section   page    origin      length       input sections
--------  ----  ----------  ----------   ----------------
.text      0    00000040    0000d512     
                  00000040    00001110     rtsv7M4_T_le_v4SPD16_eabi.lib : _printfi.obj (.text)
                  00001150    00000924                                   : _scanfi.obj (.text)
                  00001a74    00000498     fatsdraw.obj (.text:task_Uart_Fxn)
                  00001f0c    00000004     msp432p4xx_driverlib.lib : cpu.o (.text:CPU_wfi)
                  00001f10    00000430     sysbios.aem4f : BIOS.obj (.text:ti_sysbios_family_arm_m3_Hwi_excDumpRegs__I)
                  00002340    0000034c     ti.targets.arm.rtsarm.aem4f : System.oem4f (.text:xdc_runtime_System_doPrint__I)
                  0000268c    00000324     ti.mw.fatfs.aem4f : ff.oem4f (.text:find_volume)
                  000029b0    00000324     rtsv7M4_T_le_v4SPD16_eabi.lib : trgdrv.obj (.text)
                  00002cd4    0000030c                                   : lowlev.obj (.text)
                  00002fe0    000002a8     fatsdraw.obj (.text:hwi_GetADS1281Data_Fxn)
                  00003288    0000029c     rtsv7M4_T_le_v4SPD16_eabi.lib : mktime.obj (.text)
                  00003524    00000260     drivers_MSP432P401R.aem4f : UARTMSP432.oem4f (.text:UARTMSP432_open)
                  00003784    0000023c                               : SDSPIMSP432.oem4f (.text:SDSPIMSP432_diskInitialize)
                  000039c0    0000023c     rtsv7M4_T_le_v4SPD16_eabi.lib : strtod.obj (.text)
                  00003bfc    0000021e                                   : ll_div_t2.obj (.text)
                  00003e1a    000001f4                                   : ull_div_t2.obj (.text)
                  0000400e    00000002     power_tirtos_MSP432P401R.aem4f : PowerMSP432_tirtos.oem4f (.text:PowerMSP432_initPolicy)
                  00004010    000001e4     rtsv7M4_T_le_v4SPD16_eabi.lib : strtoll.obj (.text)
                  000041f4    000001c4     drivers_MSP432P401R.aem4f : SDSPIMSP432.oem4f (.text:send_cmd)
                  000043b8    000001b6     rtsv7M4_T_le_v4SPD16_eabi.lib : fd_add_t2.obj (.text)
                  0000456e    00000002                                   : i_div0.obj (.text)
                  00004570    000001b0     fatsdraw.obj (.text:task_WriteSD_Fxn)
                  00004720    000001a4     ti.mw.fatfs.aem4f : ff.oem4f (.text:f_write)
                  000048c4    000001a0     msp432p4xx_driverlib.lib : pcm.o (.text:__PCM_setPowerStateAdvanced)
                  00004a64    0000019c     drivers_MSP432P401R.aem4f : SDSPIMSP432.oem4f (.text:SDSPIMSP432_open)
                  00004c00    00000194     hp_time_po.obj (.text:ms_timestr2hptime)
                  00004d94    00000178     ti.mw.fatfs.aem4f : ff.oem4f (.text:f_read)
                  00004f0c    00000004     msp432p4xx_driverlib.lib : spi.o (.text:EUSCI_A_SPI_transmitData)
                  00004f10    00000174     sysbios.aem4f : BIOS.obj (.text:ti_sysbios_family_arm_m3_Hwi_excBusFault__I)
                  00005084    0000016c     rtsv7M4_T_le_v4SPD16_eabi.lib : strtoull.obj (.text)
                  000051f0    00000164     ti.mw.fatfs.aem4f : ff.oem4f (.text:f_open)
                  00005354    00000004     msp432p4xx_driverlib.lib : spi.o (.text:EUSCI_B_SPI_transmitData)
                  00005358    00000164     sysbios.aem4f : BIOS.obj (.text:ti_sysbios_family_arm_m3_Hwi_excUsageFault__I)
                  000054bc    00000162     drivers_MSP432P401R.aem4f : SDSPIMSP432.oem4f (.text:xmit_datablock)
                  0000561e    0000015a     ti.mw.fatfs.aem4f : ff.oem4f (.text:f_lseek)
                  00005778    00000148     sysbios.aem4f : BIOS.obj (.text:ti_sysbios_family_arm_m3_Hwi_excMemFault__I)
                  000058c0    00000140     drivers_MSP432P401R.aem4f : GPIOMSP432.oem4f (.text:GPIO_setConfig)
                  00005a00    00000138     rtsv7M4_T_le_v4SPD16_eabi.lib : localtim.obj (.text)
                  00005b38    00000138     sysbios.aem4f : BIOS.obj (.text:ti_sysbios_knl_Semaphore_pend__E)
                  00005c70    00000136     rtsv7M4_T_le_v4SPD16_eabi.lib : fd_div_t2.obj (.text)
                  00005da6    00000002                                   : l_div0.obj (.text)
                  00005da8    00000134                                   : strtol.obj (.text)
                  00005edc    00000123     ti.mw.fatfs.aem4f : ff.oem4f (.text:create_name)
                  00005fff    00000001     --HOLE-- [fill = 0]
                  00006000    00000118     ti.targets.arm.rtsarm.aem4f : Error.oem4f (.text:xdc_runtime_Error_policyDefault__E)
                  00006118    00000114     rtsv7M4_T_le_v4SPD16_eabi.lib : strtoul.obj (.text)
                  0000622c    00000110     drivers_MSP432P401R.aem4f : SDSPIMSP432.oem4f (.text:SDSPIMSP432_diskIOctrl)
                  0000633c    00000004     tirtosport.aem4f : HwiP_tirtos.oem4f (.text:HwiP_disable)
                  00006340    0000010c     sysbios.aem4f : BIOS.obj (.text:ti_sysbios_family_arm_m3_Hwi_excFillContext__I)
                  0000644c    00000004     drivers_MSP432P401R.aem4f : List.oem4f (.text:List_head)
                  00006450    00000108     sysbios.aem4f : BIOS.obj (.text:ti_sysbios_family_arm_m3_Hwi_excHandlerMax__I)
                  00006558    00000104     hp_time_po.obj (.text:ms_md2doy)
                  0000665c    00000100     drivers_MSP432P401R.aem4f : SDSPIMSP432.oem4f (.text:SDSPIMSP432_diskWrite)
                  0000675c    00000100     ti.targets.arm.rtsarm.aem4f : Core-mem.oem4f (.text:xdc_runtime_Core_createObject__I)
                  0000685c    000000fe     ti.mw.fatfs.aem4f : ff.oem4f (.text:f_rename)
                  0000695a    000000fc     rtsv7M4_T_le_v4SPD16_eabi.lib : fd_mul_t2.obj (.text)
                  00006a56    00000002     fatsdraw_pem4f.oem4f (.text:ti_sysbios_BIOS_nullFunc__I)
                  00006a58    000000fc     rtsv7M4_T_le_v4SPD16_eabi.lib : s_scalbn.obj (.text)
                  00006b54    000000fa     ti.mw.fatfs.aem4f : ff.oem4f (.text:dir_next)
                  00006c4e    00000002     --HOLE-- [fill = 0]
                  00006c50    000000f8     fatsdraw.obj (.text:main)
                  00006d48    000000f8     ti.targets.arm.rtsarm.aem4f : Startup.oem4f (.text:xdc_runtime_Startup_startMods__I)
                  00006e40    000000f8     fatsdraw_pem4f.oem4f (.text:xdc_runtime_System_printfExtend__I)
                  00006f38    000000f4     drivers_MSP432P401R.aem4f : PowerMSP432.oem4f (.text:Power_sleep)
                  0000702c    000000f4     sysbios.aem4f : m3_Hwi_asm.obj (.text:ti_sysbios_family_arm_m3_Hwi_dispatch__I)
                  00007120    000000f0     drivers_MSP432P401R.aem4f : PowerMSP432.oem4f (.text:initPerfControl)
                  00007210    000000f0                               : SDSPIMSP432.oem4f (.text:rcvr_datablock)
                  00007300    000000ec     ti.mw.fatfs.aem4f : ff.oem4f (.text:put_fat)
                  000073ec    000000e0     msp432p4xx_driverlib.lib : cs.o (.text:CS_initClockSignal)
                  000074cc    000000e0     drivers_MSP432P401R.aem4f : SDSPIMSP432.oem4f (.text:SDSPIMSP432_diskRead)
                  000075ac    000000dc     msp432p4xx_driverlib.lib : pcm.o (.text:__PCM_setPowerModeAdvanced)
                  00007688    000000d8     hp_time_po.obj (.text:ms_btime2hptime)
                  00007760    000000d6     ti.mw.fatfs.aem4f : ff.oem4f (.text:get_fat)
                  00007836    00000002     --HOLE-- [fill = 0]
                  00007838    000000cc     rtsv7M4_T_le_v4SPD16_eabi.lib : sscanf.obj (.text)
                  00007904    00000004     drivers_MSP432P401R.aem4f : List.oem4f (.text:List_next)
                  00007908    000000cc     sysbios.aem4f : BIOS.obj (.text:ti_sysbios_heaps_HeapMem_alloc__E)
                  000079d4    00000004     drivers_MSP432P401R.aem4f : PowerMSP432.oem4f (.text:PowerMSP432_getNumPerfLevels)
                  000079d8    000000cc     sysbios.aem4f : BIOS.obj (.text:ti_sysbios_knl_Task_Instance_init__E)
                  00007aa4    000000cc     ti.targets.arm.rtsarm.aem4f : Core-smem.oem4f (.text:xdc_runtime_Core_constructObject__I)
                  00007b70    000000c0     sysbios.aem4f : BIOS.obj (.text:ti_sysbios_knl_Task_sleep__E)
                  00007c30    000000bc                   : BIOS.obj (.text:ti_sysbios_family_arm_m3_Hwi_excDebugMon__I)
                  00007cec    00000004     ti.mw.fatfs.aem4f : ffosal.oem4f (.text:ff_rel_grant)
                  00007cf0    000000bc     sysbios.aem4f : BIOS.obj (.text:ti_sysbios_family_arm_m3_Hwi_excHardFault__I)
                  00007dac    00000004     ti.mw.fatfs.aem4f : diskio.oem4f (.text:get_fattime)
                  00007db0    000000bc     sysbios.aem4f : BIOS.obj (.text:ti_sysbios_knl_Task_Instance_finalize__E)
                  00007e6c    000000b8     ti.mw.fatfs.aem4f : ffcio.oem4f (.text:ffcio_open)
                  00007f24    000000b4                       : ff.oem4f (.text:sync_fs)
                  00007fd8    000000b4     sysbios.aem4f : BIOS.obj (.text:ti_sysbios_knl_Task_checkStacks__E)
                  0000808c    000000b0     drivers_MSP432P401R.aem4f : UARTMSP432.oem4f (.text:UARTMSP432_readPolling)
                  0000813c    000000b0     msp432p4xx_driverlib.lib : pcm.o (.text:__PCM_setCoreVoltageLevelAdvanced)
                  000081ec    000000a8     ti.mw.fatfs.aem4f : ff.oem4f (.text:create_chain)
                  00008294    00000004     fatsdraw_pem4f.oem4f (.text:ti_sysbios_BIOS_RtsGateProxy_enter__E)
                  00008298    000000a8     sysbios.aem4f : BIOS.obj (.text:ti_sysbios_family_arm_msp432_Timer_periodicStub__E)
                  00008340    000000a4     drivers_MSP432P401R.aem4f : UARTMSP432.oem4f (.text:UARTMSP432_control)
                  000083e4    000000a4     ti.mw.fatfs.aem4f : ff.oem4f (.text:f_unlink)
                  00008488    000000a0     auto_init.aem4f : auto_init.oem4f (.text)
                  00008528    000000a0     ti.targets.arm.rtsarm.aem4f : Text.oem4f (.text:xdc_runtime_Text_putMod__E)
                  000085c8    0000009c     ti.mw.fatfs.aem4f : ff.oem4f (.text:f_sync)
                  00008664    0000009c     drivers_MSP432P401R.aem4f : UARTMSP432.oem4f (.text:readTaskBlocking)
                  00008700    0000009c     rtsv7M4_T_le_v4SPD16_eabi.lib : memcpy_t2.obj (.text)
                  0000879c    0000009a     ti.targets.arm.rtsarm.aem4f : Text.oem4f (.text:xdc_runtime_Text_putSite__E)
                  00008836    00000002     --HOLE-- [fill = 0]
                  00008838    00000094     msp432p4xx_driverlib.lib : uart.o (.text:UART_initModule)
                  000088cc    00000094     hp_time_po.obj (.text:ms_time2hptime_int)
                  00008960    00000094     sysbios.aem4f : BIOS.obj (.text:ti_sysbios_family_arm_m3_Hwi_Instance_init__E)
                  000089f4    00000004     fatsdraw_pem4f.oem4f (.text:ti_sysbios_BIOS_RtsGateProxy_leave__E)
                  000089f8    00000094     sysbios.aem4f : BIOS.obj (.text:ti_sysbios_family_arm_m3_Hwi_initNVIC__E)
                  00008a8c    0000008c                   : m3_TaskSupport_asm.obj (.text:ti_sysbios_family_arm_m3_TaskSupport_buildTaskStack)
                  00008b18    0000008c                   : BIOS.obj (.text:ti_sysbios_knl_Task_postInit__I)
                  00008ba4    0000008a     drivers_MSP432P401R.aem4f : UARTMSP432.oem4f (.text:UARTMSP432_close)
                  00008c2e    00000088     msp432p4xx_driverlib.lib : spi.o (.text:SPI_initMaster)
                  00008cb6    00000002     --HOLE-- [fill = 0]
                  00008cb8    00000088     drivers_MSP432P401R.aem4f : SDSPIMSP432.oem4f (.text:wait_ready)
                  00008d40    00000086     rtsv7M4_T_le_v4SPD16_eabi.lib : fd_cmp_t2.obj (.text:__aeabi_cdcmple)
                  00008dc6    00000086                                   : fd_cmp_t2.obj (.text:__aeabi_cdrcmple)
                  00008e4c    00000084     drivers_MSP432P401R.aem4f : UARTMSP432.oem4f (.text:initHw)
                  00008ed0    00000084     sysbios.aem4f : BIOS.obj (.text:ti_sysbios_family_arm_m3_Hwi_postInit__I)
                  00008f54    00000084     drivers_MSP432P401R.aem4f : UARTMSP432.oem4f (.text:writeData)
                  00008fd8    00000082                               : UARTMSP432.oem4f (.text:readIsrTextCallback)
                  0000905a    0000007e     ti.mw.fatfs.aem4f : ff.oem4f (.text:dir_sdi)
                  000090d8    0000007c     fatsdraw.obj (.text:Get_Logger_Time)
                  00009154    0000007c     msp432p4xx_driverlib.lib : pcm.o (.text:PCM_gotoLPM3)
                  000091d0    0000007c     ti.mw.fatfs.aem4f : ff.oem4f (.text:f_mount)
                  0000924c    00000004     fatsdraw_pem4f.oem4f (.text:ti_sysbios_family_arm_m3_Hwi_destruct)
                  00009250    0000007c     sysbios.aem4f : BIOS.obj (.text:ti_sysbios_heaps_HeapMem_free__E)
                  000092cc    0000007a     drivers_MSP432P401R.aem4f : UARTMSP432.oem4f (.text:UARTMSP432_write)
                  00009346    0000007a                               : UARTMSP432.oem4f (.text:readTaskCallback)
                  000093c0    0000007a     rtsv7M4_T_le_v4SPD16_eabi.lib : memset_t2.obj (.text)
                  0000943a    00000002     --HOLE-- [fill = 0]
                  0000943c    00000074     ti.mw.fatfs.aem4f : ff.oem4f (.text:check_fs)
                  000094b0    00000074     drivers_MSP432P401R.aem4f : UARTMSP432.oem4f (.text:readIsrTextBlocking)
                  00009524    00000070                               : SDSPIMSP432.oem4f (.text:SDSPIMSP432_close)
                  00009594    00000004     fatsdraw_pem4f.oem4f (.text:ti_sysbios_family_arm_m3_TaskSupport_Module__startupDone__S)
                  00009598    00000070     sysbios.aem4f : BIOS.obj (.text:ti_sysbios_knl_Semaphore_post__E)
                  00009608    0000006e     rtsv7M4_T_le_v4SPD16_eabi.lib : fd_tos_t2.obj (.text)
                  00009676    00000002     --HOLE-- [fill = 0]
                  00009678    0000006d     ti.targets.arm.rtsarm.aem4f : System.oem4f (.text:xdc_runtime_System_formatNum__I)
                  000096e5    00000003     --HOLE-- [fill = 0]
                  000096e8    0000006c     sysbios.aem4f : BIOS.obj (.text:ti_sysbios_knl_Clock_workFunc__E)
                  00009754    00000004     fatsdraw_pem4f.oem4f (.text:ti_sysbios_heaps_HeapMem_Module_GateProxy_enter__E)
                  00009758    0000006c     sysbios.aem4f : BIOS.obj (.text:ti_sysbios_knl_Swi_restoreHwi__E)
                  000097c4    00000004     fatsdraw_pem4f.oem4f (.text:ti_sysbios_heaps_HeapMem_Module_GateProxy_leave__E)
                  000097c8    0000006c     sysbios.aem4f : BIOS.obj (.text:ti_sysbios_knl_Task_exit__E)
                  00009834    0000006c     ti.targets.arm.rtsarm.aem4f : Error.oem4f (.text:xdc_runtime_Error_print__E)
                  000098a0    0000006c                                 : Memory.oem4f (.text:xdc_runtime_Memory_alloc__E)
                  0000990c    0000006a     rtsv7M4_T_le_v4SPD16_eabi.lib : copy_decompress_rle.obj (.text)
                  00009976    00000002     --HOLE-- [fill = 0]
                  00009978    00000068     fatsdraw.obj (.text:hwi_GetGPS_PPS_Fxn)
                  000099e0    00000068     rtsv7M4_T_le_v4SPD16_eabi.lib : trgmsg.obj (.text)
                  00009a48    00000068     sysbios.aem4f : BIOS.obj (.text:ti_sysbios_family_arm_msp432_Seconds_get__E)
                  00009ab0    00000066     ti.targets.arm.rtsarm.aem4f : Core-mem.oem4f (.text:xdc_runtime_Core_deleteObject__I)
                  00009b16    00000064     drivers_MSP432P401R.aem4f : UARTMSP432.oem4f (.text:UARTMSP432_writePolling)
                  00009b7a    00000064     ti.mw.fatfs.aem4f : ff.oem4f (.text:follow_path)
                  00009bde    00000002     --HOLE-- [fill = 0]
                  00009be0    00000064     rtsv7M4_T_le_v4SPD16_eabi.lib : s_frexp.obj (.text)
                  00009c44    00000004     fatsdraw_pem4f.oem4f (.text:ti_sysbios_knl_Clock_TimerProxy_getMaxTicks__E)
                  00009c48    00000064     sysbios.aem4f : BIOS.obj (.text:ti_sysbios_family_arm_m3_Hwi_dispatchC__I)
                  00009cac    00000062     tirtosport.aem4f : HwiP_tirtos.oem4f (.text:HwiP_create)
                  00009d0e    00000002     --HOLE-- [fill = 0]
                  00009d10    00000060     rtsv7M4_T_le_v4SPD16_eabi.lib : sprintf.obj (.text)
                  00009d70    00000060     sysbios.aem4f : BIOS.obj (.text:ti_sysbios_knl_Task_schedule__I)
                  00009dd0    0000005e     ti.mw.fatfs.aem4f : ff.oem4f (.text:remove_chain)
                  00009e2e    00000002     --HOLE-- [fill = 0]
                  00009e30    0000005c     drivers_MSP432P401R.aem4f : GPIOMSP432.oem4f (.text:GPIO_init)
                  00009e8c    0000005c     fatsdraw.obj (.text:hwi_GetSEAScanPPS_Fxn)
                  00009ee8    0000005c     sysbios.aem4f : BIOS.obj (.text:ti_sysbios_knl_Swi_run__I)
                  00009f44    00000004     fatsdraw_pem4f.oem4f (.text:ti_sysbios_knl_Clock_destruct)
                  00009f48    0000005c     sysbios.aem4f : BIOS.obj (.text:ti_sysbios_knl_Swi_schedule__I)
                  00009fa4    00000004     fatsdraw_pem4f.oem4f (.text:ti_sysbios_knl_Queue_destruct)
                  00009fa8    0000005c     sysbios.aem4f : BIOS.obj (.text:ti_sysbios_knl_Task_Module_startup__E)
                  0000a004    00000004     fatsdraw_pem4f.oem4f (.text:ti_sysbios_knl_Semaphore_destruct)
                  0000a008    0000005c     sysbios.aem4f : BIOS.obj (.text:ti_sysbios_knl_Task_startCore__E)
                  0000a064    0000005b     ti.targets.arm.rtsarm.aem4f : Text.oem4f (.text:xdc_runtime_Text_putLab__E)
                  0000a0bf    00000001     --HOLE-- [fill = 0]
                  0000a0c0    0000005a     tirtosport.aem4f : ClockP_tirtos.oem4f (.text:ClockP_create)
                  0000a11a    00000058                      : SemaphoreP_tirtos.oem4f (.text:SemaphoreP_create)
                  0000a172    00000002     --HOLE-- [fill = 0]
                  0000a174    00000058     boot.aem4f : boot.oem4f (.text)
                  0000a1cc    00000058     fatsdraw_pem4f.oem4f (.text:ti_sysbios_family_arm_m3_Hwi_construct)
                  0000a224    00000058     sysbios.aem4f : m3_Hwi_asm_switch.obj (.text:ti_sysbios_family_arm_m3_Hwi_initStacks__E)
                  0000a27c    00000056     ti.mw.fatfs.aem4f : ff.oem4f (.text:dir_read)
                  0000a2d2    00000056     rtsv7M4_T_le_v4SPD16_eabi.lib : ltoa.obj (.text)
                  0000a328    00000054     drivers_MSP432P401R.aem4f : GPIOMSP432.oem4f (.text:GPIO_hwiIntFxn)
                  0000a37c    00000054                               : GPIOMSP432.oem4f (.text:GPIO_setCallback)
                  0000a3d0    00000054     rtsv7M4_T_le_v4SPD16_eabi.lib : exit.obj (.text)
                  0000a424    00000054     drivers_MSP432P401R.aem4f : SDSPIMSP432.oem4f (.text:send_initial_clock_train)
                  0000a478    00000054     ti.mw.fatfs.aem4f : ff.oem4f (.text:sync_window)
                  0000a4cc    00000004     ti.targets.arm.rtsarm.aem4f : Error.oem4f (.text:xdc_runtime_Error_getSite__E)
                  0000a4d0    00000054     sysbios.aem4f : BIOS.obj (.text:ti_sysbios_family_arm_m3_Timer_start__E)
                  0000a524    00000004     fatsdraw_pem4f.oem4f (.text:xdc_runtime_System_Module_GateProxy_enter__E)
                  0000a528    00000054     sysbios.aem4f : BIOS.obj (.text:ti_sysbios_family_arm_msp432_Timer_initDevice__I)
                  0000a57c    00000004     fatsdraw_pem4f.oem4f (.text:xdc_runtime_System_Module_GateProxy_leave__E)
                  0000a580    00000054     sysbios.aem4f : BIOS.obj (.text:ti_sysbios_family_arm_msp432_init_Boot_configureClocksHigh)
                  0000a5d4    00000054     fatsdraw_pem4f.oem4f (.text:ti_sysbios_knl_Task_construct)
                  0000a628    00000054     ti.targets.arm.rtsarm.aem4f : Assert.oem4f (.text:xdc_runtime_Assert_raise__I)
                  0000a67c    00000052     drivers_MSP432P401R.aem4f : UARTMSP432.oem4f (.text:UARTMSP432_writeCancel)
                  0000a6ce    00000002     --HOLE-- [fill = 0]
                  0000a6d0    00000050                               : GPIOMSP432.oem4f (.text:GPIO_write)
                  0000a720    00000050     msp432p4xx_driverlib.lib : pcm.o (.text:PCM_shutdownDevice)
                  0000a770    00000050     power_tirtos_MSP432P401R.aem4f : PowerMSP432_tirtos.oem4f (.text:PowerMSP432_sleepPolicy)
                  0000a7c0    00000050     sysbios.aem4f : BIOS.obj (.text:ti_sysbios_family_arm_m3_Hwi_Module_startup__E)
                  0000a810    00000050     ti.targets.arm.rtsarm.aem4f : Startup.oem4f (.text:xdc_runtime_Startup_exec__E)
                  0000a860    00000050                                 : Text.oem4f (.text:xdc_runtime_Text_visitRope2__I)
                  0000a8b0    0000004c     msp432p4xx_driverlib.lib : gpio.o (.text:GPIO_setAsPeripheralModuleFunctionOutputPin)
                  0000a8fc    0000004c     rtsv7M4_T_le_v4SPD16_eabi.lib : atoi.obj (.text)
                  0000a948    0000004c                                   : cpy_tbl.obj (.text)
                  0000a994    0000004c     fatsdraw_pem4f.oem4f (.text:ti_mw_fatfs_startup)
                  0000a9e0    0000004c     sysbios.aem4f : BIOS.obj (.text:ti_sysbios_family_arm_msp432_Timer_start__E)
                  0000aa2c    00000004     ti.targets.arm.rtsarm.aem4f : System.oem4f (.text:xdc_runtime_System_aprintf_va__F)
                  0000aa30    0000004c     sysbios.aem4f : BIOS.obj (.text:ti_sysbios_heaps_HeapMem_getStats__E)
                  0000aa7c    00000004     ti.targets.arm.rtsarm.aem4f : System.oem4f (.text:xdc_runtime_System_printf_va__F)
                  0000aa80    0000004c     sysbios.aem4f : BIOS.obj (.text:ti_sysbios_knl_Swi_runLoop__I)
                  0000aacc    00000004     --HOLE-- [fill = 0]
                  0000aad0    0000004c                   : BIOS.obj (.text:ti_sysbios_knl_Task_allBlockedFunction__I)
                  0000ab1c    00000048     msp432p4xx_driverlib.lib : gpio.o (.text:GPIO_setAsPeripheralModuleFunctionInputPin)
                  0000ab64    00000048     ti.mw.fatfs.aem4f : ff.oem4f (.text:dir_find)
                  0000abac    00000048     rtsv7M4_T_le_v4SPD16_eabi.lib : fd_toi_t2.obj (.text)
                  0000abf4    00000004     --HOLE-- [fill = 0]
                  0000abf8    00000048     sysbios.aem4f : BIOS.obj (.text:ti_sysbios_family_arm_m3_Hwi_disableInterrupt__E)
                  0000ac40    00000048                   : BIOS.obj (.text:ti_sysbios_family_arm_m3_Hwi_enableInterrupt__E)
                  0000ac88    00000048                   : BIOS.obj (.text:ti_sysbios_family_arm_m3_Hwi_excReserved__I)
                  0000acd0    00000048                   : BIOS.obj (.text:ti_sysbios_family_arm_m3_Timer_initDevice__I)
                  0000ad18    00000048                   : BIOS.obj (.text:ti_sysbios_family_arm_m3_Timer_setPeriod__E)
                  0000ad60    00000046     drivers_MSP432P401R.aem4f : RingBuf.oem4f (.text:RingBuf_put)
                  0000ada6    00000046                               : UARTMSP432.oem4f (.text:readIsrBinaryBlocking)
                  0000adec    00000046     ti.targets.arm.rtsarm.aem4f : Core-params.oem4f (.text:xdc_runtime_Core_assignParams__I)
                  0000ae32    00000044     ti.mw.fatfs.aem4f : ff.oem4f (.text:dir_alloc)
                  0000ae76    00000002     --HOLE-- [fill = 0]
                  0000ae78    00000044     drivers_MSP432P401R.aem4f : SDSPIMSP432.oem4f (.text:initHw)
                  0000aebc    00000004     --HOLE-- [fill = 0]
                  0000aec0    00000044     sysbios.aem4f : BIOS.obj (.text:ti_sysbios_family_arm_m3_Hwi_getStackInfo__E)
                  0000af04    00000004     --HOLE-- [fill = 0]
                  0000af08    00000044                   : BIOS.obj (.text:ti_sysbios_family_arm_msp432_Seconds_Module_startup__E)
                  0000af4c    00000004     --HOLE-- [fill = 0]
                  0000af50    00000044                   : BIOS.obj (.text:ti_sysbios_knl_Swi_post__E)
                  0000af94    00000044     ti.targets.arm.rtsarm.aem4f : Error.oem4f (.text:xdc_runtime_Error_setX__E)
                  0000afd8    00000044                                 : SysMin.oem4f (.text:xdc_runtime_SysMin_flush__E)
                  0000b01c    00000044                                 : Text.oem4f (.text:xdc_runtime_Text_xprintf__I)
                  0000b060    00000042     drivers_MSP432P401R.aem4f : UARTMSP432.oem4f (.text:UARTMSP432_hwiIntFxn)
                  0000b0a2    00000042     fatsdraw.obj (.text:ahex2bin)
                  0000b0e4    00000040     msp432p4xx_driverlib.lib : flash.o (.text:FlashCtl_disableReadBuffering)
                  0000b124    00000040     drivers_MSP432P401R.aem4f : RingBuf.oem4f (.text:RingBuf_get)
                  0000b164    00000040                               : UARTMSP432.oem4f (.text:UARTMSP432_read)
                  0000b1a4    00000040     ti.mw.fatfs.aem4f : ff.oem4f (.text:get_ldnumber)
                  0000b1e4    00000040     drivers_MSP432P401R.aem4f : PowerMSP432.oem4f (.text:notify)
                  0000b224    00000040     rtsv7M4_T_le_v4SPD16_eabi.lib : u_divt2.obj (.text)
                  0000b264    00000004     --HOLE-- [fill = 0]
                  0000b268    00000040     sysbios.aem4f : BIOS.obj (.text:ti_sysbios_family_arm_msp432_Timer_Module_startup__E)
                  0000b2a8    00000040                   : BIOS.obj (.text:ti_sysbios_family_arm_msp432_Timer_startup__E)
                  0000b2e8    00000040                   : BIOS.obj (.text:ti_sysbios_heaps_HeapMem_Instance_init__E)
                  0000b328    0000003c     drivers_MSP432P401R.aem4f : PowerMSP432.oem4f (.text:Power_init)
                  0000b364    00000004     --HOLE-- [fill = 0]
                  0000b368    0000003c     sysbios.aem4f : BIOS.obj (.text:ti_sysbios_family_arm_m3_Hwi_excSvCall__I)
                  0000b3a4    00000004     --HOLE-- [fill = 0]
                  0000b3a8    0000003c                   : BIOS.obj (.text:ti_sysbios_heaps_HeapMem_init__I)
                  0000b3e4    00000004     --HOLE-- [fill = 0]
                  0000b3e8    0000003c                   : BIOS.obj (.text:ti_sysbios_knl_Clock_Instance_init__E)
                  0000b424    00000004     --HOLE-- [fill = 0]
                  0000b428    0000003c                   : BIOS.obj (.text:ti_sysbios_knl_Swi_restore__E)
                  0000b464    0000003a     drivers_MSP432P401R.aem4f : UARTMSP432.oem4f (.text:readIsrBinaryCallback)
                  0000b49e    0000003a     fatsdraw_pem4f.oem4f (.text:ti_mw_fatfs_getFatTime)
                  0000b4d8    00000038     drivers_MSP432P401R.aem4f : SDSPI.oem4f (.text:SDSPI_init)
                  0000b510    00000038                               : UART.oem4f (.text:UART_init)
                  0000b548    00000038     ti.mw.fatfs.aem4f : ff.oem4f (.text:dir_register)
                  0000b580    00000038     drivers_MSP432P401R.aem4f : SDSPIMSP432.oem4f (.text:perfChangeNotifyFxn)
                  0000b5b8    00000038     rtsv7M4_T_le_v4SPD16_eabi.lib : fs_tod_t2.obj (.text)
                  0000b5f0    00000038     sysbios.aem4f : BIOS.obj (.text:ti_sysbios_family_arm_m3_Hwi_excNoIsr__I)
                  0000b628    00000038     ti.targets.arm.rtsarm.aem4f : SysMin.oem4f (.text:xdc_runtime_SysMin_putch__E)
                  0000b660    00000038                                 : System.oem4f (.text:xdc_runtime_System_atexit__E)
                  0000b698    00000036     drivers_MSP432P401R.aem4f : UARTMSP432.oem4f (.text:UARTMSP432_readCancel)
                  0000b6ce    00000036     ti.mw.fatfs.aem4f : ff.oem4f (.text:move_window)
                  0000b704    00000036     drivers_MSP432P401R.aem4f : UARTMSP432.oem4f (.text:perfChangeNotifyFxn)
                  0000b73a    00000002     --HOLE-- [fill = 0]
                  0000b73c    00000034     msp432p4xx_driverlib.lib : flash.o (.text:FlashCtl_enableReadBuffering)
                  0000b770    00000034     ti.mw.fatfs.aem4f : ff.oem4f (.text:dir_remove)
                  0000b7a4    00000034                       : ffcio.oem4f (.text:ffcio_lseek)
                  0000b7d8    00000034     sysbios.aem4f : BIOS.obj (.text:ti_sysbios_family_arm_m3_Hwi_Instance_finalize__E)
                  0000b80c    00000004     --HOLE-- [fill = 0]
                  0000b810    00000034                   : BIOS.obj (.text:ti_sysbios_family_arm_m3_Hwi_excNmi__I)
                  0000b844    00000004     --HOLE-- [fill = 0]
                  0000b848    00000034                   : BIOS.obj (.text:ti_sysbios_family_arm_m3_Timer_periodicStub__I)
                  0000b87c    00000004     --HOLE-- [fill = 0]
                  0000b880    00000034                   : BIOS.obj (.text:ti_sysbios_hal_Hwi_checkStack)
                  0000b8b4    00000034     fatsdraw_pem4f.oem4f (.text:ti_sysbios_knl_Clock_construct)
                  0000b8e8    00000034     ti.mw.fatfs.aem4f : ff.oem4f (.text:validate)
                  0000b91c    00000034     ti.targets.arm.rtsarm.aem4f : Core-label.oem4f (.text:xdc_runtime_Core_assignLabel__I)
                  0000b950    00000033                                 : Text.oem4f (.text:xdc_runtime_Text_printVisFxn__I)
                  0000b983    00000005     --HOLE-- [fill = 0]
                  0000b988    00000032     sysbios.aem4f : BIOS.obj (.text:ti_sysbios_hal_Hwi_initStack)
                  0000b9ba    00000002     --HOLE-- [fill = 0]
                  0000b9bc    00000030     drivers_MSP432P401R.aem4f : GPIOMSP432.oem4f (.text:GPIO_getEnabledInterruptStatus_WA)
                  0000b9ec    00000030     msp432p4xx_driverlib.lib : gpio.o (.text:GPIO_setAsInputPinWithPullDownResistor)
                  0000ba1c    00000030                              : gpio.o (.text:GPIO_setAsInputPinWithPullUpResistor)
                  0000ba4c    00000030     drivers_MSP432P401R.aem4f : GPIOMSP432.oem4f (.text:GPIO_toggle)
                  0000ba7c    00000030                               : SDSPI.oem4f (.text:SDSPI_open)
                  0000baac    00000030                               : UART.oem4f (.text:UART_open)
                  0000badc    00000030     msp432p4xx_driverlib.lib : spi.o (.text:is_A_Module)
                  0000bb0c    00000030     rtsv7M4_T_le_v4SPD16_eabi.lib : strncpy.obj (.text)
                  0000bb3c    00000030     fatsdraw_pem4f.oem4f (.text:ti_sysbios_BIOS_atExitFunc__I)
                  0000bb6c    00000004     --HOLE-- [fill = 0]
                  0000bb70    00000030     sysbios.aem4f : BIOS.obj (.text:ti_sysbios_family_arm_m3_TaskSupport_start__E)
                  0000bba0    00000030                   : BIOS.obj (.text:ti_sysbios_family_arm_msp432_Timer_setPeriod__E)
                  0000bbd0    00000030     fatsdraw_pem4f.oem4f (.text:ti_sysbios_gates_GateHwi_Object__create__S)
                  0000bc00    00000030     fatsdraw_pem4f.oem4f (.text:ti_sysbios_gates_GateMutex_Object__create__S)
                  0000bc30    00000030     sysbios.aem4f : BIOS.obj (.text:ti_sysbios_gates_GateMutex_enter__E)
                  0000bc60    00000030     fatsdraw_pem4f.oem4f (.text:ti_sysbios_heaps_HeapMem_Object__create__S)
                  0000bc90    00000030     fatsdraw_pem4f.oem4f (.text:ti_sysbios_knl_Semaphore_construct)
                  0000bcc0    00000030     sysbios.aem4f : BIOS.obj (.text:ti_sysbios_knl_Semaphore_pendTimeout__I)
                  0000bcf0    00000030                   : BIOS.obj (.text:ti_sysbios_knl_Task_processVitalTaskFlag__I)
                  0000bd20    00000030                   : BIOS.obj (.text:ti_sysbios_knl_Task_unblockI__E)
                  0000bd50    00000030     ti.targets.arm.rtsarm.aem4f : SysMin.oem4f (.text:xdc_runtime_SysMin_abort__E)
                  0000bd80    00000030                                 : System.oem4f (.text:xdc_runtime_System_processAtExit__E)
                  0000bdb0    0000002e     rtsv7M4_T_le_v4SPD16_eabi.lib : i_tofd_t2.obj (.text)
                  0000bdde    00000002     --HOLE-- [fill = 0]
                  0000bde0    0000002c     msp432p4xx_driverlib.lib : gpio.o (.text:GPIO_setAsInputPin)
                  0000be0c    0000002c                              : pcm.o (.text:PCM_getCoreVoltageLevel)
                  0000be38    0000002c     power_tirtos_MSP432P401R.aem4f : PowerMSP432_tirtos.oem4f (.text:PowerMSP432_updateFreqs)
                  0000be64    0000002c     drivers_MSP432P401R.aem4f : PowerMSP432.oem4f (.text:Power_releaseConstraint)
                  0000be90    0000002c                               : PowerMSP432.oem4f (.text:Power_setConstraint)
                  0000bebc    0000002c     ti.mw.fatfs.aem4f : diskio.oem4f (.text:disk_register)
                  0000bee8    0000002c     fatsdraw_pem4f.oem4f (.text:ti_sysbios_BIOS_startFunc__I)
                  0000bf14    0000002c     fatsdraw_pem4f.oem4f (.text:ti_sysbios_knl_Clock_doTick__I)
                  0000bf40    0000002c     fatsdraw_pem4f.oem4f (.text:ti_sysbios_knl_Queue_construct)
                  0000bf6c    00000004     --HOLE-- [fill = 0]
                  0000bf70    0000002c     sysbios.aem4f : BIOS.obj (.text:ti_sysbios_knl_Task_restore__E)
                  0000bf9c    0000002c     ti.targets.arm.rtsarm.aem4f : Text.oem4f (.text:xdc_runtime_Text_cordText__E)
                  0000bfc8    0000002a     msp432p4xx_driverlib.lib : pcm.o (.text:PCM_getPowerMode)
                  0000bff2    0000002a     drivers_MSP432P401R.aem4f : UARTMSP432.oem4f (.text:findBaudDividerIndex)
                  0000c01c    0000002a     ti.targets.arm.rtsarm.aem4f : System.oem4f (.text:xdc_runtime_System_putchar__I)
                  0000c046    00000002     --HOLE-- [fill = 0]
                  0000c048    00000028     msp432p4xx_driverlib.lib : flash.o (.text:FlashCtl_setWaitState)
                  0000c070    00000028     drivers_MSP432P401R.aem4f : GPIOMSP432.oem4f (.text:GPIO_enableInt)
                  0000c098    00000028     msp432p4xx_driverlib.lib : pcm.o (.text:PCM_gotoLPM0)
                  0000c0c0    00000028     ti.mw.fatfs.aem4f : diskio.oem4f (.text:disk_unregister)
                  0000c0e8    00000028     sysbios.aem4f : BIOS.obj (.text:ti_sysbios_knl_Clock_addI__E)
                  0000c110    00000028                   : BIOS.obj (.text:ti_sysbios_knl_Swi_Module_startup__E)
                  0000c138    00000026     drivers_MSP432P401R.aem4f : List.oem4f (.text:List_put)
                  0000c15e    00000026     msp432p4xx_driverlib.lib : spi.o (.text:SPI_changeMasterClock)
                  0000c184    00000026     rtsv7M4_T_le_v4SPD16_eabi.lib : strncmp.obj (.text)
                  0000c1aa    00000026     sysbios.aem4f : m3_Hwi_asm.obj (.text:ti_sysbios_family_arm_m3_Hwi_pendSV__I)
                  0000c1d0    00000026     ti.targets.arm.rtsarm.aem4f : System.oem4f (.text:xdc_runtime_System_avprintf__E)
                  0000c1f6    00000002     --HOLE-- [fill = 0]
                  0000c1f8    00000024     msp432p4xx_driverlib.lib : cs.o (.text:CS_setDCOCenteredFrequency)
                  0000c21c    00000024                              : gpio.o (.text:GPIO_setAsOutputPin)
                  0000c240    00000024                              : rtc_c.o (.text:RTC_C_holdClock)
                  0000c264    00000024                              : rtc_c.o (.text:RTC_C_startClock)
                  0000c288    00000024                              : uart.o (.text:UART_disableInterrupt)
                  0000c2ac    00000024                              : uart.o (.text:UART_receiveData)
                  0000c2d0    00000024                              : uart.o (.text:UART_transmitData)
                  0000c2f4    00000024     ti.mw.fatfs.aem4f : diskio.oem4f (.text:disk_ioctl)
                  0000c318    00000024                       : diskio.oem4f (.text:disk_read)
                  0000c33c    00000024                       : ff.oem4f (.text:f_close)
                  0000c360    00000024                       : ffcio.oem4f (.text:ffcio_close)
                  0000c384    00000024     fatsdraw_pem4f.oem4f (.text:ti_sysbios_BIOS_errorRaiseHook__I)
                  0000c3a8    00000024     fatsdraw_pem4f.oem4f (.text:ti_sysbios_BIOS_registerRTSLock__I)
                  0000c3cc    00000024     fatsdraw_pem4f.oem4f (.text:ti_sysbios_BIOS_removeRTSLock__I)
                  0000c3f0    00000024     sysbios.aem4f : BIOS.obj (.text:ti_sysbios_family_arm_m3_Timer_Module_startup__E)
                  0000c414    00000004     --HOLE-- [fill = 0]
                  0000c418    00000024                   : BIOS.obj (.text:ti_sysbios_family_arm_m3_Timer_postInit__I)
                  0000c43c    00000004     --HOLE-- [fill = 0]
                  0000c440    00000024                   : BIOS.obj (.text:ti_sysbios_family_arm_m3_Timer_startup__E)
                  0000c464    00000004     --HOLE-- [fill = 0]
                  0000c468    00000024                   : BIOS.obj (.text:ti_sysbios_family_arm_msp432_ClockFreqs_setFrequency__E)
                  0000c48c    00000004     --HOLE-- [fill = 0]
                  0000c490    00000024                   : BIOS.obj (.text:ti_sysbios_family_arm_msp432_Timer_postInit__I)
                  0000c4b4    00000024     fatsdraw_pem4f.oem4f (.text:ti_sysbios_gates_GateMutex_Object__delete__S)
                  0000c4d8    00000024     sysbios.aem4f : BIOS.obj (.text:ti_sysbios_knl_Clock_Module_startup__E)
                  0000c4fc    00000004     --HOLE-- [fill = 0]
                  0000c500    00000024                   : BIOS.obj (.text:ti_sysbios_knl_Clock_start__E)
                  0000c524    00000004     --HOLE-- [fill = 0]
                  0000c528    00000024                   : BIOS.obj (.text:ti_sysbios_knl_Semaphore_Instance_init__E)
                  0000c54c    00000004     --HOLE-- [fill = 0]
                  0000c550    00000024                   : BIOS.obj (.text:ti_sysbios_knl_Task_restoreHwi__E)
                  0000c574    00000024     ti.targets.arm.rtsarm.aem4f : System.oem4f (.text:xdc_runtime_System_vprintf__E)
                  0000c598    00000022     fatsdraw_pem4f.oem4f (.text:xdc_runtime_SysMin_output__I)
                  0000c5ba    00000002     --HOLE-- [fill = 0]
                  0000c5bc    00000020     msp432p4xx_driverlib.lib : gpio.o (.text:GPIO_interruptEdgeSelect)
                  0000c5dc    00000020     drivers_MSP432P401R.aem4f : PowerMSP432.oem4f (.text:PowerMSP432_getFreqs)
                  0000c5fc    00000020                               : PowerMSP432.oem4f (.text:Power_idleFunc)
                  0000c61c    00000020                               : PowerMSP432.oem4f (.text:Power_unregisterNotify)
                  0000c63c    00000020     msp432p4xx_driverlib.lib : spi.o (.text:SPI_getInterruptStatus)
                  0000c65c    00000020                              : spi.o (.text:SPI_transmitData)
                  0000c67c    00000020     ti.mw.fatfs.aem4f : diskio.oem4f (.text:disk_write)
                  0000c69c    00000020                       : ffcio.oem4f (.text:ffcio_read)
                  0000c6bc    00000020                       : ffcio.oem4f (.text:ffcio_write)
                  0000c6dc    00000020     rtsv7M4_T_le_v4SPD16_eabi.lib : u_tofd_t2.obj (.text)
                  0000c6fc    00000020     fatsdraw_pem4f.oem4f (.text:ti_sysbios_BIOS_rtsLock__I)
                  0000c71c    00000020     sysbios.aem4f : m3_Hwi_asm.obj (.text:ti_sysbios_family_arm_m3_Hwi_excHandlerAsm__I)
                  0000c73c    00000004     --HOLE-- [fill = 0]
                  0000c740    00000020                   : BIOS.obj (.text:ti_sysbios_family_arm_m3_Hwi_excHandler__I)
                  0000c760    00000020                   : BIOS.obj (.text:ti_sysbios_family_arm_m3_TimestampProvider_Module_startup__E)
                  0000c780    00000020     fatsdraw_pem4f.oem4f (.text:ti_sysbios_gates_GateHwi_Object__delete__S)
                  0000c7a0    00000020     fatsdraw_pem4f.oem4f (.text:ti_sysbios_heaps_HeapMem_Object__delete__S)
                  0000c7c0    00000020     fatsdraw_pem4f.oem4f (.text:ti_sysbios_knl_Clock_Object__destruct__S)
                  0000c7e0    00000020     sysbios.aem4f : BIOS.obj (.text:ti_sysbios_knl_Idle_run__E)
                  0000c800    00000020     fatsdraw_pem4f.oem4f (.text:ti_sysbios_knl_Semaphore_Object__destruct__S)
                  0000c820    00000020     ti.targets.arm.rtsarm.aem4f : Registry.oem4f (.text:xdc_runtime_Registry_findById__E)
                  0000c840    00000020                                 : SysMin.oem4f (.text:xdc_runtime_SysMin_Module_startup__E)
                  0000c860    0000001e     ti.mw.fatfs.aem4f : ff.oem4f (.text:ld_clust)
                  0000c87e    0000001e     sysbios.aem4f : m3_Hwi_asm_switch.obj (.text:ti_sysbios_family_xxx_Hwi_switchAndRunFunc)
                  0000c89c    0000001c     MSP_EXP432P401R.obj (.text:MSP_EXP432P401R_initUART)
                  0000c8b8    0000001c     drivers_MSP432P401R.aem4f : PowerMSP432.oem4f (.text:Power_registerNotify)
                  0000c8d4    0000001c     ti.mw.fatfs.aem4f : diskio.oem4f (.text:disk_initialize)
                  0000c8f0    0000001c                       : diskio.oem4f (.text:disk_status)
                  0000c90c    0000001c                       : ff.oem4f (.text:mem_cmp)
                  0000c928    0000001c     rtsv7M4_T_le_v4SPD16_eabi.lib : memccpy.obj (.text)
                  0000c944    0000001c     fatsdraw_pem4f.oem4f (.text:ti_sysbios_family_arm_m3_Hwi_Object__destruct__S)
                  0000c960    0000001c     sysbios.aem4f : BIOS.obj (.text:ti_sysbios_family_arm_m3_Timer_stop__E)
                  0000c97c    00000004     --HOLE-- [fill = 0]
                  0000c980    0000001c                   : BIOS.obj (.text:ti_sysbios_gates_GateMutex_Instance_init__E)
                  0000c99c    00000004     --HOLE-- [fill = 0]
                  0000c9a0    0000001c                   : BIOS.obj (.text:ti_sysbios_knl_Clock_Instance_finalize__E)
                  0000c9bc    0000001c     fatsdraw_pem4f.oem4f (.text:ti_sysbios_knl_Queue_Object__destruct__S)
                  0000c9d8    0000001c     sysbios.aem4f : BIOS.obj (.text:ti_sysbios_knl_Queue_put__E)
                  0000c9f4    00000004     --HOLE-- [fill = 0]
                  0000c9f8    0000001c                   : BIOS.obj (.text:ti_sysbios_knl_Task_enter__I)
                  0000ca14    0000001c     ti.targets.arm.rtsarm.aem4f : Error.oem4f (.text:xdc_runtime_Error_raiseX__E)
                  0000ca30    0000001c                                 : Memory.oem4f (.text:xdc_runtime_Memory_valloc__E)
                  0000ca4c    0000001c                                 : SysMin.oem4f (.text:xdc_runtime_SysMin_exit__E)
                  0000ca68    0000001c                                 : System.oem4f (.text:xdc_runtime_System_abort__E)
                  0000ca84    0000001a     drivers_MSP432P401R.aem4f : List.oem4f (.text:List_remove)
                  0000ca9e    0000001a     msp432p4xx_driverlib.lib : spi.o (.text:SPI_disableModule)
                  0000cab8    0000001a                              : spi.o (.text:SPI_enableModule)
                  0000cad2    0000001a                              : spi.o (.text:SPI_receiveData)
                  0000caec    0000001a     fatsdraw_pem4f.oem4f (.text:ti_sysbios_family_arm_m3_Hwi_Handle__label__S)
                  0000cb06    0000001a     fatsdraw_pem4f.oem4f (.text:ti_sysbios_gates_GateHwi_Handle__label__S)
                  0000cb20    0000001a     fatsdraw_pem4f.oem4f (.text:ti_sysbios_gates_GateMutex_Handle__label__S)
                  0000cb3a    0000001a     fatsdraw_pem4f.oem4f (.text:ti_sysbios_heaps_HeapMem_Handle__label__S)
                  0000cb54    0000001a     fatsdraw_pem4f.oem4f (.text:ti_sysbios_knl_Swi_Handle__label__S)
                  0000cb6e    0000001a     fatsdraw_pem4f.oem4f (.text:ti_sysbios_knl_Task_Handle__label__S)
                  0000cb88    0000001a     ti.mw.fatfs.aem4f : ff.oem4f (.text:unlock_fs)
                  0000cba2    0000001a     fatsdraw_pem4f.oem4f (.text:xdc_runtime_System_aprintf__E)
                  0000cbbc    0000001a     fatsdraw_pem4f.oem4f (.text:xdc_runtime_System_printf__E)
                  0000cbd6    00000018     msp432p4xx_driverlib.lib : spi.o (.text:EUSCI_A_SPI_masterChangeClock)
                  0000cbee    00000018                              : spi.o (.text:EUSCI_B_SPI_masterChangeClock)
                  0000cc06    00000002     --HOLE-- [fill = 0]
                  0000cc08    00000018                              : gpio.o (.text:GPIO_clearInterruptFlag)
                  0000cc20    00000018                              : gpio.o (.text:GPIO_getInputPinValue)
                  0000cc38    00000018                              : gpio.o (.text:GPIO_setDriveStrengthLow)
                  0000cc50    00000018                              : gpio.o (.text:GPIO_setOutputLowOnPin)
                  0000cc68    00000018     drivers_MSP432P401R.aem4f : UART.oem4f (.text:UART_Params_init)
                  0000cc80    00000018     msp432p4xx_driverlib.lib : wdt_a.o (.text:WDT_A_holdTimer)
                  0000cc98    00000018     ti.mw.fatfs.aem4f : ff.oem4f (.text:clust2sect)
                  0000ccb0    00000018                       : ffosal.oem4f (.text:ff_cre_syncobj)
                  0000ccc8    00000018     rtsv7M4_T_le_v4SPD16_eabi.lib : args_main.obj (.text)
                  0000cce0    00000018                                   : ll_mul_t2.obj (.text)
                  0000ccf8    00000018                                   : strcmp.obj (.text)
                  0000cd10    00000018                                   : strrchr.obj (.text)
                  0000cd28    00000018     fatsdraw_pem4f.oem4f (.text:ti_sysbios_BIOS_rtsUnlock__I)
                  0000cd40    00000018     fatsdraw_pem4f.oem4f (.text:ti_sysbios_family_arm_m3_Hwi_Module__startupDone__F)
                  0000cd58    00000018     sysbios.aem4f : m3_TaskSupport_asm.obj (.text:ti_sysbios_family_arm_m3_TaskSupport_swap__E)
                  0000cd70    00000018     fatsdraw_pem4f.oem4f (.text:ti_sysbios_family_arm_msp432_Timer_Module__startupDone__F)
                  0000cd88    00000018     sysbios.aem4f : BIOS.obj (.text:ti_sysbios_gates_GateMutex_leave__E)
                  0000cda0    00000018                   : BIOS.obj (.text:ti_sysbios_knl_Task_sleepTimeout__I)
                  0000cdb8    00000018     fatsdraw_pem4f.oem4f (.text:time)
                  0000cdd0    00000018     ti.targets.arm.rtsarm.aem4f : Error.oem4f (.text:xdc_runtime_Error_check__E)
                  0000cde8    00000018                                 : System.oem4f (.text:xdc_runtime_System_exit__E)
                  0000ce00    00000018                                 : Text.oem4f (.text:xdc_runtime_Text_ropeText__E)
                  0000ce18    00000016     tirtosport.aem4f : ClockP_tirtos.oem4f (.text:ClockP_delete)
                  0000ce2e    00000016                      : HwiP_tirtos.oem4f (.text:HwiP_delete)
                  0000ce44    00000016                      : SemaphoreP_tirtos.oem4f (.text:SemaphoreP_delete)
                  0000ce5a    00000016     msp432p4xx_driverlib.lib : uart.o (.text:UART_enableInterrupt)
                  0000ce70    00000016     ti.mw.fatfs.aem4f : ff.oem4f (.text:mem_cpy)
                  0000ce86    00000016     rtsv7M4_T_le_v4SPD16_eabi.lib : strchr.obj (.text)
                  0000ce9c    00000016     fatsdraw_pem4f.oem4f (.text:ti_sysbios_BIOS_exitFunc__I)
                  0000ceb2    00000016     fatsdraw.obj (.text:ti_sysbios_knl_Task_Params_init)
                  0000cec8    00000016     sysbios.aem4f : BIOS.obj (.text:ti_sysbios_knl_Task_unblock__E)
                  0000cede    00000002     --HOLE-- [fill = 0]
                  0000cee0    00000014     msp432p4xx_driverlib.lib : gpio.o (.text:GPIO_enableInterrupt)
                  0000cef4    00000014     drivers_MSP432P401R.aem4f : GPIOMSP432.oem4f (.text:GPIO_read)
                  0000cf08    00000014     msp432p4xx_driverlib.lib : gpio.o (.text:GPIO_setDriveStrengthHigh)
                  0000cf1c    00000014                              : gpio.o (.text:GPIO_setOutputHighOnPin)
                  0000cf30    00000014                              : gpio.o (.text:GPIO_toggleOutputOnPin)
                  0000cf44    00000014                              : wdt_a.o (.text:WDT_A_startTimer)
                  0000cf58    00000014     ti.mw.fatfs.aem4f : ffosal.oem4f (.text:ff_req_grant)
                  0000cf6c    00000014                       : ff.oem4f (.text:mem_set)
                  0000cf80    00000014     rtsv7M4_T_le_v4SPD16_eabi.lib : _lock.obj (.text)
                  0000cf94    00000014                                   : s_copysign.obj (.text)
                  0000cfa8    00000014                                   : strcpy.obj (.text)
                  0000cfbc    00000014                                   : strlen.obj (.text)
                  0000cfd0    00000014     fatsdraw_pem4f.oem4f (.text:ti_sysbios_family_arm_m3_Hwi_Object__get__S)
                  0000cfe4    00000004     --HOLE-- [fill = 0]
                  0000cfe8    00000014     sysbios.aem4f : BIOS.obj (.text:ti_sysbios_family_arm_m3_Hwi_switchFromBootStack__E)
                  0000cffc    00000014     fatsdraw_pem4f.oem4f (.text:ti_sysbios_heaps_HeapMem_Object__get__S)
                  0000d010    00000014     fatsdraw_pem4f.oem4f (.text:ti_sysbios_knl_Swi_Object__get__S)
                  0000d024    00000012     tirtosport.aem4f : ClockP_tirtos.oem4f (.text:ClockP_start)
                  0000d036    00000012     drivers_MSP432P401R.aem4f : RingBuf.oem4f (.text:RingBuf_construct)
                  0000d048    00000012                               : SDSPIMSP432.oem4f (.text:SDSPIMSP432_init)
                  0000d05a    00000012     tirtosport.aem4f : SemaphoreP_tirtos.oem4f (.text:SemaphoreP_pend)
                  0000d06c    00000012     ti.mw.fatfs.aem4f : ff.oem4f (.text:chk_chr)
                  0000d07e    00000012                       : ffcio.oem4f (.text:ffcio_rename)
                  0000d090    00000012                       : ffcio.oem4f (.text:ffcio_unlink)
                  0000d0a2    00000006     msp432p4xx_driverlib.lib : spi.o (.text:EUSCI_A_SPI_receiveData)
                  0000d0a8    00000012     sysbios.aem4f : BIOS.obj (.text:ti_sysbios_hal_Hwi_Module_startup__E)
                  0000d0ba    00000012     fatsdraw_pem4f.oem4f (.text:xdc_runtime_Startup_exec__I)
                  0000d0cc    00000010     msp432p4xx_driverlib.lib : gpio.o (.text:GPIO_getInterruptStatus)
                  0000d0dc    00000010                              : pcm.o (.text:PCM_gotoLPM4)
                  0000d0ec    00000010     drivers_MSP432P401R.aem4f : SDSPIMSP432.oem4f (.text:SDSPIMSP432_diskStatus)
                  0000d0fc    00000010                               : SDSPI.oem4f (.text:SDSPI_Params_init)
                  0000d10c    00000010                               : UARTMSP432.oem4f (.text:readBlockingTimeout)
                  0000d11c    00000010     ti.mw.fatfs.aem4f : ff.oem4f (.text:st_clust)
                  0000d12c    00000004     --HOLE-- [fill = 0]
                  0000d130    00000010     sysbios.aem4f : BIOS.obj (.text:ti_sysbios_BIOS_exit__E)
                  0000d140    00000010                   : BIOS.obj (.text:ti_sysbios_BIOS_setCpuFreq__E)
                  0000d150    00000010                   : BIOS.obj (.text:ti_sysbios_BIOS_setThreadType__E)
                  0000d160    00000010                   : BIOS.obj (.text:ti_sysbios_BIOS_start__E)
                  0000d170    00000010                   : m3_TaskSupport_asm.obj (.text:ti_sysbios_family_arm_m3_TaskSupport_glue)
                  0000d180    00000010                   : BIOS.obj (.text:ti_sysbios_family_arm_msp432_init_Boot_disableWatchdog)
                  0000d190    00000010                   : BIOS.obj (.text:ti_sysbios_gates_GateMutex_Instance_finalize__E)
                  0000d1a0    00000010                   : BIOS.obj (.text:ti_sysbios_knl_Semaphore_Instance_finalize__E)
                  0000d1b0    00000010                   : BIOS.obj (.text:ti_sysbios_knl_Swi_disable__E)
                  0000d1c0    00000010     fatsdraw_pem4f.oem4f (.text:ti_sysbios_knl_Task_Object__get__S)
                  0000d1d0    00000010     sysbios.aem4f : BIOS.obj (.text:ti_sysbios_knl_Task_disable__E)
                  0000d1e0    00000010     ti.targets.arm.rtsarm.aem4f : Gate.oem4f (.text:xdc_runtime_Gate_leaveSystem__E)
                  0000d1f0    00000010                                 : Memory.oem4f (.text:xdc_runtime_Memory_free__E)
                  0000d200    00000010                                 : SysMin.oem4f (.text:xdc_runtime_SysMin_ready__E)
                  0000d210    00000010                                 : System.oem4f (.text:xdc_runtime_System_vsnprintf__E)
                  0000d220    00000010     fatsdraw_pem4f.oem4f (.text:xdc_runtime_Text_visitRope__I)
                  0000d230    0000000e     tirtosport.aem4f : HwiP_tirtos.oem4f (.text:HwiP_Params_init)
                  0000d23e    0000000e     msp432p4xx_driverlib.lib : uart.o (.text:UART_clearInterruptFlag)
                  0000d24c    0000000e     rtsv7M4_T_le_v4SPD16_eabi.lib : copy_decompress_none.obj (.text:decompress:none)
                  0000d25a    00000006     msp432p4xx_driverlib.lib : spi.o (.text:EUSCI_B_SPI_receiveData)
                  0000d260    0000000e     sysbios.aem4f : BIOS.obj (.text:ti_sysbios_knl_Idle_loop__E)
                  0000d26e    00000002     --HOLE-- [fill = 0]
                  0000d270    0000000e                   : BIOS.obj (.text:ti_sysbios_knl_Queue_empty__E)
                  0000d27e    0000000c     fatsdraw_pem4f.oem4f (.text:.bootCodeSection:ti_sysbios_family_arm_msp432_init_Boot_init__I)
                  0000d28a    0000000c     msp432p4xx_driverlib.lib : cpu.o (.text:CPU_cpsid)
                  0000d296    0000000c                              : cpu.o (.text:CPU_cpsie)
                  0000d2a2    00000002     --HOLE-- [fill = 0]
                  0000d2a4    0000000c     tirtosport.aem4f : ClockP_tirtos.oem4f (.text:ClockP_getSystemTickPeriod)
                  0000d2b0    0000000c     msp432p4xx_driverlib.lib : spi.o (.text:EUSCI_A_SPI_disable)
                  0000d2bc    0000000c                              : spi.o (.text:EUSCI_A_SPI_enable)
                  0000d2c8    0000000c                              : spi.o (.text:EUSCI_B_SPI_disable)
                  0000d2d4    0000000c                              : spi.o (.text:EUSCI_B_SPI_enable)
                  0000d2e0    0000000c                              : pcm.o (.text:PCM_getPowerState)
                  0000d2ec    0000000c     drivers_MSP432P401R.aem4f : PowerMSP432.oem4f (.text:Power_getConstraintMask)
                  0000d2f8    0000000c                               : PowerMSP432.oem4f (.text:Power_getPerformanceLevel)
                  0000d304    0000000c                               : RingBuf.oem4f (.text:RingBuf_peek)
                  0000d310    0000000c                               : UARTMSP432.oem4f (.text:UARTMSP432_init)
                  0000d31c    0000000c     msp432p4xx_driverlib.lib : uart.o (.text:UART_disableModule)
                  0000d328    0000000c                              : uart.o (.text:UART_enableModule)
                  0000d334    0000000c     fatsdraw_pem4f.oem4f (.text:ti_sysbios_family_arm_m3_Hwi_Params__init__S)
                  0000d340    0000000c     sysbios.aem4f : BIOS.obj (.text:ti_sysbios_family_arm_m3_Hwi_disableFxn__E)
                  0000d34c    00000004     --HOLE-- [fill = 0]
                  0000d350    0000000c                   : BIOS.obj (.text:ti_sysbios_family_arm_m3_TaskSupport_checkStack__E)
                  0000d35c    00000004     --HOLE-- [fill = 0]
                  0000d360    0000000c                   : BIOS.obj (.text:ti_sysbios_family_arm_m3_TaskSupport_getStackAlignment__E)
                  0000d36c    00000004     --HOLE-- [fill = 0]
                  0000d370    0000000c                   : BIOS.obj (.text:ti_sysbios_family_arm_m3_TimestampProvider_startTimer__E)
                  0000d37c    00000004     --HOLE-- [fill = 0]
                  0000d380    0000000c                   : BIOS.obj (.text:ti_sysbios_family_arm_msp432_Timer_getMaxTicks__E)
                  0000d38c    00000004     --HOLE-- [fill = 0]
                  0000d390    0000000c                   : BIOS.obj (.text:ti_sysbios_gates_GateHwi_enter__E)
                  0000d39c    0000000c     fatsdraw_pem4f.oem4f (.text:ti_sysbios_knl_Clock_Params__init__S)
                  0000d3a8    0000000c     sysbios.aem4f : BIOS.obj (.text:ti_sysbios_knl_Clock_getTicks__E)
                  0000d3b4    0000000c     fatsdraw_pem4f.oem4f (.text:ti_sysbios_knl_Queue_Object__get__S)
                  0000d3c0    0000000c     fatsdraw_pem4f.oem4f (.text:ti_sysbios_knl_Semaphore_Params__init__S)
                  0000d3cc    0000000c     fatsdraw_pem4f.oem4f (.text:ti_sysbios_knl_Task_Params__init__S)
                  0000d3d8    0000000c     ti.targets.arm.rtsarm.aem4f : Error.oem4f (.text:xdc_runtime_Error_init__E)
                  0000d3e4    0000000c                                 : Gate.oem4f (.text:xdc_runtime_Gate_enterSystem__E)
                  0000d3f0    0000000c                                 : Memory.oem4f (.text:xdc_runtime_Memory_calloc__E)
                  0000d3fc    0000000c                                 : Memory.oem4f (.text:xdc_runtime_Memory_getMaxDefaultTypeAlign__E)
                  0000d408    0000000a     tirtosport.aem4f : ClockP_tirtos.oem4f (.text:ClockP_stop)
                  0000d412    0000000a     drivers_MSP432P401R.aem4f : SDSPI.oem4f (.text:SDSPI_close)
                  0000d41c    0000000a     tirtosport.aem4f : SemaphoreP_tirtos.oem4f (.text:SemaphoreP_post)
                  0000d426    0000000a     drivers_MSP432P401R.aem4f : UART.oem4f (.text:UART_read)
                  0000d430    0000000a                               : UART.oem4f (.text:UART_write)
                  0000d43a    0000000a     ti.mw.fatfs.aem4f : ffosal.oem4f (.text:ff_del_syncobj)
                  0000d444    0000000a     fatsdraw_pem4f.oem4f (.text:xdc_runtime_IHeap_alloc)
                  0000d44e    0000000a     fatsdraw_pem4f.oem4f (.text:xdc_runtime_IHeap_free)
                  0000d458    00000008     tirtosport.aem4f : ClockP_tirtos.oem4f (.text:ClockP_Params_init)
                  0000d460    00000008     msp432p4xx_driverlib.lib : spi.o (.text:EUSCI_A_SPI_getInterruptStatus)
                  0000d468    00000008                              : spi.o (.text:EUSCI_B_SPI_getInterruptStatus)
                  0000d470    00000008     MSP_EXP432P401R.obj (.text:MSP_EXP432P401R_initGPIO)
                  0000d478    00000008     MSP_EXP432P401R.obj (.text:MSP_EXP432P401R_initGeneral)
                  0000d480    00000008     MSP_EXP432P401R.obj (.text:MSP_EXP432P401R_initSDSPI)
                  0000d488    00000008     msp432p4xx_driverlib.lib : pcm.o (.text:PCM_setPowerMode)
                  0000d490    00000008                              : pcm.o (.text:PCM_setPowerState)
                  0000d498    00000008     tirtosport.aem4f : SemaphoreP_tirtos.oem4f (.text:SemaphoreP_Params_init)
                  0000d4a0    00000008     drivers_MSP432P401R.aem4f : UARTMSP432.oem4f (.text:readSemCallback)
                  0000d4a8    00000008     sysbios.aem4f : BIOS.obj (.text:ti_sysbios_family_arm_m3_Hwi_doSwiRestore__I)
                  0000d4b0    00000008                   : BIOS.obj (.text:ti_sysbios_family_arm_m3_Hwi_startup__E)
                  0000d4b8    00000008     drivers_MSP432P401R.aem4f : UARTMSP432.oem4f (.text:writeSemCallback)
                  0000d4c0    00000006                               : SDSPIMSP432.oem4f (.text:SDSPIMSP432_control)
                  0000d4c6    00000006     msp432p4xx_driverlib.lib : uart.o (.text:UART_getInterruptStatus)
                  0000d4cc    00000006                              : uart.o (.text:UART_queryStatusFlags)
                  0000d4d2    00000006     rtsv7M4_T_le_v4SPD16_eabi.lib : copy_decompress_rle.obj (.text:decompress:rle24)
                  0000d4d8    00000006     ti.mw.fatfs.aem4f : ff.oem4f (.text:lock_fs)
                  0000d4de    00000002     --HOLE-- [fill = 0]
                  0000d4e0    00000006     sysbios.aem4f : BIOS.obj (.text:ti_sysbios_family_arm_m3_Hwi_doTaskRestore__I)
                  0000d4e6    00000002     --HOLE-- [fill = 0]
                  0000d4e8    00000006                   : BIOS.obj (.text:ti_sysbios_family_arm_m3_Hwi_restoreFxn__E)
                  0000d4ee    00000002     --HOLE-- [fill = 0]
                  0000d4f0    00000006                   : BIOS.obj (.text:ti_sysbios_gates_GateHwi_leave__E)
                  0000d4f6    00000002     --HOLE-- [fill = 0]
                  0000d4f8    00000006                   : BIOS.obj (.text:ti_sysbios_heaps_HeapMem_isBlocking__E)
                  0000d4fe    00000002     --HOLE-- [fill = 0]
                  0000d500    00000006                   : BIOS.obj (.text:ti_sysbios_knl_Clock_stop__E)
                  0000d506    00000002     --HOLE-- [fill = 0]
                  0000d508    00000006                   : BIOS.obj (.text:ti_sysbios_knl_Queue_Instance_init__E)
                  0000d50e    00000002     --HOLE-- [fill = 0]
                  0000d510    00000006                   : BIOS.obj (.text:ti_sysbios_knl_Swi_startup__E)
                  0000d516    00000006     ti.targets.arm.rtsarm.aem4f : System.oem4f (.text:xdc_runtime_System_Module_startup__E)
                  0000d51c    00000004     --HOLE-- [fill = 0]
                  0000d520    00000004     sysbios.aem4f : BIOS.obj (.text:ti_sysbios_gates_GateHwi_query__E)
                  0000d524    00000004     --HOLE-- [fill = 0]
                  0000d528    00000004                   : BIOS.obj (.text:ti_sysbios_gates_GateMutex_query__E)
                  0000d52c    00000004     --HOLE-- [fill = 0]
                  0000d530    00000004                   : BIOS.obj (.text:ti_sysbios_knl_Clock_setTimeout__E)
                  0000d534    00000004     --HOLE-- [fill = 0]
                  0000d538    00000004                   : BIOS.obj (.text:ti_sysbios_knl_Task_startup__E)
                  0000d53c    00000004     --HOLE-- [fill = 0]
                  0000d540    00000002                   : BIOS.obj (.text:ti_sysbios_family_arm_m3_TimestampProvider_rolloverFunc__E)
                  0000d542    00000006     --HOLE-- [fill = 0]
                  0000d548    00000002                   : BIOS.obj (.text:ti_sysbios_gates_GateHwi_Instance_init__E)
                  0000d54a    00000006     --HOLE-- [fill = 0]
                  0000d550    00000002                   : BIOS.obj (.text:ti_sysbios_knl_Clock_logTick__E)

.const     0    0000d558    00002112     
                  0000d558    000017b3     fatsdraw_pem4f.oem4f (.const:xdc_runtime_Text_charTab__A)
                  0000ed0b    00000101     rtsv7M4_T_le_v4SPD16_eabi.lib : ctype.obj (.const:.string:_ctypes_)
                  0000ee0c    000000c4     fatsdraw_pem4f.oem4f (.const:xdc_runtime_Text_nodeTab__A)
                  0000eed0    00000098     rtsv7M4_T_le_v4SPD16_eabi.lib : strtod.obj (.const:$O1$$)
                  0000ef68    00000070     MSP_EXP432P401R.obj (.const:uartMSP432Baudrates)
                  0000efd8    00000060     rtsv7M4_T_le_v4SPD16_eabi.lib : mktime.obj (.const:$O1$$)
                  0000f038    00000048     fatsdraw_pem4f.oem4f (.const:.string)
                  0000f080    00000048     MSP_EXP432P401R.obj (.const:uartMSP432HWAttrs)
                  0000f0c8    0000003c     fatsdraw_pem4f.oem4f (.const:ti_sysbios_knl_Task_Object__PARAMS__C)
                  0000f104    00000030     hp_time_po.obj (.const:$P$T0$1)
                  0000f134    00000030     fatsdraw_pem4f.oem4f (.const:ti_sysbios_family_arm_m3_Hwi_Object__PARAMS__C)
                  0000f164    0000002c     fatsdraw_pem4f.oem4f (.const:xdc_runtime_Startup_sfxnTab__A)
                  0000f190    00000028     drivers_MSP432P401R.aem4f : UARTMSP432.oem4f (.const:UARTMSP432_fxnTable)
                  0000f1b8    00000028     fatsdraw_pem4f.oem4f (.const:ti_sysbios_heaps_HeapMem_Module__FXNS__C)
                  0000f1e0    00000024     MSP_EXP432P401R.obj (.const:UART_config)
                  0000f204    00000024     drivers_MSP432P401R.aem4f : UART.oem4f (.const:UART_defaultParams)
                  0000f228    00000024                               : UARTMSP432.oem4f (.const)
                  0000f24c    00000024     fatsdraw_pem4f.oem4f (.const:ti_sysbios_gates_GateHwi_Module__FXNS__C)
                  0000f270    00000024     fatsdraw_pem4f.oem4f (.const:ti_sysbios_gates_GateMutex_Module__FXNS__C)
                  0000f294    00000024     fatsdraw_pem4f.oem4f (.const:ti_sysbios_heaps_HeapMem_Object__PARAMS__C)
                  0000f2b8    00000024     fatsdraw_pem4f.oem4f (.const:ti_sysbios_knl_Clock_Object__PARAMS__C)
                  0000f2dc    00000024     fatsdraw_pem4f.oem4f (.const:ti_sysbios_knl_Semaphore_Object__PARAMS__C)
                  0000f300    00000020     fatsdraw_pem4f.oem4f (.const:ti_sysbios_family_arm_m3_Hwi_Object__DESC__C)
                  0000f320    00000020     fatsdraw_pem4f.oem4f (.const:ti_sysbios_gates_GateHwi_Object__DESC__C)
                  0000f340    00000020     fatsdraw_pem4f.oem4f (.const:ti_sysbios_gates_GateMutex_Object__DESC__C)
                  0000f360    00000020     fatsdraw_pem4f.oem4f (.const:ti_sysbios_heaps_HeapMem_Object__DESC__C)
                  0000f380    00000020     fatsdraw_pem4f.oem4f (.const:ti_sysbios_knl_Clock_Object__DESC__C)
                  0000f3a0    00000020     fatsdraw_pem4f.oem4f (.const:ti_sysbios_knl_Queue_Object__DESC__C)
                  0000f3c0    00000020     fatsdraw_pem4f.oem4f (.const:ti_sysbios_knl_Semaphore_Object__DESC__C)
                  0000f3e0    00000020     fatsdraw_pem4f.oem4f (.const:ti_sysbios_knl_Task_Object__DESC__C)
                  0000f400    00000018     MSP_EXP432P401R.obj (.const:SDSPI_config)
                  0000f418    00000018     fatsdraw_pem4f.oem4f (.const:ti_sysbios_gates_GateHwi_Object__PARAMS__C)
                  0000f430    00000018     fatsdraw_pem4f.oem4f (.const:ti_sysbios_gates_GateMutex_Object__PARAMS__C)
                  0000f448    00000018     fatsdraw_pem4f.oem4f (.const:ti_sysbios_knl_Queue_Object__PARAMS__C)
                  0000f460    00000016     fatsdraw_pem4f.oem4f (.const:xdc_runtime_Startup_sfxnRts__A)
                  0000f476    00000002     fatsdraw_pem4f.oem4f (.const:ti_sysbios_family_arm_m3_Hwi_Module__id__C)
                  0000f478    00000014     MSP_EXP432P401R.obj (.const:GPIOMSP432_config)
                  0000f48c    00000014     MSP_EXP432P401R.obj (.const:sdspiMSP432HWAttrs)
                  0000f4a0    00000010     rtsv7M4_T_le_v4SPD16_eabi.lib : _scanfi.obj (.const:$O1$$)
                  0000f4b0    00000010     MSP_EXP432P401R.obj (.const:PowerMSP432_config)
                  0000f4c0    00000010     drivers_MSP432P401R.aem4f : SDSPIMSP432.oem4f (.const)
                  0000f4d0    0000000c                               : GPIOMSP432.oem4f (.const:.string)
                  0000f4dc    0000000c     fatsdraw_pem4f.oem4f (.const:xdc_runtime_Startup_firstFxns__A)
                  0000f4e8    00000008     drivers_MSP432P401R.aem4f : SDSPI.oem4f (.const)
                  0000f4f0    00000008     fatsdraw_pem4f.oem4f (.const:ti_sysbios_family_arm_m3_Hwi_excHookFuncs__A)
                  0000f4f8    00000008     fatsdraw_pem4f.oem4f (.const:ti_sysbios_knl_Idle_funcList__A)
                  0000f500    00000008     fatsdraw_pem4f.oem4f (.const:ti_sysbios_knl_Idle_funcList__C)
                  0000f508    00000008     fatsdraw_pem4f.oem4f (.const:xdc_runtime_Startup_firstFxns__C)
                  0000f510    00000008     fatsdraw_pem4f.oem4f (.const:xdc_runtime_Startup_lastFxns__C)
                  0000f518    00000005     drivers_MSP432P401R.aem4f : UARTMSP432.oem4f (.const:.string)
                  0000f51d    00000001     fatsdraw_pem4f.oem4f (.const:xdc_runtime_Error_policy__C)
                  0000f51e    00000002     fatsdraw_pem4f.oem4f (.const:ti_sysbios_family_arm_m3_Timer_Module__id__C)
                  0000f520    00000004     fatsdraw_pem4f.oem4f (.const:ti_sysbios_family_arm_m3_Hwi_E_NMI__C)
                  0000f524    00000004     fatsdraw_pem4f.oem4f (.const:ti_sysbios_family_arm_m3_Hwi_E_alreadyDefined__C)
                  0000f528    00000004     fatsdraw_pem4f.oem4f (.const:ti_sysbios_family_arm_m3_Hwi_E_busFault__C)
                  0000f52c    00000004     fatsdraw_pem4f.oem4f (.const:ti_sysbios_family_arm_m3_Hwi_E_debugMon__C)
                  0000f530    00000004     fatsdraw_pem4f.oem4f (.const:ti_sysbios_family_arm_m3_Hwi_E_hardFault__C)
                  0000f534    00000004     fatsdraw_pem4f.oem4f (.const:ti_sysbios_family_arm_m3_Hwi_E_memFault__C)
                  0000f538    00000004     fatsdraw_pem4f.oem4f (.const:ti_sysbios_family_arm_m3_Hwi_E_noIsr__C)
                  0000f53c    00000004     fatsdraw_pem4f.oem4f (.const:ti_sysbios_family_arm_m3_Hwi_E_reserved__C)
                  0000f540    00000004     fatsdraw_pem4f.oem4f (.const:ti_sysbios_family_arm_m3_Hwi_E_svCall__C)
                  0000f544    00000004     fatsdraw_pem4f.oem4f (.const:ti_sysbios_family_arm_m3_Hwi_E_usageFault__C)
                  0000f548    00000004     fatsdraw_pem4f.oem4f (.const:ti_sysbios_family_arm_m3_Hwi_NUM_INTERRUPTS__C)
                  0000f54c    00000004     fatsdraw_pem4f.oem4f (.const:ti_sysbios_family_arm_m3_Hwi_Object__count__C)
                  0000f550    00000004     fatsdraw_pem4f.oem4f (.const:ti_sysbios_family_arm_m3_Hwi_ccr__C)
                  0000f554    00000004     fatsdraw_pem4f.oem4f (.const:ti_sysbios_family_arm_m3_Hwi_excHandlerFunc__C)
                  0000f558    00000004     fatsdraw_pem4f.oem4f (.const:ti_sysbios_family_arm_m3_Hwi_excHookFuncs__C)
                  0000f55c    00000004     fatsdraw_pem4f.oem4f (.const:ti_sysbios_family_arm_m3_Hwi_nullIsrFunc__C)
                  0000f560    00000004     fatsdraw_pem4f.oem4f (.const:ti_sysbios_family_arm_m3_Hwi_priGroup__C)
                  0000f564    00000004     fatsdraw_pem4f.oem4f (.const:ti_sysbios_family_arm_m3_TaskSupport_stackAlignment__C)
                  0000f568    00000004     fatsdraw_pem4f.oem4f (.const:ti_sysbios_family_arm_m3_Timer_E_cannotSupport__C)
                  0000f56c    00000004     fatsdraw_pem4f.oem4f (.const:ti_sysbios_family_arm_m3_Timer_startupNeeded__C)
                  0000f570    00000004     fatsdraw_pem4f.oem4f (.const:ti_sysbios_family_arm_msp432_Timer_numTimerDevices__C)
                  0000f574    00000004     fatsdraw_pem4f.oem4f (.const:ti_sysbios_family_arm_msp432_Timer_startupNeeded__C)
                  0000f578    00000004     fatsdraw_pem4f.oem4f (.const:ti_sysbios_gates_GateMutex_Instance_State_sem__O)
                  0000f57c    00000004     fatsdraw_pem4f.oem4f (.const:ti_sysbios_hal_Hwi_E_stackOverflow__C)
                  0000f580    00000004     fatsdraw_pem4f.oem4f (.const:ti_sysbios_heaps_HeapMem_E_memory__C)
                  0000f584    00000004     fatsdraw_pem4f.oem4f (.const:ti_sysbios_heaps_HeapMem_Module__gateObj__C)
                  0000f588    00000004     fatsdraw_pem4f.oem4f (.const:ti_sysbios_heaps_HeapMem_Object__count__C)
                  0000f58c    00000004     fatsdraw_pem4f.oem4f (.const:ti_sysbios_heaps_HeapMem_reqAlign__C)
                  0000f590    00000004     fatsdraw_pem4f.oem4f (.const:ti_sysbios_knl_Clock_Module_State_clockQ__O)
                  0000f594    00000004     fatsdraw_pem4f.oem4f (.const:ti_sysbios_knl_Clock_tickPeriod__C)
                  0000f598    00000004     fatsdraw_pem4f.oem4f (.const:ti_sysbios_knl_Semaphore_Instance_State_pendQ__O)
                  0000f59c    00000004     fatsdraw_pem4f.oem4f (.const:ti_sysbios_knl_Swi_Object__count__C)
                  0000f5a0    00000004     fatsdraw_pem4f.oem4f (.const:ti_sysbios_knl_Task_E_spOutOfBounds__C)
                  0000f5a4    00000004     fatsdraw_pem4f.oem4f (.const:ti_sysbios_knl_Task_E_stackOverflow__C)
                  0000f5a8    00000004     fatsdraw_pem4f.oem4f (.const:ti_sysbios_knl_Task_Module_State_inactiveQ__O)
                  0000f5ac    00000004     fatsdraw_pem4f.oem4f (.const:ti_sysbios_knl_Task_Object__count__C)
                  0000f5b0    00000004     fatsdraw_pem4f.oem4f (.const:ti_sysbios_knl_Task_allBlockedFunc__C)
                  0000f5b4    00000004     fatsdraw_pem4f.oem4f (.const:ti_sysbios_knl_Task_defaultStackHeap__C)
                  0000f5b8    00000004     fatsdraw_pem4f.oem4f (.const:ti_sysbios_knl_Task_defaultStackSize__C)
                  0000f5bc    00000004     fatsdraw_pem4f.oem4f (.const:ti_sysbios_knl_Task_numConstructedTasks__C)
                  0000f5c0    00000004     fatsdraw_pem4f.oem4f (.const:xdc_runtime_Assert_E_assertFailed__C)
                  0000f5c4    00000004     fatsdraw_pem4f.oem4f (.const:xdc_runtime_Core_A_initializedParams__C)
                  0000f5c8    00000004     fatsdraw_pem4f.oem4f (.const:xdc_runtime_Core_Module__diagsEnabled__C)
                  0000f5cc    00000004     fatsdraw_pem4f.oem4f (.const:xdc_runtime_Core_Module__diagsIncluded__C)
                  0000f5d0    00000004     fatsdraw_pem4f.oem4f (.const:xdc_runtime_Core_Module__diagsMask__C)
                  0000f5d4    00000004     fatsdraw_pem4f.oem4f (.const:xdc_runtime_Error_E_memory__C)
                  0000f5d8    00000004     fatsdraw_pem4f.oem4f (.const:xdc_runtime_Error_Module__diagsEnabled__C)
                  0000f5dc    00000004     fatsdraw_pem4f.oem4f (.const:xdc_runtime_Error_Module__diagsIncluded__C)
                  0000f5e0    00000004     fatsdraw_pem4f.oem4f (.const:xdc_runtime_Error_Module__diagsMask__C)
                  0000f5e4    00000004     fatsdraw_pem4f.oem4f (.const:xdc_runtime_Error_Module__loggerFxn8__C)
                  0000f5e8    00000004     fatsdraw_pem4f.oem4f (.const:xdc_runtime_Error_Module__loggerObj__C)
                  0000f5ec    00000004     fatsdraw_pem4f.oem4f (.const:xdc_runtime_Error_policyFxn__C)
                  0000f5f0    00000004     fatsdraw_pem4f.oem4f (.const:xdc_runtime_Error_raiseHook__C)
                  0000f5f4    00000004     fatsdraw_pem4f.oem4f (.const:xdc_runtime_IGateProvider_Interface__BASE__C)
                  0000f5f8    00000004     fatsdraw_pem4f.oem4f (.const:xdc_runtime_IHeap_Interface__BASE__C)
                  0000f5fc    00000004     fatsdraw_pem4f.oem4f (.const:xdc_runtime_IModule_Interface__BASE__C)
                  0000f600    00000004     fatsdraw_pem4f.oem4f (.const:xdc_runtime_Log_L_error__C)
                  0000f604    00000004     fatsdraw_pem4f.oem4f (.const:xdc_runtime_Memory_defaultHeapInstance__C)
                  0000f608    00000004     fatsdraw_pem4f.oem4f (.const:xdc_runtime_Startup_execImpl__C)
                  0000f60c    00000004     fatsdraw_pem4f.oem4f (.const:xdc_runtime_Startup_lastFxns__A)
                  0000f610    00000004     fatsdraw_pem4f.oem4f (.const:xdc_runtime_Startup_maxPasses__C)
                  0000f614    00000004     fatsdraw_pem4f.oem4f (.const:xdc_runtime_Startup_sfxnRts__C)
                  0000f618    00000004     fatsdraw_pem4f.oem4f (.const:xdc_runtime_Startup_sfxnTab__C)
                  0000f61c    00000004     fatsdraw_pem4f.oem4f (.const:xdc_runtime_SysMin_bufSize__C)
                  0000f620    00000004     fatsdraw_pem4f.oem4f (.const:xdc_runtime_SysMin_outputFunc__C)
                  0000f624    00000004     fatsdraw_pem4f.oem4f (.const:xdc_runtime_System_Module__gateObj__C)
                  0000f628    00000004     fatsdraw_pem4f.oem4f (.const:xdc_runtime_System_abortFxn__C)
                  0000f62c    00000004     fatsdraw_pem4f.oem4f (.const:xdc_runtime_System_exitFxn__C)
                  0000f630    00000004     fatsdraw_pem4f.oem4f (.const:xdc_runtime_System_extendFxn__C)
                  0000f634    00000004     fatsdraw_pem4f.oem4f (.const:xdc_runtime_System_maxAtexitHandlers__C)
                  0000f638    00000004     fatsdraw_pem4f.oem4f (.const:xdc_runtime_Text_charTab__C)
                  0000f63c    00000004     fatsdraw_pem4f.oem4f (.const:xdc_runtime_Text_nameEmpty__C)
                  0000f640    00000004     fatsdraw_pem4f.oem4f (.const:xdc_runtime_Text_nameStatic__C)
                  0000f644    00000004     fatsdraw_pem4f.oem4f (.const:xdc_runtime_Text_nameUnknown__C)
                  0000f648    00000004     fatsdraw_pem4f.oem4f (.const:xdc_runtime_Text_nodeTab__C)
                  0000f64c    00000004     fatsdraw_pem4f.oem4f (.const:xdc_runtime_Text_visitRopeFxn__C)
                  0000f650    00000002     fatsdraw_pem4f.oem4f (.const:ti_sysbios_family_arm_m3_TimestampProvider_configTimer__C)
                  0000f652    00000002     fatsdraw_pem4f.oem4f (.const:ti_sysbios_hal_Hwi_Module__id__C)
[...]
0000d471  MSP_EXP432P401R_initGPIO                                    
0000d479  MSP_EXP432P401R_initGeneral                                 
0000d481  MSP_EXP432P401R_initSDSPI                                   
0000d489  PCM_setPowerMode                                            
0000d491  PCM_setPowerState                                           
0000d499  SemaphoreP_Params_init                                      
0000d4a9  ti_sysbios_family_arm_m3_Hwi_doSwiRestore__I                
0000d4b1  ti_sysbios_family_arm_m3_Hwi_startup__E                     
0000d4b1  ti_sysbios_hal_Hwi_HwiProxy_startup__E                      
0000d4c1  SDSPIMSP432_control                                         
0000d4c7  UART_getInterruptStatus                                     
0000d4cd  UART_queryStatusFlags                                       
0000d4d3  __TI_decompress_rle24                                       
0000d4e1  ti_sysbios_family_arm_m3_Hwi_doTaskRestore__I               
0000d4e9  HwiP_restore                                                
0000d4e9  ti_sysbios_family_arm_m3_Hwi_restoreFxn__E                  
0000d4e9  ti_sysbios_hal_Hwi_HwiProxy_restore__E                      
0000d4f1  ti_sysbios_gates_GateHwi_leave__E                           
0000d4f9  ti_sysbios_heaps_HeapMem_isBlocking__E                      
0000d501  ti_sysbios_knl_Clock_stop__E                                
0000d509  ti_sysbios_knl_Queue_Instance_init__E                       
0000d511  ti_sysbios_knl_Swi_startup__E                               
0000d517  xdc_runtime_System_Module_startup__E                        
0000d521  ti_sysbios_gates_GateHwi_query__E                           
0000d521  xdc_runtime_Main_Module_GateProxy_query__E                  
0000d521  xdc_runtime_System_Module_GateProxy_query__E                
0000d529  ti_sysbios_BIOS_RtsGateProxy_query__E                       
0000d529  ti_sysbios_gates_GateMutex_query__E                         
0000d529  ti_sysbios_heaps_HeapMem_Module_GateProxy_query__E          
0000d531  ti_sysbios_knl_Clock_setTimeout__E                          
0000d539  ti_sysbios_knl_Task_startup__E                              
0000d541  ti_sysbios_family_arm_m3_TimestampProvider_rolloverFunc__E  
0000d549  ti_sysbios_gates_GateHwi_Instance_init__E                   
0000d551  ti_sysbios_knl_Clock_logTick__E                             
0000d558  xdc_runtime_Text_charTab__A                                 
0000ed0b  _ctypes_                                                    
0000ee0c  xdc_runtime_Text_nodeTab__A                                 
0000ef68  uartMSP432Baudrates                                         
0000f080  uartMSP432HWAttrs                                           
0000f0c8  ti_sysbios_knl_Task_Object__PARAMS__C                       
0000f134  ti_sysbios_family_arm_m3_Hwi_Object__PARAMS__C              
0000f164  xdc_runtime_Startup_sfxnTab__A                              
0000f190  UARTMSP432_fxnTable                                         
0000f1b8  ti_sysbios_heaps_HeapMem_Module__FXNS__C                    
0000f1e0  UART_config                                                 
0000f204  UART_defaultParams                                          
0000f24c  ti_sysbios_gates_GateHwi_Module__FXNS__C                    
0000f270  ti_sysbios_gates_GateMutex_Module__FXNS__C                  
0000f294  ti_sysbios_heaps_HeapMem_Object__PARAMS__C                  
0000f2b8  ti_sysbios_knl_Clock_Object__PARAMS__C                      
0000f2dc  ti_sysbios_knl_Semaphore_Object__PARAMS__C                  
0000f300  ti_sysbios_family_arm_m3_Hwi_Object__DESC__C                
0000f320  ti_sysbios_gates_GateHwi_Object__DESC__C                    
0000f340  ti_sysbios_gates_GateMutex_Object__DESC__C                  
0000f360  ti_sysbios_heaps_HeapMem_Object__DESC__C                    
0000f380  ti_sysbios_knl_Clock_Object__DESC__C                        
0000f3a0  ti_sysbios_knl_Queue_Object__DESC__C                        
0000f3c0  ti_sysbios_knl_Semaphore_Object__DESC__C                    
0000f3e0  ti_sysbios_knl_Task_Object__DESC__C                         
0000f400  SDSPI_config                                                
0000f418  ti_sysbios_gates_GateHwi_Object__PARAMS__C                  
0000f430  ti_sysbios_gates_GateMutex_Object__PARAMS__C                
0000f448  ti_sysbios_knl_Queue_Object__PARAMS__C                      
0000f460  xdc_runtime_Startup_sfxnRts__A                              
0000f476  ti_sysbios_family_arm_m3_Hwi_Module__id__C                  
0000f478  GPIOMSP432_config                                           
0000f48c  sdspiMSP432HWAttrs                                          
0000f4b0  PowerMSP432_config                                          
0000f4c0  SDSPIMSP432_fxnTable                                        
0000f4dc  xdc_runtime_Startup_firstFxns__A                            
0000f4e8  SDSPI_defaultParams                                         
0000f4f0  ti_sysbios_family_arm_m3_Hwi_excHookFuncs__A                
0000f4f8  ti_sysbios_knl_Idle_funcList__A                             
0000f500  ti_sysbios_knl_Idle_funcList__C                             
0000f508  xdc_runtime_Startup_firstFxns__C                            
0000f510  xdc_runtime_Startup_lastFxns__C                             
0000f51d  xdc_runtime_Error_policy__C                                 
0000f51e  ti_sysbios_family_arm_m3_Timer_Module__id__C                
0000f520  ti_sysbios_family_arm_m3_Hwi_E_NMI__C                       
0000f524  ti_sysbios_family_arm_m3_Hwi_E_alreadyDefined__C            
0000f528  ti_sysbios_family_arm_m3_Hwi_E_busFault__C                  
0000f52c  ti_sysbios_family_arm_m3_Hwi_E_debugMon__C                  
0000f530  ti_sysbios_family_arm_m3_Hwi_E_hardFault__C                 
0000f534  ti_sysbios_family_arm_m3_Hwi_E_memFault__C                  
0000f538  ti_sysbios_family_arm_m3_Hwi_E_noIsr__C                     
0000f53c  ti_sysbios_family_arm_m3_Hwi_E_reserved__C                  
0000f540  ti_sysbios_family_arm_m3_Hwi_E_svCall__C                    
0000f544  ti_sysbios_family_arm_m3_Hwi_E_usageFault__C                
0000f548  ti_sysbios_family_arm_m3_Hwi_NUM_INTERRUPTS__C              
0000f54c  ti_sysbios_family_arm_m3_Hwi_Object__count__C               
0000f550  ti_sysbios_family_arm_m3_Hwi_ccr__C                         
0000f554  ti_sysbios_family_arm_m3_Hwi_excHandlerFunc__C              
0000f558  ti_sysbios_family_arm_m3_Hwi_excHookFuncs__C                
0000f55c  ti_sysbios_family_arm_m3_Hwi_nullIsrFunc__C                 
0000f560  ti_sysbios_family_arm_m3_Hwi_priGroup__C                    
0000f564  ti_sysbios_family_arm_m3_TaskSupport_stackAlignment__C      
0000f568  ti_sysbios_family_arm_m3_Timer_E_cannotSupport__C           
0000f56c  ti_sysbios_family_arm_m3_Timer_startupNeeded__C             
0000f570  ti_sysbios_family_arm_msp432_Timer_numTimerDevices__C       
0000f574  ti_sysbios_family_arm_msp432_Timer_startupNeeded__C         
0000f578  ti_sysbios_gates_GateMutex_Instance_State_sem__O            
0000f57c  ti_sysbios_hal_Hwi_E_stackOverflow__C                       
0000f580  ti_sysbios_heaps_HeapMem_E_memory__C                        
0000f584  ti_sysbios_heaps_HeapMem_Module__gateObj__C                 
0000f588  ti_sysbios_heaps_HeapMem_Object__count__C                   
0000f58c  ti_sysbios_heaps_HeapMem_reqAlign__C                        
0000f590  ti_sysbios_knl_Clock_Module_State_clockQ__O                 
0000f594  ti_sysbios_knl_Clock_tickPeriod__C                          
0000f598  ti_sysbios_knl_Semaphore_Instance_State_pendQ__O            
0000f59c  ti_sysbios_knl_Swi_Object__count__C                         
0000f5a0  ti_sysbios_knl_Task_E_spOutOfBounds__C                      
0000f5a4  ti_sysbios_knl_Task_E_stackOverflow__C                      
0000f5a8  ti_sysbios_knl_Task_Module_State_inactiveQ__O               
0000f5ac  ti_sysbios_knl_Task_Object__count__C                        
0000f5b0  ti_sysbios_knl_Task_allBlockedFunc__C                       
0000f5b4  ti_sysbios_knl_Task_defaultStackHeap__C                     
0000f5b8  ti_sysbios_knl_Task_defaultStackSize__C                     
0000f5bc  ti_sysbios_knl_Task_numConstructedTasks__C                  
0000f5c0  xdc_runtime_Assert_E_assertFailed__C                        
0000f5c4  xdc_runtime_Core_A_initializedParams__C                     
0000f5c8  xdc_runtime_Core_Module__diagsEnabled__C                    
0000f5cc  xdc_runtime_Core_Module__diagsIncluded__C                   
0000f5d0  xdc_runtime_Core_Module__diagsMask__C                       
0000f5d4  xdc_runtime_Error_E_memory__C                               
0000f5d8  xdc_runtime_Error_Module__diagsEnabled__C                   
0000f5dc  xdc_runtime_Error_Module__diagsIncluded__C                  
0000f5e0  xdc_runtime_Error_Module__diagsMask__C                      
0000f5e4  xdc_runtime_Error_Module__loggerFxn8__C                     
0000f5e8  xdc_runtime_Error_Module__loggerObj__C                      
0000f5ec  xdc_runtime_Error_policyFxn__C                              
0000f5f0  xdc_runtime_Error_raiseHook__C                              
0000f5f4  xdc_runtime_IGateProvider_Interface__BASE__C                
0000f5f8  xdc_runtime_IHeap_Interface__BASE__C                        
0000f5fc  xdc_runtime_IModule_Interface__BASE__C                      
0000f600  xdc_runtime_Log_L_error__C                                  
0000f604  xdc_runtime_Memory_defaultHeapInstance__C                   
0000f608  xdc_runtime_Startup_execImpl__C                             
0000f60c  xdc_runtime_Startup_lastFxns__A                             
0000f610  xdc_runtime_Startup_maxPasses__C                            
0000f614  xdc_runtime_Startup_sfxnRts__C                              
0000f618  xdc_runtime_Startup_sfxnTab__C                              
0000f61c  xdc_runtime_SysMin_bufSize__C                               
0000f620  xdc_runtime_SysMin_outputFunc__C                            
0000f624  xdc_runtime_System_Module__gateObj__C                       
0000f628  xdc_runtime_System_abortFxn__C                              
0000f62c  xdc_runtime_System_exitFxn__C                               
0000f630  xdc_runtime_System_extendFxn__C                             
0000f634  xdc_runtime_System_maxAtexitHandlers__C                     
0000f638  xdc_runtime_Text_charTab__C                                 
0000f63c  xdc_runtime_Text_nameEmpty__C                               
0000f640  xdc_runtime_Text_nameStatic__C                              
0000f644  xdc_runtime_Text_nameUnknown__C                             
0000f648  xdc_runtime_Text_nodeTab__C                                 
0000f64c  xdc_runtime_Text_visitRopeFxn__C                            
0000f650  ti_sysbios_family_arm_m3_TimestampProvider_configTimer__C   
0000f652  ti_sysbios_hal_Hwi_Module__id__C                            
0000f654  ti_sysbios_heaps_HeapMem_Module__id__C                      
0000f656  ti_sysbios_knl_Task_Module__id__C                           
0000f658  xdc_runtime_Core_Module__id__C                              
0000f65a  xdc_runtime_Error_Module__loggerDefined__C                  
0000f65c  xdc_runtime_Error_maxDepth__C                               
0000f65e  xdc_runtime_Memory_Module__id__C                            
0000f660  xdc_runtime_SysMin_flushAtExit__C                           
0000f662  xdc_runtime_Text_charCnt__C                                 
0000f664  xdc_runtime_Text_isLoaded__C                                
0000f666  xdc_runtime_Text_registryModsLastId__C                      
0000f668  xdc_runtime_Text_unnamedModsLastId__C                       
0000f670  __TI_static_base__                                          
0000fb4c  __TI_Handler_Table_Base                                     
0000fb54  __TI_CINIT_Base                                             
0000fb54  __TI_Handler_Table_Limit                                    
0000fb6c  __TI_CINIT_Limit                                            
20000000  ti_sysbios_family_arm_m3_Hwi_ramVectors                     
20000140  ti_sysbios_heaps_HeapMem_Instance_State_0_buf__A            
20001140  data_buffer                                                 
20001f50  textarray                                                   
20002d60  Uart_taskStack                                              
20003964  WriteSD_taskStack                                           
20004164  xdc_runtime_SysMin_Module_State_0_outbuf__A                 
20004564  sdspiMSP432Objects                                          
200047b8  src                                                         
200049dc  curValue                                                    
200049e0  ti_sysbios_knl_Task_Instance_State_0_stack__A               
20004be0  ti_sysbios_family_arm_m3_Hwi_dispatchTable                  
20004d20  __CIOBUF_                                                   
20004e40  uartMSP432Objects                                           
20004f40  printbuffer                                                 
20005044  Uart_taskStruct                                             
20005094  WriteSD_taskStruct                                          
200050e4  uartMSP432RingBuffer                                        
2000517c  inputfile                                                   
200051ac  print_ads1281_data                                          
200051bc  print_ads1281_value                                         
200051e4  one_sec_ticks                                               
200051e8  time_offset_first                                           
200051f0  time_offset_now                                             
200051f8  seaScan_PPS_ticks                                           
200052d0  PowerMSP432_perfLevels                                      
2000536c  ti_sysbios_knl_Swi_Module_State_0_readyQ__A                 
200053ec  ti_sysbios_knl_Task_Module_State_0_readyQ__A                
20005470  outPUT_mms                                                  
20005478  NOW_Time                                                    
20005480  ads1281_data1                                               
20005484  ads1281_data2                                               
20005488  ads1281_data3                                               
2000548c  ads1281_data4                                               
20005490  ads1281_value                                               
20005494  get_print                                                   
20005498  fatfs_write_Time                                            
200054a0  fileSize                                                    
200054a4  adc_counter                                                 
200054a8  start_loggering                                             
200054ac  databuuer_is_Full                                           
200054b0  first_GPS_string                                            
200054b4  first_GPS_pps                                               
200054b8  gps_time                                                    
200054c0  gps_time2                                                   
200054c8  avg_c                                                       
200054cc  delay_c                                                     
20005528  ti_sysbios_family_arm_msp432_Timer_Object__table__V         
20005574  ti_sysbios_knl_Task_Object__table__V                        
200055c0  ti_sysbios_knl_Task_Module__state__V                        
20005604  gpioPinConfigs                                              
20005640  ti_sysbios_gates_GateMutex_Object__table__V                 
20005678  ti_sysbios_family_arm_m3_Hwi_Module__state__V               
2000570c  ti_sysbios_family_arm_m3_Hwi_Object__table__V               
2000573c  ti_sysbios_family_arm_m3_Timer_Object__table__V             
2000576c  ti_sysbios_knl_Swi_Object__table__V                         
2000579c  ti_sysbios_knl_Clock_Module__state__V                       
200057c8  PowerMSP432_module                                          
20005810  ti_sysbios_BIOS_Module__state__V                            
20005834  ti_sysbios_family_arm_msp432_Timer_Module_State_0_device__A 
20005854  ti_sysbios_knl_Swi_Module__state__V                         
20005870  GPS_Time_String                                             
2000588c  ti_sysbios_heaps_HeapMem_Object__table__V                   
200058a4  _tz                                                         
200058b4  gpioCallbackFunctions                                       
200058c4  ti_sysbios_family_arm_msp432_Timer_Module_State_0_handles__A
200058d4  __TI_cleanup_ptr                                            
200058d8  __TI_dtors_ptr                                              
200058dc  __TI_enable_exit_profile_output                             
200058e0  ti_sysbios_family_arm_m3_Timer_Module__state__V             
200058ec  ti_sysbios_family_arm_msp432_ClockFreqs_Module__state__V    
200058f8  ti_sysbios_family_arm_msp432_Timer_Module__state__V         
20005904  xdc_runtime_SysMin_Module__state__V                         
20005910  _lock                                                       
20005914  _unlock                                                     
20005918  ti_sysbios_family_arm_m3_Hwi_Module__root__V                
20005920  ti_sysbios_gates_GateHwi_Module__root__V                    
20005928  ti_sysbios_gates_GateMutex_Module__root__V                  
20005930  ti_sysbios_heaps_HeapMem_Module__root__V                    
20005938  ti_sysbios_knl_Clock_Module__root__V                        
20005940  ti_sysbios_knl_Queue_Module__root__V                        
20005948  ti_sysbios_knl_Semaphore_Module__root__V                    
20005950  ti_sysbios_knl_Task_Module__root__V                         
20005958  xdc_runtime_Registry_Module__state__V                       
20005960  xdc_runtime_Startup_Module__state__V                        
20005968  xdc_runtime_System_Module_State_0_atexitHandlers__A         
20005970  xdc_runtime_System_Module__state__V                         
20005980  errno                                                       
20005984  main_func_sp                                                
2000598c  ti_sysbios_family_arm_m3_Hwi_Module_State_0_excContext__A   
20005990  ti_sysbios_family_arm_m3_Hwi_Module_State_0_excStack__A     
20005994  ti_sysbios_family_arm_m3_TimestampProvider_Module__state__V 
20005998  ti_sysbios_gates_GateHwi_Object__table__V                   
2000599c  ti_sysbios_knl_Task_Module_State_0_idleTask__A              
200059a0  xdc_runtime_Memory_Module__state__V                         
200059a4  ti_sysbios_family_arm_m3_Hwi_Module_State_0_excActive__A    
200059a6  xdc_runtime_Error_Module__state__V                          
2000fd00  __stack                                                     
20010000  __STACK_END                                                 
4000480c  WDTCTL_SYM                                                  
e000e000  ti_sysbios_family_arm_m3_Hwi_nvic                           
ffffffff  __TI_pprof_out_hndl                                         
ffffffff  __TI_prof_data_size                                         
ffffffff  __TI_prof_data_start                                        
ffffffff  __binit__                                                   
ffffffff  __c_args__                                                  
ffffffff  binit                                                       
UNDEFED   SHT$$INIT_ARRAY$$Base                                       
UNDEFED   SHT$$INIT_ARRAY$$Limit                                      

[842 symbols]
